[0;34mBuilding in Debug mode...[0m
[0;34mBuilding Orange...[0m
[0;32mCompiling CUDA kernel...[0m
[0;32mCompiling ImGui and dependencies...[0m
[0;34mCompiling imgui.cpp...[0m
[0;34mCompiling imgui_demo.cpp...[0m
[0;34mCompiling imgui_draw.cpp...[0m
[0;34mCompiling imgui_tables.cpp...[0m
[0;34mCompiling imgui_widgets.cpp...[0m
[0;34mCompiling imgui_impl_glfw.cpp...[0m
[0;34mCompiling imgui_impl_opengl3.cpp...[0m
[0;34mCompiling implot.cpp...[0m
In file included from third_party/implot/implot.cpp:130:
third_party/implot/implot_internal.h: In function ‘int ImPlot::Formatter_Default(double, char*, int, void*)’:
third_party/implot/implot_internal.h:1636:26: warning: format not a string literal, argument types not checked [-Wformat-nonliteral]
 1636 |     return ImFormatString(buff, size, fmt, value);
      |            ~~~~~~~~~~~~~~^~~~~~~~~~~~~~~~~~~~~~~~
[0;34mCompiling implot_items.cpp...[0m
In file included from third_party/implot/implot_items.cpp:27:
third_party/implot/implot_internal.h: In function ‘int ImPlot::Formatter_Default(double, char*, int, void*)’:
third_party/implot/implot_internal.h:1636:26: warning: format not a string literal, argument types not checked [-Wformat-nonliteral]
 1636 |     return ImFormatString(buff, size, fmt, value);
      |            ~~~~~~~~~~~~~~^~~~~~~~~~~~~~~~~~~~~~~~
third_party/implot/implot_items.cpp: In function ‘int ImPlot::PieChartFormatter(double, char*, int, void*)’:
third_party/implot/implot_items.cpp:2283:20: warning: format not a string literal, argument types not checked [-Wformat-nonliteral]
 2283 |     return snprintf(buff, size, fmt, value);
      |            ~~~~~~~~^~~~~~~~~~~~~~~~~~~~~~~~
third_party/implot/implot_items.cpp: In instantiation of ‘void ImPlot::RenderHeatmap(ImDrawList&, const T*, int, int, double, double, const char*, const ImPlotPoint&, const ImPlotPoint&, bool, bool) [with T = signed char]’:
third_party/implot/implot_items.cpp:2492:22:   required from ‘void ImPlot::PlotHeatmap(const char*, const T*, int, int, double, double, const char*, const ImPlotPoint&, const ImPlotPoint&, ImPlotHeatmapFlags) [with T = signed char; ImPlotHeatmapFlags = int]’
third_party/implot/implot_items.cpp:2497:1:   required from here
third_party/implot/implot_items.cpp:2452:35: warning: format not a string literal, argument types not checked [-Wformat-nonliteral]
 2452 |                     ImFormatString(buff, 32, fmt, values[i]);
      |                     ~~~~~~~~~~~~~~^~~~~~~~~~~~~~~~~~~~~~~~~~
third_party/implot/implot_items.cpp:2470:35: warning: format not a string literal, argument types not checked [-Wformat-nonliteral]
 2470 |                     ImFormatString(buff, 32, fmt, values[i]);
      |                     ~~~~~~~~~~~~~~^~~~~~~~~~~~~~~~~~~~~~~~~~
third_party/implot/implot_items.cpp: In instantiation of ‘void ImPlot::RenderHeatmap(ImDrawList&, const T*, int, int, double, double, const char*, const ImPlotPoint&, const ImPlotPoint&, bool, bool) [with T = unsigned char]’:
third_party/implot/implot_items.cpp:2492:22:   required from ‘void ImPlot::PlotHeatmap(const char*, const T*, int, int, double, double, const char*, const ImPlotPoint&, const ImPlotPoint&, ImPlotHeatmapFlags) [with T = unsigned char; ImPlotHeatmapFlags = int]’
third_party/implot/implot_items.cpp:2497:1:   required from here
third_party/implot/implot_items.cpp:2452:35: warning: format not a string literal, argument types not checked [-Wformat-nonliteral]
 2452 |                     ImFormatString(buff, 32, fmt, values[i]);
      |                     ~~~~~~~~~~~~~~^~~~~~~~~~~~~~~~~~~~~~~~~~
third_party/implot/implot_items.cpp:2470:35: warning: format not a string literal, argument types not checked [-Wformat-nonliteral]
 2470 |                     ImFormatString(buff, 32, fmt, values[i]);
      |                     ~~~~~~~~~~~~~~^~~~~~~~~~~~~~~~~~~~~~~~~~
third_party/implot/implot_items.cpp: In instantiation of ‘void ImPlot::RenderHeatmap(ImDrawList&, const T*, int, int, double, double, const char*, const ImPlotPoint&, const ImPlotPoint&, bool, bool) [with T = short int]’:
third_party/implot/implot_items.cpp:2492:22:   required from ‘void ImPlot::PlotHeatmap(const char*, const T*, int, int, double, double, const char*, const ImPlotPoint&, const ImPlotPoint&, ImPlotHeatmapFlags) [with T = short int; ImPlotHeatmapFlags = int]’
third_party/implot/implot_items.cpp:2497:1:   required from here
third_party/implot/implot_items.cpp:2452:35: warning: format not a string literal, argument types not checked [-Wformat-nonliteral]
 2452 |                     ImFormatString(buff, 32, fmt, values[i]);
      |                     ~~~~~~~~~~~~~~^~~~~~~~~~~~~~~~~~~~~~~~~~
third_party/implot/implot_items.cpp:2470:35: warning: format not a string literal, argument types not checked [-Wformat-nonliteral]
 2470 |                     ImFormatString(buff, 32, fmt, values[i]);
      |                     ~~~~~~~~~~~~~~^~~~~~~~~~~~~~~~~~~~~~~~~~
third_party/implot/implot_items.cpp: In instantiation of ‘void ImPlot::RenderHeatmap(ImDrawList&, const T*, int, int, double, double, const char*, const ImPlotPoint&, const ImPlotPoint&, bool, bool) [with T = short unsigned int]’:
third_party/implot/implot_items.cpp:2492:22:   required from ‘void ImPlot::PlotHeatmap(const char*, const T*, int, int, double, double, const char*, const ImPlotPoint&, const ImPlotPoint&, ImPlotHeatmapFlags) [with T = short unsigned int; ImPlotHeatmapFlags = int]’
third_party/implot/implot_items.cpp:2497:1:   required from here
third_party/implot/implot_items.cpp:2452:35: warning: format not a string literal, argument types not checked [-Wformat-nonliteral]
 2452 |                     ImFormatString(buff, 32, fmt, values[i]);
      |                     ~~~~~~~~~~~~~~^~~~~~~~~~~~~~~~~~~~~~~~~~
third_party/implot/implot_items.cpp:2470:35: warning: format not a string literal, argument types not checked [-Wformat-nonliteral]
 2470 |                     ImFormatString(buff, 32, fmt, values[i]);
      |                     ~~~~~~~~~~~~~~^~~~~~~~~~~~~~~~~~~~~~~~~~
third_party/implot/implot_items.cpp: In instantiation of ‘void ImPlot::RenderHeatmap(ImDrawList&, const T*, int, int, double, double, const char*, const ImPlotPoint&, const ImPlotPoint&, bool, bool) [with T = int]’:
third_party/implot/implot_items.cpp:2492:22:   required from ‘void ImPlot::PlotHeatmap(const char*, const T*, int, int, double, double, const char*, const ImPlotPoint&, const ImPlotPoint&, ImPlotHeatmapFlags) [with T = int; ImPlotHeatmapFlags = int]’
third_party/implot/implot_items.cpp:2497:1:   required from here
third_party/implot/implot_items.cpp:2452:35: warning: format not a string literal, argument types not checked [-Wformat-nonliteral]
 2452 |                     ImFormatString(buff, 32, fmt, values[i]);
      |                     ~~~~~~~~~~~~~~^~~~~~~~~~~~~~~~~~~~~~~~~~
third_party/implot/implot_items.cpp:2470:35: warning: format not a string literal, argument types not checked [-Wformat-nonliteral]
 2470 |                     ImFormatString(buff, 32, fmt, values[i]);
      |                     ~~~~~~~~~~~~~~^~~~~~~~~~~~~~~~~~~~~~~~~~
third_party/implot/implot_items.cpp: In instantiation of ‘void ImPlot::RenderHeatmap(ImDrawList&, const T*, int, int, double, double, const char*, const ImPlotPoint&, const ImPlotPoint&, bool, bool) [with T = unsigned int]’:
third_party/implot/implot_items.cpp:2492:22:   required from ‘void ImPlot::PlotHeatmap(const char*, const T*, int, int, double, double, const char*, const ImPlotPoint&, const ImPlotPoint&, ImPlotHeatmapFlags) [with T = unsigned int; ImPlotHeatmapFlags = int]’
third_party/implot/implot_items.cpp:2497:1:   required from here
third_party/implot/implot_items.cpp:2452:35: warning: format not a string literal, argument types not checked [-Wformat-nonliteral]
 2452 |                     ImFormatString(buff, 32, fmt, values[i]);
      |                     ~~~~~~~~~~~~~~^~~~~~~~~~~~~~~~~~~~~~~~~~
third_party/implot/implot_items.cpp:2470:35: warning: format not a string literal, argument types not checked [-Wformat-nonliteral]
 2470 |                     ImFormatString(buff, 32, fmt, values[i]);
      |                     ~~~~~~~~~~~~~~^~~~~~~~~~~~~~~~~~~~~~~~~~
third_party/implot/implot_items.cpp: In instantiation of ‘void ImPlot::RenderHeatmap(ImDrawList&, const T*, int, int, double, double, const char*, const ImPlotPoint&, const ImPlotPoint&, bool, bool) [with T = long long int]’:
third_party/implot/implot_items.cpp:2492:22:   required from ‘void ImPlot::PlotHeatmap(const char*, const T*, int, int, double, double, const char*, const ImPlotPoint&, const ImPlotPoint&, ImPlotHeatmapFlags) [with T = long long int; ImPlotHeatmapFlags = int]’
third_party/implot/implot_items.cpp:2497:1:   required from here
third_party/implot/implot_items.cpp:2452:35: warning: format not a string literal, argument types not checked [-Wformat-nonliteral]
 2452 |                     ImFormatString(buff, 32, fmt, values[i]);
      |                     ~~~~~~~~~~~~~~^~~~~~~~~~~~~~~~~~~~~~~~~~
third_party/implot/implot_items.cpp:2470:35: warning: format not a string literal, argument types not checked [-Wformat-nonliteral]
 2470 |                     ImFormatString(buff, 32, fmt, values[i]);
      |                     ~~~~~~~~~~~~~~^~~~~~~~~~~~~~~~~~~~~~~~~~
third_party/implot/implot_items.cpp: In instantiation of ‘void ImPlot::RenderHeatmap(ImDrawList&, const T*, int, int, double, double, const char*, const ImPlotPoint&, const ImPlotPoint&, bool, bool) [with T = long long unsigned int]’:
third_party/implot/implot_items.cpp:2492:22:   required from ‘void ImPlot::PlotHeatmap(const char*, const T*, int, int, double, double, const char*, const ImPlotPoint&, const ImPlotPoint&, ImPlotHeatmapFlags) [with T = long long unsigned int; ImPlotHeatmapFlags = int]’
third_party/implot/implot_items.cpp:2497:1:   required from here
third_party/implot/implot_items.cpp:2452:35: warning: format not a string literal, argument types not checked [-Wformat-nonliteral]
 2452 |                     ImFormatString(buff, 32, fmt, values[i]);
      |                     ~~~~~~~~~~~~~~^~~~~~~~~~~~~~~~~~~~~~~~~~
third_party/implot/implot_items.cpp:2470:35: warning: format not a string literal, argument types not checked [-Wformat-nonliteral]
 2470 |                     ImFormatString(buff, 32, fmt, values[i]);
      |                     ~~~~~~~~~~~~~~^~~~~~~~~~~~~~~~~~~~~~~~~~
third_party/implot/implot_items.cpp: In instantiation of ‘void ImPlot::RenderHeatmap(ImDrawList&, const T*, int, int, double, double, const char*, const ImPlotPoint&, const ImPlotPoint&, bool, bool) [with T = float]’:
third_party/implot/implot_items.cpp:2492:22:   required from ‘void ImPlot::PlotHeatmap(const char*, const T*, int, int, double, double, const char*, const ImPlotPoint&, const ImPlotPoint&, ImPlotHeatmapFlags) [with T = float; ImPlotHeatmapFlags = int]’
third_party/implot/implot_items.cpp:2497:1:   required from here
third_party/implot/implot_items.cpp:2452:35: warning: format not a string literal, argument types not checked [-Wformat-nonliteral]
 2452 |                     ImFormatString(buff, 32, fmt, values[i]);
      |                     ~~~~~~~~~~~~~~^~~~~~~~~~~~~~~~~~~~~~~~~~
third_party/implot/implot_items.cpp:2470:35: warning: format not a string literal, argument types not checked [-Wformat-nonliteral]
 2470 |                     ImFormatString(buff, 32, fmt, values[i]);
      |                     ~~~~~~~~~~~~~~^~~~~~~~~~~~~~~~~~~~~~~~~~
third_party/implot/implot_items.cpp: In instantiation of ‘void ImPlot::RenderHeatmap(ImDrawList&, const T*, int, int, double, double, const char*, const ImPlotPoint&, const ImPlotPoint&, bool, bool) [with T = double]’:
third_party/implot/implot_items.cpp:2492:22:   required from ‘void ImPlot::PlotHeatmap(const char*, const T*, int, int, double, double, const char*, const ImPlotPoint&, const ImPlotPoint&, ImPlotHeatmapFlags) [with T = double; ImPlotHeatmapFlags = int]’
third_party/implot/implot_items.cpp:2497:1:   required from here
third_party/implot/implot_items.cpp:2452:35: warning: format not a string literal, argument types not checked [-Wformat-nonliteral]
 2452 |                     ImFormatString(buff, 32, fmt, values[i]);
      |                     ~~~~~~~~~~~~~~^~~~~~~~~~~~~~~~~~~~~~~~~~
third_party/implot/implot_items.cpp:2470:35: warning: format not a string literal, argument types not checked [-Wformat-nonliteral]
 2470 |                     ImFormatString(buff, 32, fmt, values[i]);
      |                     ~~~~~~~~~~~~~~^~~~~~~~~~~~~~~~~~~~~~~~~~
[0;32mCompiling and linking project...[0m
In file included from ./include/video_capture.h:3,
                 from src/orange.cpp:1:
./include/thread.h: In function ‘float tick()’:
./include/thread.h:13:13: warning: comparison of integer expressions of different signedness: ‘uint32_t’ {aka ‘unsigned int’} and ‘int’ [-Wsign-compare]
   13 |     if (res == -1)
      |         ~~~~^~~~~
In file included from src/orange.cpp:10:
./include/project.h: In function ‘const string current_date_time()’:
./include/project.h:174:23: warning: comparison of integer expressions of different signedness: ‘int’ and ‘std::vector<std::__cxx11::basic_string<char> >::size_type’ {aka ‘long unsigned int’} [-Wsign-compare]
  174 |     for (int i = 0; i < res.size(); i++) {
      |                     ~~^~~~~~~~~~~~
In file included from ./include/gui.h:3,
                 from src/orange.cpp:11:
./include/gx_helper.h: In function ‘void gx_imgui_init(gx_context*)’:
./include/gx_helper.h:81:20: warning: unused variable ‘implotCtx’ [-Wunused-variable]
   81 |     ImPlotContext *implotCtx = ImPlot::CreateContext();
      |                    ^~~~~~~~~
In file included from src/orange.cpp:11:
./include/gui.h: In function ‘void set_camera_properties(CameraEmergent*, CameraParams*, int)’:
./include/gui.h:96:13: warning: this ‘if’ clause does not guard... [-Wmisleading-indentation]
   96 |             if (ImGui::Selectable(cameras_params[n].camera_serial.c_str(), selected_camera == n))
      |             ^~
./include/gui.h:98:17: note: ...this statement, but the latter is misleadingly indented as if it were guarded by the ‘if’
   98 |                 slider_gain = cameras_params[selected_camera].gain;
      |                 ^~~~~~~~~~~
In file included from src/NvEncoder/NvCodecUtils.h:42,
                 from src/orange.cpp:13:
src/NvEncoder/Logger.h: In constructor ‘simplelogger::LoggerFactory::UdpLogger::UdpOstream::UdpOstream(char*, short unsigned int)’:
src/NvEncoder/Logger.h:169:68: warning: missing initializer for member ‘sockaddr_in::sin_zero’ [-Wmissing-field-initializers]
  169 |                 struct sockaddr_in s = {AF_INET, htons(uPort), addr};
      |                                                                    ^
In file included from src/orange.cpp:13:
src/NvEncoder/NvCodecUtils.h: In constructor ‘BufferedFileReader::BufferedFileReader(const char*, bool)’:
src/NvEncoder/NvCodecUtils.h:213:27: warning: comparison of integer expressions of different signedness: ‘uint64_t’ {aka ‘long unsigned int’} and ‘__off_t’ {aka ‘long int’} [-Wsign-compare]
  213 |                 if (nSize != st.st_size) {
      |                     ~~~~~~^~~~~~~~~~~~~
In file included from src/orange.cpp:13:
src/NvEncoder/NvCodecUtils.h:217:26: warning: catching polymorphic type ‘class std::bad_alloc’ by value [-Wcatch-value=]
  217 |             } catch(std::bad_alloc) {
      |                          ^~~~~~~~~
In file included from src/NvEncoder/NvCodecUtils.h:39,
                 from src/orange.cpp:13:
src/NvEncoder/NvCodecUtils.h:236:22: warning: comparison of integer expressions of different signedness: ‘std::streamsize’ {aka ‘long int’} and ‘uint64_t’ {aka ‘long unsigned int’} [-Wsign-compare]
  236 |         assert(nRead == nSize);
      |                ~~~~~~^~~~~~~~
In file included from src/orange.cpp:15:
./include/enet_thread.h: In lambda function:
./include/enet_thread.h:24:38: warning: unused variable ‘server_name’ [-Wunused-variable]
   24 |                                 auto server_name = server_control->server_mesg()->server_name()->c_str();
      |                                      ^~~~~~~~~~~
./include/enet_thread.h:10:20: warning: enumeration value ‘ENET_EVENT_TYPE_NONE’ not handled in switch [-Wswitch]
   10 |             switch (evnt.type)
      |                    ^
src/orange.cpp: In function ‘int main(int, char**)’:
src/orange.cpp:24:9: warning: C++ designated initializers only available with ‘-std=c++20’ or ‘-std=gnu++20’ [-Wpedantic]
   24 |         .swap_interval = 1, // use vsync
      |         ^
src/orange.cpp:25:9: warning: C++ designated initializers only available with ‘-std=c++20’ or ‘-std=gnu++20’ [-Wpedantic]
   25 |         .width = 1920,
      |         ^
src/orange.cpp:26:9: warning: C++ designated initializers only available with ‘-std=c++20’ or ‘-std=gnu++20’ [-Wpedantic]
   26 |         .height = 1080,
      |         ^
src/orange.cpp:27:9: warning: C++ designated initializers only available with ‘-std=c++20’ or ‘-std=gnu++20’ [-Wpedantic]
   27 |         .render_target_title = (char *)malloc(100), // window title
      |         ^
src/orange.cpp:28:9: warning: C++ designated initializers only available with ‘-std=c++20’ or ‘-std=gnu++20’ [-Wpedantic]
   28 |         .glsl_version = (char *)malloc(100)};
      |         ^
src/orange.cpp:28:44: warning: ISO C++ forbids compound-literals [-Wpedantic]
   28 |         .glsl_version = (char *)malloc(100)};
      |                                            ^
src/orange.cpp:28:44: warning: missing initializer for member ‘gx_context::render_target’ [-Wmissing-field-initializers]
src/orange.cpp:34:26: warning: ISO C++ forbids variable length array ‘unsorted_device_info’ [-Wvla]
   34 |     GigEVisionDeviceInfo unsorted_device_info[max_cameras];
      |                          ^~~~~~~~~~~~~~~~~~~~
src/orange.cpp:36:26: warning: ISO C++ forbids variable length array ‘device_info’ [-Wvla]
   36 |     GigEVisionDeviceInfo device_info[max_cameras];
      |                          ^~~~~~~~~~~
src/orange.cpp:51:10: warning: ISO C++ forbids variable length array ‘check’ [-Wvla]
   51 |     bool check[cam_count] {0};
      |          ^~~~~
src/orange.cpp:70:5: warning: missing initializer for member ‘EncoderConfig::encoder_setup’ [-Wmissing-field-initializers]
   70 |     };
      |     ^
src/orange.cpp:88:30: warning: C++ designated initializers only available with ‘-std=c++20’ or ‘-std=gnu++20’ [-Wpedantic]
   88 |     indigo_signal_builder = {.builder = fb_builder,
      |                              ^
src/orange.cpp:89:9: warning: C++ designated initializers only available with ‘-std=c++20’ or ‘-std=gnu++20’ [-Wpedantic]
   89 |         .server = &server,
      |         ^
src/orange.cpp:90:9: warning: C++ designated initializers only available with ‘-std=c++20’ or ‘-std=gnu++20’ [-Wpedantic]
   90 |         .indigo_connection = NULL};
      |         ^
src/orange.cpp:235:31: warning: comparison of integer expressions of different signedness: ‘int’ and ‘std::vector<std::__cxx11::basic_string<char> >::size_type’ {aka ‘long unsigned int’} [-Wsign-compare]
  235 |             for (int i = 0; i < network_config_folders.size(); i++)
      |                             ~~^~~~~~~~~~~~~~~~~~~~~~~~~~~~~~~
src/orange.cpp:238:24: warning: format not a string literal and no format arguments [-Wformat-security]
  238 |                 sprintf(temp_string, folder_token.back().c_str());
      |                 ~~~~~~~^~~~~~~~~~~~~~~~~~~~~~~~~~~~~~~~~~~~~~~~~~
src/orange.cpp:240:23: warning: comparison of integer expressions of different signedness: ‘int’ and ‘std::vector<std::__cxx11::basic_string<char> >::size_type’ {aka ‘long unsigned int’} [-Wsign-compare]
  240 |                 if (i != network_config_folders.size()-1)
      |                     ~~^~~~~~~~~~~~~~~~~~~~~~~~~~~~~~~~~~
src/orange.cpp:270:43: warning: comparison of integer expressions of different signedness: ‘int’ and ‘u32’ {aka ‘unsigned int’} [-Wsign-compare]
  270 |                         for (int i = 0; i < num_cameras; i++)
      |                                         ~~^~~~~~~~~~~~~
src/orange.cpp:275:42: warning: comparison of integer expressions of different signedness: ‘int’ and ‘u32’ {aka ‘unsigned int’} [-Wsign-compare]
  275 |                         for (int i =0; i < num_cameras; i++) {
      |                                        ~~^~~~~~~~~~~~~
src/orange.cpp:284:43: warning: comparison of integer expressions of different signedness: ‘int’ and ‘u32’ {aka ‘unsigned int’} [-Wsign-compare]
  284 |                         for (int i = 0; i < num_cameras; i++)
      |                                         ~~^~~~~~~~~~~~~
src/orange.cpp:308:39: warning: comparison of integer expressions of different signedness: ‘int’ and ‘u32’ {aka ‘unsigned int’} [-Wsign-compare]
  308 |                     for (int i = 0; i < num_cameras; i++)
      |                                     ~~^~~~~~~~~~~~~
src/orange.cpp:389:30: warning: comparison of integer expressions of different signedness: ‘int’ and ‘u32’ {aka ‘unsigned int’} [-Wsign-compare]
  389 |             for (int i =0; i < num_cameras; i++) {
      |                            ~~^~~~~~~~~~~~~
src/orange.cpp:394:28: warning: comparison of integer expressions of different signedness: ‘int’ and ‘u32’ {aka ‘unsigned int’} [-Wsign-compare]
  394 |             for (int i=0; i< num_cameras; i++) {
      |                           ~^~~~~~~~~~~~~
src/orange.cpp:402:31: warning: comparison of integer expressions of different signedness: ‘int’ and ‘u32’ {aka ‘unsigned int’} [-Wsign-compare]
  402 |             for (int i = 0; i < num_cameras; i++)
      |                             ~~^~~~~~~~~~~~~
src/orange.cpp:416:31: warning: comparison of integer expressions of different signedness: ‘int’ and ‘u32’ {aka ‘unsigned int’} [-Wsign-compare]
  416 |             for (int i = 0; i < num_cameras; i++)
      |                             ~~^~~~~~~~~~~~~
src/orange.cpp:420:31: warning: comparison of integer expressions of different signedness: ‘int’ and ‘u32’ {aka ‘unsigned int’} [-Wsign-compare]
  420 |             for (int i = 0; i < num_cameras; i++)
      |                             ~~^~~~~~~~~~~~~
src/orange.cpp:427:31: warning: comparison of integer expressions of different signedness: ‘int’ and ‘u32’ {aka ‘unsigned int’} [-Wsign-compare]
  427 |             for (int i = 0; i < num_cameras; i++)
      |                             ~~^~~~~~~~~~~~~
src/orange.cpp:443:31: warning: comparison of integer expressions of different signedness: ‘int’ and ‘u32’ {aka ‘unsigned int’} [-Wsign-compare]
  443 |             for (int i = 0; i < num_cameras; i++)
      |                             ~~^~~~~~~~~~~~~
src/orange.cpp:536:31: warning: format not a string literal and no format arguments [-Wformat-security]
  536 |             ImGui::TextColored(ImVec4{1.0, 1.0f, 0, 1.0f}, input_folder.c_str());
      |             ~~~~~~~~~~~~~~~~~~^~~~~~~~~~~~~~~~~~~~~~~~~~~~~~~~~~~~~~~~~~~~~~~~~~
src/orange.cpp:586:39: warning: comparison of integer expressions of different signedness: ‘int’ and ‘u32’ {aka ‘unsigned int’} [-Wsign-compare]
  586 |                     for (int i = 0; i < num_cameras; i++)
      |                                     ~~^~~~~~~~~~~~~
src/orange.cpp:649:31: warning: comparison of integer expressions of different signedness: ‘int’ and ‘std::vector<std::__cxx11::basic_string<char> >::size_type’ {aka ‘long unsigned int’} [-Wsign-compare]
  649 |             for (int i = 0; i < local_config_folders.size(); i++)
      |                             ~~^~~~~~~~~~~~~~~~~~~~~~~~~~~~~
src/orange.cpp:652:24: warning: format not a string literal and no format arguments [-Wformat-security]
  652 |                 sprintf(temp_string, folder_token.back().c_str());
      |                 ~~~~~~~^~~~~~~~~~~~~~~~~~~~~~~~~~~~~~~~~~~~~~~~~~
src/orange.cpp:669:45: warning: comparison of integer expressions of different signedness: ‘int’ and ‘std::vector<std::__cxx11::basic_string<char> >::size_type’ {aka ‘long unsigned int’} [-Wsign-compare]
  669 |                     if (local_config_select < local_config_folders.size()) {
      |                         ~~~~~~~~~~~~~~~~~~~~^~~~~~~~~~~~~~~~~~~~~~~~~~~~~
src/orange.cpp:694:43: warning: comparison of integer expressions of different signedness: ‘int’ and ‘u32’ {aka ‘unsigned int’} [-Wsign-compare]
  694 |                         for (int i = 0; i < num_cameras; i++)
      |                                         ~~^~~~~~~~~~~~~
src/orange.cpp:699:42: warning: comparison of integer expressions of different signedness: ‘int’ and ‘u32’ {aka ‘unsigned int’} [-Wsign-compare]
  699 |                         for (int i =0; i < num_cameras; i++) {
      |                                        ~~^~~~~~~~~~~~~
src/orange.cpp:708:43: warning: comparison of integer expressions of different signedness: ‘int’ and ‘u32’ {aka ‘unsigned int’} [-Wsign-compare]
  708 |                         for (int i = 0; i < num_cameras; i++)
      |                                         ~~^~~~~~~~~~~~~
src/orange.cpp:717:39: warning: comparison of integer expressions of different signedness: ‘int’ and ‘u32’ {aka ‘unsigned int’} [-Wsign-compare]
  717 |                     for (int i = 0; i < num_cameras; i++)
      |                                     ~~^~~~~~~~~~~~~
src/orange.cpp:743:43: warning: comparison of integer expressions of different signedness: ‘int’ and ‘u32’ {aka ‘unsigned int’} [-Wsign-compare]
  743 |                         for (int i = 0; i < num_cameras; i++)
      |                                         ~~^~~~~~~~~~~~~
src/orange.cpp:760:42: warning: comparison of integer expressions of different signedness: ‘int’ and ‘u32’ {aka ‘unsigned int’} [-Wsign-compare]
  760 |                         for (int i =0; i < num_cameras; i++) {
      |                                        ~~^~~~~~~~~~~~~
src/orange.cpp:765:40: warning: comparison of integer expressions of different signedness: ‘int’ and ‘u32’ {aka ‘unsigned int’} [-Wsign-compare]
  765 |                         for (int i=0; i< num_cameras; i++) {
      |                                       ~^~~~~~~~~~~~~
src/orange.cpp:773:43: warning: comparison of integer expressions of different signedness: ‘int’ and ‘u32’ {aka ‘unsigned int’} [-Wsign-compare]
  773 |                         for (int i = 0; i < num_cameras; i++)
      |                                         ~~^~~~~~~~~~~~~
src/orange.cpp:793:33: warning: comparison of integer expressions of different signedness: ‘int’ and ‘u32’ {aka ‘unsigned int’} [-Wsign-compare]
  793 |                 for (int i=0; i < num_cameras; i++)
      |                               ~~^~~~~~~~~~~~~
src/orange.cpp:814:35: warning: comparison of integer expressions of different signedness: ‘int’ and ‘u32’ {aka ‘unsigned int’} [-Wsign-compare]
  814 |                 for (int i = 0; i < num_cameras; i++)
      |                                 ~~^~~~~~~~~~~~~
src/orange.cpp:822:35: warning: comparison of integer expressions of different signedness: ‘int’ and ‘u32’ {aka ‘unsigned int’} [-Wsign-compare]
  822 |                 for (int i = 0; i < num_cameras; i++)
      |                                 ~~^~~~~~~~~~~~~
src/orange.cpp:835:43: warning: comparison of integer expressions of different signedness: ‘int’ and ‘u32’ {aka ‘unsigned int’} [-Wsign-compare]
  835 |                         for (int i = 0; i < num_cameras; i++)
      |                                         ~~^~~~~~~~~~~~~
src/orange.cpp:846:43: warning: comparison of integer expressions of different signedness: ‘int’ and ‘u32’ {aka ‘unsigned int’} [-Wsign-compare]
  846 |                         for (int i = 0; i < num_cameras; i++)
      |                                         ~~^~~~~~~~~~~~~
src/orange.cpp:875:46: warning: comparison of integer expressions of different signedness: ‘int’ and ‘u32’ {aka ‘unsigned int’} [-Wsign-compare]
  875 |                             for (int i =0; i < num_cameras; i++) {
      |                                            ~~^~~~~~~~~~~~~
src/orange.cpp:880:44: warning: comparison of integer expressions of different signedness: ‘int’ and ‘u32’ {aka ‘unsigned int’} [-Wsign-compare]
  880 |                             for (int i=0; i< num_cameras; i++) {
      |                                           ~^~~~~~~~~~~~~
src/orange.cpp:888:47: warning: comparison of integer expressions of different signedness: ‘int’ and ‘u32’ {aka ‘unsigned int’} [-Wsign-compare]
  888 |                             for (int i = 0; i < num_cameras; i++)
      |                                             ~~^~~~~~~~~~~~~
src/orange.cpp:917:43: warning: comparison of integer expressions of different signedness: ‘int’ and ‘u32’ {aka ‘unsigned int’} [-Wsign-compare]
  917 |                         for (int i = 0; i < num_cameras; i++)
      |                                         ~~^~~~~~~~~~~~~
src/orange.cpp:906:30: warning: variable ‘ptp_sync_for_recording’ set but not used [-Wunused-but-set-variable]
  906 |                         bool ptp_sync_for_recording;
      |                              ^~~~~~~~~~~~~~~~~~~~~~
src/orange.cpp:937:42: warning: comparison of integer expressions of different signedness: ‘int’ and ‘u32’ {aka ‘unsigned int’} [-Wsign-compare]
  937 |                         for (int i =0; i < num_cameras; i++) {
      |                                        ~~^~~~~~~~~~~~~
src/orange.cpp:942:40: warning: comparison of integer expressions of different signedness: ‘int’ and ‘u32’ {aka ‘unsigned int’} [-Wsign-compare]
  942 |                         for (int i=0; i< num_cameras; i++) {
      |                                       ~^~~~~~~~~~~~~
src/orange.cpp:950:43: warning: comparison of integer expressions of different signedness: ‘int’ and ‘u32’ {aka ‘unsigned int’} [-Wsign-compare]
  950 |                         for (int i = 0; i < num_cameras; i++)
      |                                         ~~^~~~~~~~~~~~~
src/orange.cpp:973:31: warning: comparison of integer expressions of different signedness: ‘int’ and ‘u32’ {aka ‘unsigned int’} [-Wsign-compare]
  973 |             for (int i = 0; i < num_cameras; i++)
      |                             ~~^~~~~~~~~~~~~
src/orange.cpp:984:31: warning: comparison of integer expressions of different signedness: ‘int’ and ‘u32’ {aka ‘unsigned int’} [-Wsign-compare]
  984 |             for (int i = 0; i < num_cameras; i++)
      |                             ~~^~~~~~~~~~~~~
src/orange.cpp:1013:35: warning: comparison of integer expressions of different signedness: ‘int’ and ‘u32’ {aka ‘unsigned int’} [-Wsign-compare]
 1013 |                 for (int i = 0; i < num_cameras; i++) {
      |                                 ~~^~~~~~~~~~~~~
src/orange.cpp:1030:39: warning: comparison of integer expressions of different signedness: ‘int’ and ‘u32’ {aka ‘unsigned int’} [-Wsign-compare]
 1030 |                     for (int i = 0; i < num_cameras; i++) {
      |                                     ~~^~~~~~~~~~~~~
src/orange.cpp:1044:27: warning: comparison of integer expressions of different signedness: ‘int’ and ‘u32’ {aka ‘unsigned int’} [-Wsign-compare]
 1044 |         for (int i = 0; i < num_cameras; i++)
      |                         ~~^~~~~~~~~~~~~
In file included from ./include/FFmpegWriter.h:14,
                 from src/FFmpegWriter.cpp:51:
./include/thread.h: In function ‘float tick()’:
./include/thread.h:13:13: warning: comparison of integer expressions of different signedness: ‘uint32_t’ {aka ‘unsigned int’} and ‘int’ [-Wsign-compare]
   13 |     if (res == -1)
      |         ~~~~^~~~~
src/FFmpegWriter.cpp: In constructor ‘FFmpegWriter::FFmpegWriter(AVCodecID, int, int, int, const char*, const char*)’:
src/FFmpegWriter.cpp:87:41: warning: ISO C++ forbids compound-literals [-Wpedantic]
   87 |     vs->time_base = (AVRational){1, nFps};
      |                                         ^
src/camera.cpp: In function ‘std::string get_evt_error_string(EVT_ERROR)’:
src/camera.cpp:10:12: warning: enumeration value ‘EVT_SUCCESS’ not handled in switch [-Wswitch]
   10 |     switch (error)
      |            ^
src/camera.cpp:10:12: warning: enumeration value ‘EVT_ERROR_INTR’ not handled in switch [-Wswitch]
src/camera.cpp:10:12: warning: enumeration value ‘EVT_ERROR_BADF’ not handled in switch [-Wswitch]
src/camera.cpp:10:12: warning: enumeration value ‘EVT_ERROR_FAULT’ not handled in switch [-Wswitch]
src/camera.cpp:10:12: warning: enumeration value ‘EVT_ERROR_EXIST’ not handled in switch [-Wswitch]
src/camera.cpp:10:12: warning: enumeration value ‘EVT_ERROR_FBIG’ not handled in switch [-Wswitch]
src/camera.cpp:10:12: warning: enumeration value ‘EVT_ERROR_BADFD’ not handled in switch [-Wswitch]
src/camera.cpp:10:12: warning: enumeration value ‘EVT_ERROR_TIMEDOUT’ not handled in switch [-Wswitch]
src/camera.cpp:10:12: warning: enumeration value ‘EVT_ERROR_ALREADY’ not handled in switch [-Wswitch]
src/camera.cpp:10:12: warning: enumeration value ‘EVT_ERROR_NOBUFS’ not handled in switch [-Wswitch]
src/camera.cpp: In function ‘void update_gain_value(Emergent::CEmergentCamera*, int, CameraParams*)’:
src/camera.cpp:163:18: warning: comparison of integer expressions of different signedness: ‘int’ and ‘unsigned int’ [-Wsign-compare]
  163 |     if (gain_val >= camera_params->gain_min && gain_val <= camera_params->gain_max)
      |         ~~~~~~~~~^~~~~~~~~~~~~~~~~~~~~~~~~~
src/camera.cpp:163:57: warning: comparison of integer expressions of different signedness: ‘int’ and ‘unsigned int’ [-Wsign-compare]
  163 |     if (gain_val >= camera_params->gain_min && gain_val <= camera_params->gain_max)
      |                                                ~~~~~~~~~^~~~~~~~~~~~~~~~~~~~~~~~~~
src/camera.cpp: In function ‘void update_focus_value(Emergent::CEmergentCamera*, int, CameraParams*)’:
src/camera.cpp:175:21: warning: comparison of integer expressions of different signedness: ‘int’ and ‘unsigned int’ [-Wsign-compare]
  175 |     if (focus_value >= camera_params->focus_min && focus_value <= camera_params->focus_max)
      |         ~~~~~~~~~~~~^~~~~~~~~~~~~~~~~~~~~~~~~~~
src/camera.cpp:175:64: warning: comparison of integer expressions of different signedness: ‘int’ and ‘unsigned int’ [-Wsign-compare]
  175 |     if (focus_value >= camera_params->focus_min && focus_value <= camera_params->focus_max)
      |                                                    ~~~~~~~~~~~~^~~~~~~~~~~~~~~~~~~~~~~~~~~
src/camera.cpp: In function ‘void update_width_value(Emergent::CEmergentCamera*, int, CameraParams*)’:
src/camera.cpp:187:19: warning: comparison of integer expressions of different signedness: ‘int’ and ‘unsigned int’ [-Wsign-compare]
  187 |     if (width_val >= camera_params->width_min && width_val <= camera_params->width_max)
      |         ~~~~~~~~~~^~~~~~~~~~~~~~~~~~~~~~~~~~~
src/camera.cpp:187:60: warning: comparison of integer expressions of different signedness: ‘int’ and ‘unsigned int’ [-Wsign-compare]
  187 |     if (width_val >= camera_params->width_min && width_val <= camera_params->width_max)
      |                                                  ~~~~~~~~~~^~~~~~~~~~~~~~~~~~~~~~~~~~~
src/camera.cpp: In function ‘void update_height_value(Emergent::CEmergentCamera*, int, CameraParams*)’:
src/camera.cpp:199:20: warning: comparison of integer expressions of different signedness: ‘int’ and ‘unsigned int’ [-Wsign-compare]
  199 |     if (height_val >= camera_params->height_min && height_val <= camera_params->height_max)
      |         ~~~~~~~~~~~^~~~~~~~~~~~~~~~~~~~~~~~~~~~
src/camera.cpp:199:63: warning: comparison of integer expressions of different signedness: ‘int’ and ‘unsigned int’ [-Wsign-compare]
  199 |     if (height_val >= camera_params->height_min && height_val <= camera_params->height_max)
      |                                                    ~~~~~~~~~~~^~~~~~~~~~~~~~~~~~~~~~~~~~~~
src/camera.cpp: In function ‘void update_exposure_value(Emergent::CEmergentCamera*, int, CameraParams*)’:
src/camera.cpp:213:22: warning: comparison of integer expressions of different signedness: ‘int’ and ‘unsigned int’ [-Wsign-compare]
  213 |     if (exposure_val >= camera_params->exposure_min && exposure_val <= camera_params->exposure_max)
      |         ~~~~~~~~~~~~~^~~~~~~~~~~~~~~~~~~~~~~~~~~~~~
src/camera.cpp:213:69: warning: comparison of integer expressions of different signedness: ‘int’ and ‘unsigned int’ [-Wsign-compare]
  213 |     if (exposure_val >= camera_params->exposure_min && exposure_val <= camera_params->exposure_max)
      |                                                        ~~~~~~~~~~~~~^~~~~~~~~~~~~~~~~~~~~~~~~~~~~~
src/camera.cpp: In function ‘void update_exposure_framerate_value(Emergent::CEmergentCamera*, int, int*, CameraParams*)’:
src/camera.cpp:227:22: warning: comparison of integer expressions of different signedness: ‘int’ and ‘unsigned int’ [-Wsign-compare]
  227 |     if (exposure_val >= camera_params->exposure_min && exposure_val <= camera_params->exposure_max)
      |         ~~~~~~~~~~~~~^~~~~~~~~~~~~~~~~~~~~~~~~~~~~~
src/camera.cpp:227:69: warning: comparison of integer expressions of different signedness: ‘int’ and ‘unsigned int’ [-Wsign-compare]
  227 |     if (exposure_val >= camera_params->exposure_min && exposure_val <= camera_params->exposure_max)
      |                                                        ~~~~~~~~~~~~~^~~~~~~~~~~~~~~~~~~~~~~~~~~~~~
src/camera.cpp:237:29: warning: comparison of integer expressions of different signedness: ‘int’ and ‘unsigned int’ [-Wsign-compare]
  237 |         if (*frame_rate_val < camera_params->frame_rate_min) {
      |             ~~~~~~~~~~~~~~~~^~~~~~~~~~~~~~~~~~~~~~~~~~~~~~~
src/camera.cpp:239:36: warning: comparison of integer expressions of different signedness: ‘int’ and ‘unsigned int’ [-Wsign-compare]
  239 |         } else if (*frame_rate_val > camera_params->frame_rate_max) {
      |                    ~~~~~~~~~~~~~~~~^~~~~~~~~~~~~~~~~~~~~~~~~~~~~~~
src/camera.cpp: In function ‘void update_frame_rate_value(Emergent::CEmergentCamera*, int, CameraParams*)’:
src/camera.cpp:254:24: warning: comparison of integer expressions of different signedness: ‘int’ and ‘unsigned int’ [-Wsign-compare]
  254 |     if (frame_rate_val >= camera_params->frame_rate_min && frame_rate_val <= camera_params->frame_rate_max)
      |         ~~~~~~~~~~~~~~~^~~~~~~~~~~~~~~~~~~~~~~~~~~~~~~~
src/camera.cpp:254:75: warning: comparison of integer expressions of different signedness: ‘int’ and ‘unsigned int’ [-Wsign-compare]
  254 |     if (frame_rate_val >= camera_params->frame_rate_min && frame_rate_val <= camera_params->frame_rate_max)
      |                                                            ~~~~~~~~~~~~~~~^~~~~~~~~~~~~~~~~~~~~~~~~~~~~~~~
src/camera.cpp: In function ‘void update_offsetX_value(Emergent::CEmergentCamera*, int, CameraParams*)’:
src/camera.cpp:271:22: warning: comparison of integer expressions of different signedness: ‘int’ and ‘unsigned int’ [-Wsign-compare]
  271 |     if (OFFSET_X_VAL >= camera_params->offsetx_min && OFFSET_X_VAL <= camera_params->offsetx_max)
      |         ~~~~~~~~~~~~~^~~~~~~~~~~~~~~~~~~~~~~~~~~~~
src/camera.cpp:271:68: warning: comparison of integer expressions of different signedness: ‘int’ and ‘unsigned int’ [-Wsign-compare]
  271 |     if (OFFSET_X_VAL >= camera_params->offsetx_min && OFFSET_X_VAL <= camera_params->offsetx_max)
      |                                                       ~~~~~~~~~~~~~^~~~~~~~~~~~~~~~~~~~~~~~~~~~~
src/camera.cpp: In function ‘void update_offsetY_value(Emergent::CEmergentCamera*, int, CameraParams*)’:
src/camera.cpp:288:22: warning: comparison of integer expressions of different signedness: ‘int’ and ‘unsigned int’ [-Wsign-compare]
  288 |     if (OFFSET_Y_VAL >= camera_params->offsety_min && OFFSET_Y_VAL <= camera_params->offsety_max)
      |         ~~~~~~~~~~~~~^~~~~~~~~~~~~~~~~~~~~~~~~~~~~
src/camera.cpp:288:68: warning: comparison of integer expressions of different signedness: ‘int’ and ‘unsigned int’ [-Wsign-compare]
  288 |     if (OFFSET_Y_VAL >= camera_params->offsety_min && OFFSET_Y_VAL <= camera_params->offsety_max)
      |                                                       ~~~~~~~~~~~~~^~~~~~~~~~~~~~~~~~~~~~~~~~~~~
src/camera.cpp: In function ‘void change_camera_ip_persistent(GigEVisionDeviceInfo*, Emergent::CEmergentCamera*, const char*, CameraParams*)’:
src/camera.cpp:605:17: warning: unused variable ‘mac_address’ [-Wunused-variable]
  605 |     const char *mac_address = device_info->macAddress;
      |                 ^~~~~~~~~~~
src/camera.cpp: In function ‘int scan_cameras(int, GigEVisionDeviceInfo*)’:
src/camera.cpp:619:9: warning: unused variable ‘cameras_found’ [-Wunused-variable]
  619 |     int cameras_found = 0;
      |         ^~~~~~~~~~~~~
src/camera.cpp: In function ‘int order_for_test_rig(int, GigEVisionDeviceInfo*, GigEVisionDeviceInfo*)’:
src/camera.cpp:707:9: warning: unused variable ‘cameras_found’ [-Wunused-variable]
  707 |     int cameras_found = 0;
      |         ^~~~~~~~~~~~~
In file included from ./include/video_capture.h:3,
                 from src/video_capture.cpp:1:
./include/thread.h: In function ‘float tick()’:
./include/thread.h:13:13: warning: comparison of integer expressions of different signedness: ‘uint32_t’ {aka ‘unsigned int’} and ‘int’ [-Wsign-compare]
   13 |     if (res == -1)
      |         ~~~~^~~~~
src/video_capture.cpp: In function ‘void start_ptp_sync(PTPState*, PTPParams*, CameraParams*, CameraEmergent*, unsigned int)’:
src/video_capture.cpp:43:37: warning: comparison of integer expressions of different signedness: ‘uint64_t’ {aka ‘long unsigned int’} and ‘int’ [-Wsign-compare]
   43 |         if (ptp_params->ptp_counter == camera_params->num_cameras - 1)
      |             ~~~~~~~~~~~~~~~~~~~~~~~~^~~~~~~~~~~~~~~~~~~~~~~~~~~~~~~~~
src/video_capture.cpp:50:40: warning: comparison of integer expressions of different signedness: ‘uint64_t’ {aka ‘long unsigned int’} and ‘int’ [-Wsign-compare]
   50 |         while (ptp_params->ptp_counter != camera_params->num_cameras)
      |                ~~~~~~~~~~~~~~~~~~~~~~~~^~~~~~~~~~~~~~~~~~~~~~~~~~~~~
In file included from ./include/gpu_video_encoder.h:8,
                 from src/acquire_frames.cpp:3:
./src/NvEncoder/NvEncoderCLIOptions.h:37:10: fatal error: ../Utils/Logger.h: No such file or directory
   37 | #include "../Utils/Logger.h"
      |          ^~~~~~~~~~~~~~~~~~~
compilation terminated.
In file included from ./src/NvEncoder/NvCodecUtils.h:42,
                 from ./include/image_processing.h:4,
                 from ./include/opengldisplay.h:3,
                 from src/opengldisplay.cpp:7:
./src/NvEncoder/Logger.h: In constructor ‘simplelogger::LoggerFactory::UdpLogger::UdpOstream::UdpOstream(char*, short unsigned int)’:
./src/NvEncoder/Logger.h:169:68: warning: missing initializer for member ‘sockaddr_in::sin_zero’ [-Wmissing-field-initializers]
  169 |                 struct sockaddr_in s = {AF_INET, htons(uPort), addr};
      |                                                                    ^
In file included from ./include/image_processing.h:4,
                 from ./include/opengldisplay.h:3,
                 from src/opengldisplay.cpp:7:
./src/NvEncoder/NvCodecUtils.h: In constructor ‘BufferedFileReader::BufferedFileReader(const char*, bool)’:
./src/NvEncoder/NvCodecUtils.h:213:27: warning: comparison of integer expressions of different signedness: ‘uint64_t’ {aka ‘long unsigned int’} and ‘__off_t’ {aka ‘long int’} [-Wsign-compare]
  213 |                 if (nSize != st.st_size) {
      |                     ~~~~~~^~~~~~~~~~~~~
In file included from ./include/image_processing.h:4,
                 from ./include/opengldisplay.h:3,
                 from src/opengldisplay.cpp:7:
./src/NvEncoder/NvCodecUtils.h:217:26: warning: catching polymorphic type ‘class std::bad_alloc’ by value [-Wcatch-value=]
  217 |             } catch(std::bad_alloc) {
      |                          ^~~~~~~~~
In file included from ./src/NvEncoder/NvCodecUtils.h:39,
                 from ./include/image_processing.h:4,
                 from ./include/opengldisplay.h:3,
                 from src/opengldisplay.cpp:7:
./src/NvEncoder/NvCodecUtils.h:236:22: warning: comparison of integer expressions of different signedness: ‘std::streamsize’ {aka ‘long int’} and ‘uint64_t’ {aka ‘long unsigned int’} [-Wsign-compare]
  236 |         assert(nRead == nSize);
      |                ~~~~~~^~~~~~~~
In file included from ./include/video_capture.h:3,
                 from ./include/image_processing.h:6,
                 from ./include/opengldisplay.h:3,
                 from src/opengldisplay.cpp:7:
./include/thread.h: In function ‘float tick()’:
./include/thread.h:13:13: warning: comparison of integer expressions of different signedness: ‘uint32_t’ {aka ‘unsigned int’} and ‘int’ [-Wsign-compare]
   13 |     if (res == -1)
      |         ~~~~^~~~~
In file included from /usr/local/TensorRT-10.0.1.6/include/NvInferLegacyDims.h:22,
                 from /usr/local/TensorRT-10.0.1.6/include/NvInfer.h:21,
                 from /usr/local/TensorRT-10.0.1.6/include/NvInferPlugin.h:21,
                 from ./include/yolov8_det.h:3,
                 from ./include/opengldisplay.h:4,
                 from src/opengldisplay.cpp:7:
/usr/local/TensorRT-10.0.1.6/include/NvInferRuntimeBase.h: In member function ‘virtual void* nvinfer1::v_1_0::IGpuAllocator::allocateAsync(uint64_t, uint64_t, nvinfer1::AllocatorFlags, cudaStream_t)’:
/usr/local/TensorRT-10.0.1.6/include/NvInferRuntimeBase.h:593:24: warning: ‘virtual void* nvinfer1::v_1_0::IGpuAllocator::allocate(uint64_t, uint64_t, nvinfer1::AllocatorFlags)’ is deprecated [-Wdeprecated-declarations]
  593 |         return allocate(size, alignment, flags);
      |                ~~~~~~~~^~~~~~~~~~~~~~~~~~~~~~~~
/usr/local/TensorRT-10.0.1.6/include/NvInferRuntimeBase.h:494:34: note: declared here
  494 |     TRT_DEPRECATED virtual void* allocate(
      |                                  ^~~~~~~~
/usr/local/TensorRT-10.0.1.6/include/NvInferRuntimeBase.h: In member function ‘virtual bool nvinfer1::v_1_0::IGpuAllocator::deallocateAsync(void*, cudaStream_t)’:
/usr/local/TensorRT-10.0.1.6/include/NvInferRuntimeBase.h:625:26: warning: ‘virtual bool nvinfer1::v_1_0::IGpuAllocator::deallocate(void*)’ is deprecated [-Wdeprecated-declarations]
  625 |         return deallocate(memory);
      |                ~~~~~~~~~~^~~~~~~~
/usr/local/TensorRT-10.0.1.6/include/NvInferRuntimeBase.h:560:33: note: declared here
  560 |     TRT_DEPRECATED virtual bool deallocate(void* const memory) noexcept = 0;
      |                                 ^~~~~~~~~~
In file included from /usr/local/TensorRT-10.0.1.6/include/NvInferRuntimeCommon.h:34,
                 from /usr/local/TensorRT-10.0.1.6/include/NvInferImpl.h:22,
                 from /usr/local/TensorRT-10.0.1.6/include/NvInferRuntime.h:27,
                 from /usr/local/TensorRT-10.0.1.6/include/NvInfer.h:22,
                 from /usr/local/TensorRT-10.0.1.6/include/NvInferPlugin.h:21,
                 from ./include/yolov8_det.h:3,
                 from ./include/opengldisplay.h:4,
                 from src/opengldisplay.cpp:7:
/usr/local/TensorRT-10.0.1.6/include/NvInferRuntimePlugin.h: At global scope:
/usr/local/TensorRT-10.0.1.6/include/NvInferRuntimePlugin.h:1001:104: warning: ‘IPluginV2’ is deprecated [-Wdeprecated-declarations]
 1001 |     virtual IPluginV2* createPlugin(AsciiChar const* name, PluginFieldCollection const* fc) noexcept = 0;
      |                                                                                                        ^
/usr/local/TensorRT-10.0.1.6/include/NvInferRuntimePlugin.h:127:22: note: declared here
  127 | class TRT_DEPRECATED IPluginV2
      |                      ^~~~~~~~~
/usr/local/TensorRT-10.0.1.6/include/NvInferRuntimePlugin.h:1019:11: warning: ‘IPluginV2’ is deprecated [-Wdeprecated-declarations]
 1019 |         = 0;
      |           ^
/usr/local/TensorRT-10.0.1.6/include/NvInferRuntimePlugin.h:127:22: note: declared here
  127 | class TRT_DEPRECATED IPluginV2
      |                      ^~~~~~~~~
/usr/local/TensorRT-10.0.1.6/include/NvInferRuntimePlugin.h:1091:31: warning: ‘IPluginCreator’ is deprecated [-Wdeprecated-declarations]
 1091 | using IPluginCreator = v_1_0::IPluginCreator;
      |                               ^~~~~~~~~~~~~~
/usr/local/TensorRT-10.0.1.6/include/NvInferRuntimePlugin.h:945:22: note: declared here
  945 | class TRT_DEPRECATED IPluginCreator : public IPluginCreatorInterface
      |                      ^~~~~~~~~~~~~~
/usr/local/TensorRT-10.0.1.6/include/NvInferRuntimePlugin.h:1091:45: warning: ‘IPluginCreator’ is deprecated [-Wdeprecated-declarations]
 1091 | using IPluginCreator = v_1_0::IPluginCreator;
      |                                             ^
/usr/local/TensorRT-10.0.1.6/include/NvInferRuntimePlugin.h:945:22: note: declared here
  945 | class TRT_DEPRECATED IPluginCreator : public IPluginCreatorInterface
      |                      ^~~~~~~~~~~~~~
In file included from /usr/local/TensorRT-10.0.1.6/include/NvInferRuntime.h:27,
                 from /usr/local/TensorRT-10.0.1.6/include/NvInfer.h:22,
                 from /usr/local/TensorRT-10.0.1.6/include/NvInferPlugin.h:21,
                 from ./include/yolov8_det.h:3,
                 from ./include/opengldisplay.h:4,
                 from src/opengldisplay.cpp:7:
/usr/local/TensorRT-10.0.1.6/include/NvInferImpl.h:634:47: warning: ‘IPluginV2’ is deprecated [-Wdeprecated-declarations]
  634 |     virtual IPluginV2& getPlugin() noexcept = 0;
      |                                               ^
In file included from /usr/local/TensorRT-10.0.1.6/include/NvInferRuntimeCommon.h:34,
                 from /usr/local/TensorRT-10.0.1.6/include/NvInferImpl.h:22,
                 from /usr/local/TensorRT-10.0.1.6/include/NvInferRuntime.h:27,
                 from /usr/local/TensorRT-10.0.1.6/include/NvInfer.h:22,
                 from /usr/local/TensorRT-10.0.1.6/include/NvInferPlugin.h:21,
                 from ./include/yolov8_det.h:3,
                 from ./include/opengldisplay.h:4,
                 from src/opengldisplay.cpp:7:
/usr/local/TensorRT-10.0.1.6/include/NvInferRuntimePlugin.h:127:22: note: declared here
  127 | class TRT_DEPRECATED IPluginV2
      |                      ^~~~~~~~~
In file included from /usr/local/TensorRT-10.0.1.6/include/NvInferRuntime.h:27,
                 from /usr/local/TensorRT-10.0.1.6/include/NvInfer.h:22,
                 from /usr/local/TensorRT-10.0.1.6/include/NvInferPlugin.h:21,
                 from ./include/yolov8_det.h:3,
                 from ./include/opengldisplay.h:4,
                 from src/opengldisplay.cpp:7:
/usr/local/TensorRT-10.0.1.6/include/NvInferImpl.h:998:113: warning: ‘IPluginV2’ is deprecated [-Wdeprecated-declarations]
  998 |     virtual IPluginV2Layer* addPluginV2(ITensor* const* inputs, int32_t nbInputs, IPluginV2& plugin) noexcept = 0;
      |                                                                                                                 ^
In file included from /usr/local/TensorRT-10.0.1.6/include/NvInferRuntimeCommon.h:34,
                 from /usr/local/TensorRT-10.0.1.6/include/NvInferImpl.h:22,
                 from /usr/local/TensorRT-10.0.1.6/include/NvInferRuntime.h:27,
                 from /usr/local/TensorRT-10.0.1.6/include/NvInfer.h:22,
                 from /usr/local/TensorRT-10.0.1.6/include/NvInferPlugin.h:21,
                 from ./include/yolov8_det.h:3,
                 from ./include/opengldisplay.h:4,
                 from src/opengldisplay.cpp:7:
/usr/local/TensorRT-10.0.1.6/include/NvInferRuntimePlugin.h:127:22: note: declared here
  127 | class TRT_DEPRECATED IPluginV2
      |                      ^~~~~~~~~
In file included from /usr/local/TensorRT-10.0.1.6/include/NvInfer.h:22,
                 from /usr/local/TensorRT-10.0.1.6/include/NvInferPlugin.h:21,
                 from ./include/yolov8_det.h:3,
                 from ./include/opengldisplay.h:4,
                 from src/opengldisplay.cpp:7:
/usr/local/TensorRT-10.0.1.6/include/NvInferRuntime.h: In member function ‘virtual void* nvinfer1::v_1_0::IOutputAllocator::reallocateOutputAsync(const char*, void*, uint64_t, uint64_t, cudaStream_t)’:
/usr/local/TensorRT-10.0.1.6/include/NvInferRuntime.h:3254:32: warning: ‘virtual void* nvinfer1::v_1_0::IOutputAllocator::reallocateOutput(const char*, void*, uint64_t, uint64_t)’ is deprecated [-Wdeprecated-declarations]
 3254 |         return reallocateOutput(tensorName, currentMemory, size, alignment);
      |                ~~~~~~~~~~~~~~~~^~~~~~~~~~~~~~~~~~~~~~~~~~~~~~~~~~~~~~~~~~~~
/usr/local/TensorRT-10.0.1.6/include/NvInferRuntime.h:3223:34: note: declared here
 3223 |     TRT_DEPRECATED virtual void* reallocateOutput(
      |                                  ^~~~~~~~~~~~~~~~
In file included from /usr/local/TensorRT-10.0.1.6/include/NvInferPlugin.h:21,
                 from ./include/yolov8_det.h:3,
                 from ./include/opengldisplay.h:4,
                 from src/opengldisplay.cpp:7:
/usr/local/TensorRT-10.0.1.6/include/NvInfer.h: At global scope:
/usr/local/TensorRT-10.0.1.6/include/NvInfer.h:2699:28: warning: ‘IPluginV2’ is deprecated [-Wdeprecated-declarations]
 2699 |     IPluginV2& getPlugin() noexcept
      |                            ^~~~~~~~
In file included from /usr/local/TensorRT-10.0.1.6/include/NvInferRuntimeCommon.h:34,
                 from /usr/local/TensorRT-10.0.1.6/include/NvInferImpl.h:22,
                 from /usr/local/TensorRT-10.0.1.6/include/NvInferRuntime.h:27,
                 from /usr/local/TensorRT-10.0.1.6/include/NvInfer.h:22,
                 from /usr/local/TensorRT-10.0.1.6/include/NvInferPlugin.h:21,
                 from ./include/yolov8_det.h:3,
                 from ./include/opengldisplay.h:4,
                 from src/opengldisplay.cpp:7:
/usr/local/TensorRT-10.0.1.6/include/NvInferRuntimePlugin.h:127:22: note: declared here
  127 | class TRT_DEPRECATED IPluginV2
      |                      ^~~~~~~~~
In file included from /usr/local/TensorRT-10.0.1.6/include/NvInferPlugin.h:21,
                 from ./include/yolov8_det.h:3,
                 from ./include/opengldisplay.h:4,
                 from src/opengldisplay.cpp:7:
/usr/local/TensorRT-10.0.1.6/include/NvInfer.h:6815:94: warning: ‘IPluginV2’ is deprecated [-Wdeprecated-declarations]
 6815 |     IPluginV2Layer* addPluginV2(ITensor* const* inputs, int32_t nbInputs, IPluginV2& plugin) noexcept
      |                                                                                              ^~~~~~~~
In file included from /usr/local/TensorRT-10.0.1.6/include/NvInferRuntimeCommon.h:34,
                 from /usr/local/TensorRT-10.0.1.6/include/NvInferImpl.h:22,
                 from /usr/local/TensorRT-10.0.1.6/include/NvInferRuntime.h:27,
                 from /usr/local/TensorRT-10.0.1.6/include/NvInfer.h:22,
                 from /usr/local/TensorRT-10.0.1.6/include/NvInferPlugin.h:21,
                 from ./include/yolov8_det.h:3,
                 from ./include/opengldisplay.h:4,
                 from src/opengldisplay.cpp:7:
/usr/local/TensorRT-10.0.1.6/include/NvInferRuntimePlugin.h:127:22: note: declared here
  127 | class TRT_DEPRECATED IPluginV2
      |                      ^~~~~~~~~
In file included from ./include/gpu_video_encoder.h:8,
                 from src/gpu_video_encoder.cpp:7:
./src/NvEncoder/NvEncoderCLIOptions.h:37:10: fatal error: ../Utils/Logger.h: No such file or directory
   37 | #include "../Utils/Logger.h"
      |          ^~~~~~~~~~~~~~~~~~~
compilation terminated.
In file included from /usr/local/TensorRT-10.0.1.6/include/NvInferLegacyDims.h:22,
                 from /usr/local/TensorRT-10.0.1.6/include/NvInfer.h:21,
                 from /usr/local/TensorRT-10.0.1.6/include/NvInferPlugin.h:21,
                 from ./include/yolov8_det.h:3,
                 from src/yolov8_det.cpp:1:
/usr/local/TensorRT-10.0.1.6/include/NvInferRuntimeBase.h: In member function ‘virtual void* nvinfer1::v_1_0::IGpuAllocator::allocateAsync(uint64_t, uint64_t, nvinfer1::AllocatorFlags, cudaStream_t)’:
/usr/local/TensorRT-10.0.1.6/include/NvInferRuntimeBase.h:593:24: warning: ‘virtual void* nvinfer1::v_1_0::IGpuAllocator::allocate(uint64_t, uint64_t, nvinfer1::AllocatorFlags)’ is deprecated [-Wdeprecated-declarations]
  593 |         return allocate(size, alignment, flags);
      |                ~~~~~~~~^~~~~~~~~~~~~~~~~~~~~~~~
/usr/local/TensorRT-10.0.1.6/include/NvInferRuntimeBase.h:494:34: note: declared here
  494 |     TRT_DEPRECATED virtual void* allocate(
      |                                  ^~~~~~~~
/usr/local/TensorRT-10.0.1.6/include/NvInferRuntimeBase.h: In member function ‘virtual bool nvinfer1::v_1_0::IGpuAllocator::deallocateAsync(void*, cudaStream_t)’:
/usr/local/TensorRT-10.0.1.6/include/NvInferRuntimeBase.h:625:26: warning: ‘virtual bool nvinfer1::v_1_0::IGpuAllocator::deallocate(void*)’ is deprecated [-Wdeprecated-declarations]
  625 |         return deallocate(memory);
      |                ~~~~~~~~~~^~~~~~~~
/usr/local/TensorRT-10.0.1.6/include/NvInferRuntimeBase.h:560:33: note: declared here
  560 |     TRT_DEPRECATED virtual bool deallocate(void* const memory) noexcept = 0;
      |                                 ^~~~~~~~~~
In file included from /usr/local/TensorRT-10.0.1.6/include/NvInferRuntimeCommon.h:34,
                 from /usr/local/TensorRT-10.0.1.6/include/NvInferImpl.h:22,
                 from /usr/local/TensorRT-10.0.1.6/include/NvInferRuntime.h:27,
                 from /usr/local/TensorRT-10.0.1.6/include/NvInfer.h:22,
                 from /usr/local/TensorRT-10.0.1.6/include/NvInferPlugin.h:21,
                 from ./include/yolov8_det.h:3,
                 from src/yolov8_det.cpp:1:
/usr/local/TensorRT-10.0.1.6/include/NvInferRuntimePlugin.h: At global scope:
/usr/local/TensorRT-10.0.1.6/include/NvInferRuntimePlugin.h:1001:104: warning: ‘IPluginV2’ is deprecated [-Wdeprecated-declarations]
 1001 |     virtual IPluginV2* createPlugin(AsciiChar const* name, PluginFieldCollection const* fc) noexcept = 0;
      |                                                                                                        ^
/usr/local/TensorRT-10.0.1.6/include/NvInferRuntimePlugin.h:127:22: note: declared here
  127 | class TRT_DEPRECATED IPluginV2
      |                      ^~~~~~~~~
/usr/local/TensorRT-10.0.1.6/include/NvInferRuntimePlugin.h:1019:11: warning: ‘IPluginV2’ is deprecated [-Wdeprecated-declarations]
 1019 |         = 0;
      |           ^
/usr/local/TensorRT-10.0.1.6/include/NvInferRuntimePlugin.h:127:22: note: declared here
  127 | class TRT_DEPRECATED IPluginV2
      |                      ^~~~~~~~~
/usr/local/TensorRT-10.0.1.6/include/NvInferRuntimePlugin.h:1091:31: warning: ‘IPluginCreator’ is deprecated [-Wdeprecated-declarations]
 1091 | using IPluginCreator = v_1_0::IPluginCreator;
      |                               ^~~~~~~~~~~~~~
/usr/local/TensorRT-10.0.1.6/include/NvInferRuntimePlugin.h:945:22: note: declared here
  945 | class TRT_DEPRECATED IPluginCreator : public IPluginCreatorInterface
      |                      ^~~~~~~~~~~~~~
/usr/local/TensorRT-10.0.1.6/include/NvInferRuntimePlugin.h:1091:45: warning: ‘IPluginCreator’ is deprecated [-Wdeprecated-declarations]
 1091 | using IPluginCreator = v_1_0::IPluginCreator;
      |                                             ^
/usr/local/TensorRT-10.0.1.6/include/NvInferRuntimePlugin.h:945:22: note: declared here
  945 | class TRT_DEPRECATED IPluginCreator : public IPluginCreatorInterface
      |                      ^~~~~~~~~~~~~~
In file included from /usr/local/TensorRT-10.0.1.6/include/NvInferRuntime.h:27,
                 from /usr/local/TensorRT-10.0.1.6/include/NvInfer.h:22,
                 from /usr/local/TensorRT-10.0.1.6/include/NvInferPlugin.h:21,
                 from ./include/yolov8_det.h:3,
                 from src/yolov8_det.cpp:1:
/usr/local/TensorRT-10.0.1.6/include/NvInferImpl.h:634:47: warning: ‘IPluginV2’ is deprecated [-Wdeprecated-declarations]
  634 |     virtual IPluginV2& getPlugin() noexcept = 0;
      |                                               ^
In file included from /usr/local/TensorRT-10.0.1.6/include/NvInferRuntimeCommon.h:34,
                 from /usr/local/TensorRT-10.0.1.6/include/NvInferImpl.h:22,
                 from /usr/local/TensorRT-10.0.1.6/include/NvInferRuntime.h:27,
                 from /usr/local/TensorRT-10.0.1.6/include/NvInfer.h:22,
                 from /usr/local/TensorRT-10.0.1.6/include/NvInferPlugin.h:21,
                 from ./include/yolov8_det.h:3,
                 from src/yolov8_det.cpp:1:
/usr/local/TensorRT-10.0.1.6/include/NvInferRuntimePlugin.h:127:22: note: declared here
  127 | class TRT_DEPRECATED IPluginV2
      |                      ^~~~~~~~~
In file included from /usr/local/TensorRT-10.0.1.6/include/NvInferRuntime.h:27,
                 from /usr/local/TensorRT-10.0.1.6/include/NvInfer.h:22,
                 from /usr/local/TensorRT-10.0.1.6/include/NvInferPlugin.h:21,
                 from ./include/yolov8_det.h:3,
                 from src/yolov8_det.cpp:1:
/usr/local/TensorRT-10.0.1.6/include/NvInferImpl.h:998:113: warning: ‘IPluginV2’ is deprecated [-Wdeprecated-declarations]
  998 |     virtual IPluginV2Layer* addPluginV2(ITensor* const* inputs, int32_t nbInputs, IPluginV2& plugin) noexcept = 0;
      |                                                                                                                 ^
In file included from /usr/local/TensorRT-10.0.1.6/include/NvInferRuntimeCommon.h:34,
                 from /usr/local/TensorRT-10.0.1.6/include/NvInferImpl.h:22,
                 from /usr/local/TensorRT-10.0.1.6/include/NvInferRuntime.h:27,
                 from /usr/local/TensorRT-10.0.1.6/include/NvInfer.h:22,
                 from /usr/local/TensorRT-10.0.1.6/include/NvInferPlugin.h:21,
                 from ./include/yolov8_det.h:3,
                 from src/yolov8_det.cpp:1:
/usr/local/TensorRT-10.0.1.6/include/NvInferRuntimePlugin.h:127:22: note: declared here
  127 | class TRT_DEPRECATED IPluginV2
      |                      ^~~~~~~~~
In file included from /usr/local/TensorRT-10.0.1.6/include/NvInfer.h:22,
                 from /usr/local/TensorRT-10.0.1.6/include/NvInferPlugin.h:21,
                 from ./include/yolov8_det.h:3,
                 from src/yolov8_det.cpp:1:
/usr/local/TensorRT-10.0.1.6/include/NvInferRuntime.h: In member function ‘virtual void* nvinfer1::v_1_0::IOutputAllocator::reallocateOutputAsync(const char*, void*, uint64_t, uint64_t, cudaStream_t)’:
/usr/local/TensorRT-10.0.1.6/include/NvInferRuntime.h:3254:32: warning: ‘virtual void* nvinfer1::v_1_0::IOutputAllocator::reallocateOutput(const char*, void*, uint64_t, uint64_t)’ is deprecated [-Wdeprecated-declarations]
 3254 |         return reallocateOutput(tensorName, currentMemory, size, alignment);
      |                ~~~~~~~~~~~~~~~~^~~~~~~~~~~~~~~~~~~~~~~~~~~~~~~~~~~~~~~~~~~~
/usr/local/TensorRT-10.0.1.6/include/NvInferRuntime.h:3223:34: note: declared here
 3223 |     TRT_DEPRECATED virtual void* reallocateOutput(
      |                                  ^~~~~~~~~~~~~~~~
In file included from /usr/local/TensorRT-10.0.1.6/include/NvInferPlugin.h:21,
                 from ./include/yolov8_det.h:3,
                 from src/yolov8_det.cpp:1:
/usr/local/TensorRT-10.0.1.6/include/NvInfer.h: At global scope:
/usr/local/TensorRT-10.0.1.6/include/NvInfer.h:2699:28: warning: ‘IPluginV2’ is deprecated [-Wdeprecated-declarations]
 2699 |     IPluginV2& getPlugin() noexcept
      |                            ^~~~~~~~
In file included from /usr/local/TensorRT-10.0.1.6/include/NvInferRuntimeCommon.h:34,
                 from /usr/local/TensorRT-10.0.1.6/include/NvInferImpl.h:22,
                 from /usr/local/TensorRT-10.0.1.6/include/NvInferRuntime.h:27,
                 from /usr/local/TensorRT-10.0.1.6/include/NvInfer.h:22,
                 from /usr/local/TensorRT-10.0.1.6/include/NvInferPlugin.h:21,
                 from ./include/yolov8_det.h:3,
                 from src/yolov8_det.cpp:1:
/usr/local/TensorRT-10.0.1.6/include/NvInferRuntimePlugin.h:127:22: note: declared here
  127 | class TRT_DEPRECATED IPluginV2
      |                      ^~~~~~~~~
In file included from /usr/local/TensorRT-10.0.1.6/include/NvInferPlugin.h:21,
                 from ./include/yolov8_det.h:3,
                 from src/yolov8_det.cpp:1:
/usr/local/TensorRT-10.0.1.6/include/NvInfer.h:6815:94: warning: ‘IPluginV2’ is deprecated [-Wdeprecated-declarations]
 6815 |     IPluginV2Layer* addPluginV2(ITensor* const* inputs, int32_t nbInputs, IPluginV2& plugin) noexcept
      |                                                                                              ^~~~~~~~
In file included from /usr/local/TensorRT-10.0.1.6/include/NvInferRuntimeCommon.h:34,
                 from /usr/local/TensorRT-10.0.1.6/include/NvInferImpl.h:22,
                 from /usr/local/TensorRT-10.0.1.6/include/NvInferRuntime.h:27,
                 from /usr/local/TensorRT-10.0.1.6/include/NvInfer.h:22,
                 from /usr/local/TensorRT-10.0.1.6/include/NvInferPlugin.h:21,
                 from ./include/yolov8_det.h:3,
                 from src/yolov8_det.cpp:1:
/usr/local/TensorRT-10.0.1.6/include/NvInferRuntimePlugin.h:127:22: note: declared here
  127 | class TRT_DEPRECATED IPluginV2
      |                      ^~~~~~~~~
src/yolov8_det.cpp: In member function ‘void YOLOv8::copy_keypoints_gpu(float*, const std::vector<pose::Object>&)’:
src/yolov8_det.cpp:354:15: warning: unused variable ‘num_point’ [-Wunused-variable]
  354 |     const int num_point = 4;
      |               ^~~~~~~~~
third_party/ImGuiFileDialog/ImGuiFileDialog.cpp:5168: warning: ignoring ‘#pragma endregion ’ [-Wunknown-pragmas]
 5168 | #pragma endregion
      | 
In file included from ./src/NvEncoder/NvCodecUtils.h:42,
                 from ./src/NvEncoder/NvEncoder.h:38,
                 from src/NvEncoder/NvEncoder.cpp:28:
./src/NvEncoder/Logger.h: In constructor ‘simplelogger::LoggerFactory::UdpLogger::UdpOstream::UdpOstream(char*, short unsigned int)’:
./src/NvEncoder/Logger.h:169:68: warning: missing initializer for member ‘sockaddr_in::sin_zero’ [-Wmissing-field-initializers]
  169 |                 struct sockaddr_in s = {AF_INET, htons(uPort), addr};
      |                                                                    ^
In file included from ./src/NvEncoder/NvEncoder.h:38,
                 from src/NvEncoder/NvEncoder.cpp:28:
./src/NvEncoder/NvCodecUtils.h: In constructor ‘BufferedFileReader::BufferedFileReader(const char*, bool)’:
./src/NvEncoder/NvCodecUtils.h:213:27: warning: comparison of integer expressions of different signedness: ‘uint64_t’ {aka ‘long unsigned int’} and ‘__off_t’ {aka ‘long int’} [-Wsign-compare]
  213 |                 if (nSize != st.st_size) {
      |                     ~~~~~~^~~~~~~~~~~~~
In file included from ./src/NvEncoder/NvEncoder.h:38,
                 from src/NvEncoder/NvEncoder.cpp:28:
./src/NvEncoder/NvCodecUtils.h:217:26: warning: catching polymorphic type ‘class std::bad_alloc’ by value [-Wcatch-value=]
  217 |             } catch(std::bad_alloc) {
      |                          ^~~~~~~~~
In file included from ./src/NvEncoder/NvCodecUtils.h:39,
                 from ./src/NvEncoder/NvEncoder.h:38,
                 from src/NvEncoder/NvEncoder.cpp:28:
./src/NvEncoder/NvCodecUtils.h:236:22: warning: comparison of integer expressions of different signedness: ‘std::streamsize’ {aka ‘long int’} and ‘uint64_t’ {aka ‘long unsigned int’} [-Wsign-compare]
  236 |         assert(nRead == nSize);
      |                ~~~~~~^~~~~~~~
In file included from src/NvEncoder/NvEncoder.cpp:28:
./src/NvEncoder/NvEncoder.h: At global scope:
./src/NvEncoder/NvEncoder.h:46:55: error: ‘NVENCSTATUS’ does not name a type
   46 |     NVENCException(const std::string& errorStr, const NVENCSTATUS errorCode)
      |                                                       ^~~~~~~~~~~
./src/NvEncoder/NvEncoder.h:51:5: error: ‘NVENCSTATUS’ does not name a type
   51 |     NVENCSTATUS  getErrorCode() const { return m_errorCode; }
      |     ^~~~~~~~~~~
./src/NvEncoder/NvEncoder.h:53:81: error: ‘NVENCSTATUS’ does not name a type
   53 |     static NVENCException makeNVENCException(const std::string& errorStr, const NVENCSTATUS errorCode,
      |                                                                                 ^~~~~~~~~~~
./src/NvEncoder/NvEncoder.h:57:5: error: ‘NVENCSTATUS’ does not name a type
   57 |     NVENCSTATUS m_errorCode;
      |     ^~~~~~~~~~~
./src/NvEncoder/NvEncoder.h: In constructor ‘NVENCException::NVENCException(const string&, int)’:
./src/NvEncoder/NvEncoder.h:47:36: error: class ‘NVENCException’ does not have any field named ‘m_errorCode’
   47 |         : m_errorString(errorStr), m_errorCode(errorCode) {}
      |                                    ^~~~~~~~~~~
./src/NvEncoder/NvEncoder.h: At global scope:
./src/NvEncoder/NvEncoder.h:60:93: error: ‘NVENCSTATUS’ does not name a type
   60 | inline NVENCException NVENCException::makeNVENCException(const std::string& errorStr, const NVENCSTATUS errorCode, const std::string& functionName,
      |                                                                                             ^~~~~~~~~~~
In file included from src/NvEncoder/NvEncoder.cpp:28:
./src/NvEncoder/NvEncoder.h:95:5: error: ‘NV_ENC_BUFFER_FORMAT’ does not name a type
   95 |     NV_ENC_BUFFER_FORMAT bufferFormat;
      |     ^~~~~~~~~~~~~~~~~~~~
./src/NvEncoder/NvEncoder.h:96:5: error: ‘NV_ENC_INPUT_RESOURCE_TYPE’ does not name a type
   96 |     NV_ENC_INPUT_RESOURCE_TYPE resourceType;
      |     ^~~~~~~~~~~~~~~~~~~~~~~~~~
./src/NvEncoder/NvEncoder.h:110:38: error: ‘NV_ENC_INITIALIZE_PARAMS’ does not name a type
  110 |     virtual void CreateEncoder(const NV_ENC_INITIALIZE_PARAMS* pEncodeParams);
      |                                      ^~~~~~~~~~~~~~~~~~~~~~~~
./src/NvEncoder/NvEncoder.h:126:28: error: ‘NV_ENC_RECONFIGURE_PARAMS’ does not name a type
  126 |     bool Reconfigure(const NV_ENC_RECONFIGURE_PARAMS *pReconfigureParams);
      |                            ^~~~~~~~~~~~~~~~~~~~~~~~~
./src/NvEncoder/NvEncoder.h:143:74: error: ‘NV_ENC_PIC_PARAMS’ has not been declared
  143 |     virtual void EncodeFrame(std::vector<std::vector<uint8_t>> &vPacket, NV_ENC_PIC_PARAMS *pPicParams = nullptr);
      |                                                                          ^~~~~~~~~~~~~~~~~
./src/NvEncoder/NvEncoder.h:159:28: error: ‘GUID’ has not been declared
  159 |     int GetCapabilityValue(GUID guidCodec, NV_ENC_CAPS capsToQuery);
      |                            ^~~~
./src/NvEncoder/NvEncoder.h:159:44: error: ‘NV_ENC_CAPS’ has not been declared
  159 |     int GetCapabilityValue(GUID guidCodec, NV_ENC_CAPS capsToQuery);
      |                                            ^~~~~~~~~~~
./src/NvEncoder/NvEncoder.h:169:5: error: ‘NV_ENC_DEVICE_TYPE’ does not name a type
  169 |     NV_ENC_DEVICE_TYPE GetDeviceType() const { return m_eDeviceType; }
      |     ^~~~~~~~~~~~~~~~~~
./src/NvEncoder/NvEncoder.h:196:37: error: ‘NV_ENC_INITIALIZE_PARAMS’ has not been declared
  196 |     void CreateDefaultEncoderParams(NV_ENC_INITIALIZE_PARAMS* pIntializeParams, GUID codecGuid, GUID presetGuid, NV_ENC_TUNING_INFO tuningInfo = NV_ENC_TUNING_INFO_UNDEFINED);
      |                                     ^~~~~~~~~~~~~~~~~~~~~~~~
./src/NvEncoder/NvEncoder.h:196:81: error: ‘GUID’ has not been declared
  196 |     void CreateDefaultEncoderParams(NV_ENC_INITIALIZE_PARAMS* pIntializeParams, GUID codecGuid, GUID presetGuid, NV_ENC_TUNING_INFO tuningInfo = NV_ENC_TUNING_INFO_UNDEFINED);
      |                                                                                 ^~~~
./src/NvEncoder/NvEncoder.h:196:97: error: ‘GUID’ has not been declared
  196 |     void CreateDefaultEncoderParams(NV_ENC_INITIALIZE_PARAMS* pIntializeParams, GUID codecGuid, GUID presetGuid, NV_ENC_TUNING_INFO tuningInfo = NV_ENC_TUNING_INFO_UNDEFINED);
      |                                                                                                 ^~~~
./src/NvEncoder/NvEncoder.h:196:114: error: ‘NV_ENC_TUNING_INFO’ has not been declared
  196 |     void CreateDefaultEncoderParams(NV_ENC_INITIALIZE_PARAMS* pIntializeParams, GUID codecGuid, GUID presetGuid, NV_ENC_TUNING_INFO tuningInfo = NV_ENC_TUNING_INFO_UNDEFINED);
      |                                                                                                                  ^~~~~~~~~~~~~~~~~~
./src/NvEncoder/NvEncoder.h:204:30: error: ‘NV_ENC_INITIALIZE_PARAMS’ has not been declared
  204 |     void GetInitializeParams(NV_ENC_INITIALIZE_PARAMS *pInitializeParams);
      |                              ^~~~~~~~~~~~~~~~~~~~~~~~
./src/NvEncoder/NvEncoder.h:240:48: error: ‘NV_ENC_BUFFER_FORMAT’ does not name a type
  240 |     static void GetChromaSubPlaneOffsets(const NV_ENC_BUFFER_FORMAT bufferFormat, const uint32_t pitch,
      |                                                ^~~~~~~~~~~~~~~~~~~~
./src/NvEncoder/NvEncoder.h:245:42: error: ‘NV_ENC_BUFFER_FORMAT’ does not name a type
  245 |     static uint32_t GetChromaPitch(const NV_ENC_BUFFER_FORMAT bufferFormat, const uint32_t lumaPitch);
      |                                          ^~~~~~~~~~~~~~~~~~~~
./src/NvEncoder/NvEncoder.h:250:46: error: ‘NV_ENC_BUFFER_FORMAT’ does not name a type
  250 |     static uint32_t GetNumChromaPlanes(const NV_ENC_BUFFER_FORMAT bufferFormat);
      |                                              ^~~~~~~~~~~~~~~~~~~~
./src/NvEncoder/NvEncoder.h:255:49: error: ‘NV_ENC_BUFFER_FORMAT’ does not name a type
  255 |     static uint32_t GetChromaWidthInBytes(const NV_ENC_BUFFER_FORMAT bufferFormat, const uint32_t lumaWidth);
      |                                                 ^~~~~~~~~~~~~~~~~~~~
./src/NvEncoder/NvEncoder.h:260:43: error: ‘NV_ENC_BUFFER_FORMAT’ does not name a type
  260 |     static uint32_t GetChromaHeight(const NV_ENC_BUFFER_FORMAT bufferFormat, const uint32_t lumaHeight);
      |                                           ^~~~~~~~~~~~~~~~~~~~
./src/NvEncoder/NvEncoder.h:267:43: error: ‘NV_ENC_BUFFER_FORMAT’ does not name a type
  267 |     static uint32_t GetWidthInBytes(const NV_ENC_BUFFER_FORMAT bufferFormat, const uint32_t width);
      |                                           ^~~~~~~~~~~~~~~~~~~~
./src/NvEncoder/NvEncoder.h:277:5: error: ‘NV_ENC_INITIALIZE_PARAMS’ does not name a type
  277 |     NV_ENC_INITIALIZE_PARAMS GetinitializeParams() const { return m_initializeParams; }
      |     ^~~~~~~~~~~~~~~~~~~~~~~~
./src/NvEncoder/NvEncoder.h:284:33: error: expected ‘)’ before ‘eDeviceType’
  284 |     NvEncoder(NV_ENC_DEVICE_TYPE eDeviceType, void *pDevice, uint32_t nWidth, uint32_t nHeight,
      |              ~                  ^~~~~~~~~~~~
      |                                 )
./src/NvEncoder/NvEncoder.h:298:65: error: ‘NV_ENC_INPUT_RESOURCE_TYPE’ has not been declared
  298 |     void RegisterInputResources(std::vector<void*> inputframes, NV_ENC_INPUT_RESOURCE_TYPE eResourceType,
      |                                                                 ^~~~~~~~~~~~~~~~~~~~~~~~~~
./src/NvEncoder/NvEncoder.h:299:43: error: ‘NV_ENC_BUFFER_FORMAT’ has not been declared
  299 |         int width, int height, int pitch, NV_ENC_BUFFER_FORMAT bufferFormat, bool bReferenceFrame = false);
      |                                           ^~~~~~~~~~~~~~~~~~~~
./src/NvEncoder/NvEncoder.h:310:5: error: ‘NV_ENC_REGISTERED_PTR’ does not name a type
  310 |     NV_ENC_REGISTERED_PTR RegisterResource(void *pBuffer, NV_ENC_INPUT_RESOURCE_TYPE eResourceType,
      |     ^~~~~~~~~~~~~~~~~~~~~
./src/NvEncoder/NvEncoder.h:334:5: error: ‘NV_ENC_BUFFER_FORMAT’ does not name a type
  334 |     NV_ENC_BUFFER_FORMAT GetPixelFormat() const { return m_eBufferFormat; }
      |     ^~~~~~~~~~~~~~~~~~~~
./src/NvEncoder/NvEncoder.h:340:5: error: ‘NVENCSTATUS’ does not name a type
  340 |     NVENCSTATUS DoEncode(NV_ENC_INPUT_PTR inputBuffer, NV_ENC_OUTPUT_PTR outputBuffer, NV_ENC_PIC_PARAMS *pPicParams);
      |     ^~~~~~~~~~~
./src/NvEncoder/NvEncoder.h:346:5: error: ‘NVENCSTATUS’ does not name a type
  346 |     NVENCSTATUS DoMotionEstimation(NV_ENC_INPUT_PTR inputBuffer, NV_ENC_INPUT_PTR inputBufferForReference, NV_ENC_OUTPUT_PTR outputBuffer);
      |     ^~~~~~~~~~~
./src/NvEncoder/NvEncoder.h:383:39: error: ‘NV_ENC_OUTPUT_PTR’ was not declared in this scope
  383 |     void GetEncodedPacket(std::vector<NV_ENC_OUTPUT_PTR> &vOutputBuffer, std::vector<std::vector<uint8_t>> &vPacket, bool bOutputDelay);
      |                                       ^~~~~~~~~~~~~~~~~
./src/NvEncoder/NvEncoder.h:383:56: error: template argument 1 is invalid
  383 |     void GetEncodedPacket(std::vector<NV_ENC_OUTPUT_PTR> &vOutputBuffer, std::vector<std::vector<uint8_t>> &vPacket, bool bOutputDelay);
      |                                                        ^
./src/NvEncoder/NvEncoder.h:383:56: error: template argument 2 is invalid
./src/NvEncoder/NvEncoder.h:437:5: error: ‘NV_ENCODE_API_FUNCTION_LIST’ does not name a type
  437 |     NV_ENCODE_API_FUNCTION_LIST m_nvenc;
      |     ^~~~~~~~~~~~~~~~~~~~~~~~~~~
./src/NvEncoder/NvEncoder.h:438:5: error: ‘NV_ENC_INITIALIZE_PARAMS’ does not name a type
  438 |     NV_ENC_INITIALIZE_PARAMS m_initializeParams = {};
      |     ^~~~~~~~~~~~~~~~~~~~~~~~
./src/NvEncoder/NvEncoder.h:438:53: warning: extra ‘;’ [-Wpedantic]
  438 |     NV_ENC_INITIALIZE_PARAMS m_initializeParams = {};
      |                                                     ^
      |                                                     -
./src/NvEncoder/NvEncoder.h:440:17: error: ‘NV_ENC_REGISTERED_PTR’ was not declared in this scope
  440 |     std::vector<NV_ENC_REGISTERED_PTR> m_vRegisteredResources;
      |                 ^~~~~~~~~~~~~~~~~~~~~
./src/NvEncoder/NvEncoder.h:440:38: error: template argument 1 is invalid
  440 |     std::vector<NV_ENC_REGISTERED_PTR> m_vRegisteredResources;
      |                                      ^
./src/NvEncoder/NvEncoder.h:440:38: error: template argument 2 is invalid
./src/NvEncoder/NvEncoder.h:442:17: error: ‘NV_ENC_REGISTERED_PTR’ was not declared in this scope
  442 |     std::vector<NV_ENC_REGISTERED_PTR> m_vRegisteredResourcesForReference;
      |                 ^~~~~~~~~~~~~~~~~~~~~
./src/NvEncoder/NvEncoder.h:442:38: error: template argument 1 is invalid
  442 |     std::vector<NV_ENC_REGISTERED_PTR> m_vRegisteredResourcesForReference;
      |                                      ^
./src/NvEncoder/NvEncoder.h:442:38: error: template argument 2 is invalid
./src/NvEncoder/NvEncoder.h:443:17: error: ‘NV_ENC_INPUT_PTR’ was not declared in this scope
  443 |     std::vector<NV_ENC_INPUT_PTR> m_vMappedInputBuffers;
      |                 ^~~~~~~~~~~~~~~~
./src/NvEncoder/NvEncoder.h:443:33: error: template argument 1 is invalid
  443 |     std::vector<NV_ENC_INPUT_PTR> m_vMappedInputBuffers;
      |                                 ^
./src/NvEncoder/NvEncoder.h:443:33: error: template argument 2 is invalid
./src/NvEncoder/NvEncoder.h:444:17: error: ‘NV_ENC_INPUT_PTR’ was not declared in this scope
  444 |     std::vector<NV_ENC_INPUT_PTR> m_vMappedRefBuffers;
      |                 ^~~~~~~~~~~~~~~~
./src/NvEncoder/NvEncoder.h:444:33: error: template argument 1 is invalid
  444 |     std::vector<NV_ENC_INPUT_PTR> m_vMappedRefBuffers;
      |                                 ^
./src/NvEncoder/NvEncoder.h:444:33: error: template argument 2 is invalid
./src/NvEncoder/NvEncoder.h:458:5: error: ‘NV_ENC_BUFFER_FORMAT’ does not name a type
  458 |     NV_ENC_BUFFER_FORMAT m_eBufferFormat;
      |     ^~~~~~~~~~~~~~~~~~~~
./src/NvEncoder/NvEncoder.h:460:5: error: ‘NV_ENC_DEVICE_TYPE’ does not name a type
  460 |     NV_ENC_DEVICE_TYPE m_eDeviceType;
      |     ^~~~~~~~~~~~~~~~~~
./src/NvEncoder/NvEncoder.h:461:5: error: ‘NV_ENC_CONFIG’ does not name a type
  461 |     NV_ENC_CONFIG m_encodeConfig = {};
      |     ^~~~~~~~~~~~~
./src/NvEncoder/NvEncoder.h:461:38: warning: extra ‘;’ [-Wpedantic]
  461 |     NV_ENC_CONFIG m_encodeConfig = {};
      |                                      ^
      |                                      -
./src/NvEncoder/NvEncoder.h:464:17: error: ‘NV_ENC_OUTPUT_PTR’ was not declared in this scope
  464 |     std::vector<NV_ENC_OUTPUT_PTR> m_vBitstreamOutputBuffer;
      |                 ^~~~~~~~~~~~~~~~~
./src/NvEncoder/NvEncoder.h:464:34: error: template argument 1 is invalid
  464 |     std::vector<NV_ENC_OUTPUT_PTR> m_vBitstreamOutputBuffer;
      |                                  ^
./src/NvEncoder/NvEncoder.h:464:34: error: template argument 2 is invalid
./src/NvEncoder/NvEncoder.h:465:17: error: ‘NV_ENC_OUTPUT_PTR’ was not declared in this scope
  465 |     std::vector<NV_ENC_OUTPUT_PTR> m_vMVDataOutputBuffer;
      |                 ^~~~~~~~~~~~~~~~~
./src/NvEncoder/NvEncoder.h:465:34: error: template argument 1 is invalid
  465 |     std::vector<NV_ENC_OUTPUT_PTR> m_vMVDataOutputBuffer;
      |                                  ^
./src/NvEncoder/NvEncoder.h:465:34: error: template argument 2 is invalid
./src/NvEncoder/NvEncoder.h:196:146: error: ‘NV_ENC_TUNING_INFO_UNDEFINED’ was not declared in this scope
  196 |     void CreateDefaultEncoderParams(NV_ENC_INITIALIZE_PARAMS* pIntializeParams, GUID codecGuid, GUID presetGuid, NV_ENC_TUNING_INFO tuningInfo = NV_ENC_TUNING_INFO_UNDEFINED);
      |                                                                                                                                                  ^~~~~~~~~~~~~~~~~~~~~~~~~~~~
./src/NvEncoder/NvEncoder.h: In member function ‘void* NvEncoder::GetCompletionEvent(uint32_t)’:
./src/NvEncoder/NvEncoder.h:329:86: warning: comparison of integer expressions of different signedness: ‘std::vector<void*>::size_type’ {aka ‘long unsigned int’} and ‘int32_t’ {aka ‘int’} [-Wsign-compare]
  329 |     void* GetCompletionEvent(uint32_t eventIdx) { return (m_vpCompletionEvent.size() == m_nEncoderBuffer) ? m_vpCompletionEvent[eventIdx] : nullptr; }
      |                                                           ~~~~~~~~~~~~~~~~~~~~~~~~~~~^~~~~~~~~~~~~~~~~~~
src/NvEncoder/NvEncoder.cpp: At global scope:
src/NvEncoder/NvEncoder.cpp:32:37: error: ‘GUID’ does not name a type
   32 | static inline bool operator==(const GUID &guid1, const GUID &guid2) {
      |                                     ^~~~
src/NvEncoder/NvEncoder.cpp:32:56: error: ‘GUID’ does not name a type
   32 | static inline bool operator==(const GUID &guid1, const GUID &guid2) {
      |                                                        ^~~~
src/NvEncoder/NvEncoder.cpp:32:20: error: ‘bool operator==(const int&, const int&)’ must have an argument of class or enumerated type
   32 | static inline bool operator==(const GUID &guid1, const GUID &guid2) {
      |                    ^~~~~~~~
src/NvEncoder/NvEncoder.cpp:36:37: error: ‘GUID’ does not name a type
   36 | static inline bool operator!=(const GUID &guid1, const GUID &guid2) {
      |                                     ^~~~
src/NvEncoder/NvEncoder.cpp:36:56: error: ‘GUID’ does not name a type
   36 | static inline bool operator!=(const GUID &guid1, const GUID &guid2) {
      |                                                        ^~~~
src/NvEncoder/NvEncoder.cpp:36:20: error: ‘bool operator!=(const int&, const int&)’ must have an argument of class or enumerated type
   36 | static inline bool operator!=(const GUID &guid1, const GUID &guid2) {
      |                    ^~~~~~~~
src/NvEncoder/NvEncoder.cpp:41:21: error: expected constructor, destructor, or type conversion before ‘(’ token
   41 | NvEncoder::NvEncoder(NV_ENC_DEVICE_TYPE eDeviceType, void *pDevice, uint32_t nWidth, uint32_t nHeight, NV_ENC_BUFFER_FORMAT eBufferFormat,
      |                     ^
src/NvEncoder/NvEncoder.cpp: In member function ‘void NvEncoder::LoadNvEncApi()’:
src/NvEncoder/NvEncoder.cpp:78:32: error: ‘NVENCAPI_MAJOR_VERSION’ was not declared in this scope
   78 |     uint32_t currentVersion = (NVENCAPI_MAJOR_VERSION << 4) | NVENCAPI_MINOR_VERSION;
      |                                ^~~~~~~~~~~~~~~~~~~~~~
src/NvEncoder/NvEncoder.cpp:78:63: error: ‘NVENCAPI_MINOR_VERSION’ was not declared in this scope
   78 |     uint32_t currentVersion = (NVENCAPI_MAJOR_VERSION << 4) | NVENCAPI_MINOR_VERSION;
      |                                                               ^~~~~~~~~~~~~~~~~~~~~~
In file included from src/NvEncoder/NvEncoder.cpp:28:
./src/NvEncoder/NvEncoder.h:79:9: error: ‘NVENCSTATUS’ was not declared in this scope
   79 |         NVENCSTATUS errorCode = nvencAPI;                                                                          \
      |         ^~~~~~~~~~~
src/NvEncoder/NvEncoder.cpp:79:5: note: in expansion of macro ‘NVENC_API_CALL’
   79 |     NVENC_API_CALL(NvEncodeAPIGetMaxSupportedVersion(&version));
      |     ^~~~~~~~~~~~~~
./src/NvEncoder/NvEncoder.h:80:13: error: ‘errorCode’ was not declared in this scope
   80 |         if( errorCode != NV_ENC_SUCCESS)                                                                           \
      |             ^~~~~~~~~
src/NvEncoder/NvEncoder.cpp:79:5: note: in expansion of macro ‘NVENC_API_CALL’
   79 |     NVENC_API_CALL(NvEncodeAPIGetMaxSupportedVersion(&version));
      |     ^~~~~~~~~~~~~~
./src/NvEncoder/NvEncoder.h:80:26: error: ‘NV_ENC_SUCCESS’ was not declared in this scope
   80 |         if( errorCode != NV_ENC_SUCCESS)                                                                           \
      |                          ^~~~~~~~~~~~~~
src/NvEncoder/NvEncoder.cpp:79:5: note: in expansion of macro ‘NVENC_API_CALL’
   79 |     NVENC_API_CALL(NvEncodeAPIGetMaxSupportedVersion(&version));
      |     ^~~~~~~~~~~~~~
src/NvEncoder/NvEncoder.cpp:82:118: error: ‘NV_ENC_ERR_INVALID_VERSION’ was not declared in this scope
   82 |         NVENC_THROW_ERROR("Current Driver Version does not support this NvEncodeAPI version, please upgrade driver", NV_ENC_ERR_INVALID_VERSION);
      |                                                                                                                      ^~~~~~~~~~~~~~~~~~~~~~~~~~
./src/NvEncoder/NvEncoder.h:72:60: note: in definition of macro ‘NVENC_THROW_ERROR’
   72 |         throw NVENCException::makeNVENCException(errorStr, errorCode, __FUNCTION__, __FILE__, __LINE__); \
      |                                                            ^~~~~~~~~
src/NvEncoder/NvEncoder.cpp:86:5: error: ‘m_nvenc’ was not declared in this scope
   86 |     m_nvenc = { NV_ENCODE_API_FUNCTION_LIST_VER };
      |     ^~~~~~~
src/NvEncoder/NvEncoder.cpp:86:17: error: ‘NV_ENCODE_API_FUNCTION_LIST_VER’ was not declared in this scope
   86 |     m_nvenc = { NV_ENCODE_API_FUNCTION_LIST_VER };
      |                 ^~~~~~~~~~~~~~~~~~~~~~~~~~~~~~~
In file included from src/NvEncoder/NvEncoder.cpp:28:
./src/NvEncoder/NvEncoder.h:79:9: error: ‘NVENCSTATUS’ was not declared in this scope
   79 |         NVENCSTATUS errorCode = nvencAPI;                                                                          \
      |         ^~~~~~~~~~~
src/NvEncoder/NvEncoder.cpp:87:5: note: in expansion of macro ‘NVENC_API_CALL’
   87 |     NVENC_API_CALL(NvEncodeAPICreateInstance(&m_nvenc));
      |     ^~~~~~~~~~~~~~
./src/NvEncoder/NvEncoder.h:80:13: error: ‘errorCode’ was not declared in this scope
   80 |         if( errorCode != NV_ENC_SUCCESS)                                                                           \
      |             ^~~~~~~~~
src/NvEncoder/NvEncoder.cpp:87:5: note: in expansion of macro ‘NVENC_API_CALL’
   87 |     NVENC_API_CALL(NvEncodeAPICreateInstance(&m_nvenc));
      |     ^~~~~~~~~~~~~~
./src/NvEncoder/NvEncoder.h:80:26: error: ‘NV_ENC_SUCCESS’ was not declared in this scope
   80 |         if( errorCode != NV_ENC_SUCCESS)                                                                           \
      |                          ^~~~~~~~~~~~~~
src/NvEncoder/NvEncoder.cpp:87:5: note: in expansion of macro ‘NVENC_API_CALL’
   87 |     NVENC_API_CALL(NvEncodeAPICreateInstance(&m_nvenc));
      |     ^~~~~~~~~~~~~~
src/NvEncoder/NvEncoder.cpp: At global scope:
src/NvEncoder/NvEncoder.cpp:95:6: error: variable or field ‘CreateDefaultEncoderParams’ declared void
   95 | void NvEncoder::CreateDefaultEncoderParams(NV_ENC_INITIALIZE_PARAMS* pIntializeParams, GUID codecGuid, GUID presetGuid, NV_ENC_TUNING_INFO tuningInfo)
      |      ^~~~~~~~~
src/NvEncoder/NvEncoder.cpp:95:44: error: ‘NV_ENC_INITIALIZE_PARAMS’ was not declared in this scope
   95 | void NvEncoder::CreateDefaultEncoderParams(NV_ENC_INITIALIZE_PARAMS* pIntializeParams, GUID codecGuid, GUID presetGuid, NV_ENC_TUNING_INFO tuningInfo)
      |                                            ^~~~~~~~~~~~~~~~~~~~~~~~
src/NvEncoder/NvEncoder.cpp:95:70: error: ‘pIntializeParams’ was not declared in this scope
   95 | void NvEncoder::CreateDefaultEncoderParams(NV_ENC_INITIALIZE_PARAMS* pIntializeParams, GUID codecGuid, GUID presetGuid, NV_ENC_TUNING_INFO tuningInfo)
      |                                                                      ^~~~~~~~~~~~~~~~
src/NvEncoder/NvEncoder.cpp:95:88: error: ‘GUID’ was not declared in this scope
   95 | void NvEncoder::CreateDefaultEncoderParams(NV_ENC_INITIALIZE_PARAMS* pIntializeParams, GUID codecGuid, GUID presetGuid, NV_ENC_TUNING_INFO tuningInfo)
      |                                                                                        ^~~~
src/NvEncoder/NvEncoder.cpp:95:104: error: ‘GUID’ was not declared in this scope
   95 | void NvEncoder::CreateDefaultEncoderParams(NV_ENC_INITIALIZE_PARAMS* pIntializeParams, GUID codecGuid, GUID presetGuid, NV_ENC_TUNING_INFO tuningInfo)
      |                                                                                                        ^~~~
src/NvEncoder/NvEncoder.cpp:95:121: error: ‘NV_ENC_TUNING_INFO’ was not declared in this scope
   95 | void NvEncoder::CreateDefaultEncoderParams(NV_ENC_INITIALIZE_PARAMS* pIntializeParams, GUID codecGuid, GUID presetGuid, NV_ENC_TUNING_INFO tuningInfo)
      |                                                                                                                         ^~~~~~~~~~~~~~~~~~
src/NvEncoder/NvEncoder.cpp:199:37: error: ‘NV_ENC_INITIALIZE_PARAMS’ does not name a type
  199 | void NvEncoder::CreateEncoder(const NV_ENC_INITIALIZE_PARAMS* pEncoderParams)
      |                                     ^~~~~~~~~~~~~~~~~~~~~~~~
In file included from src/NvEncoder/NvEncoder.cpp:28:
src/NvEncoder/NvEncoder.cpp: In member function ‘virtual void NvEncoder::CreateEncoder(const int*)’:
src/NvEncoder/NvEncoder.cpp:203:60: error: ‘NV_ENC_ERR_NO_ENCODE_DEVICE’ was not declared in this scope
  203 |         NVENC_THROW_ERROR("Encoder Initialization failed", NV_ENC_ERR_NO_ENCODE_DEVICE);
      |                                                            ^~~~~~~~~~~~~~~~~~~~~~~~~~~
./src/NvEncoder/NvEncoder.h:72:60: note: in definition of macro ‘NVENC_THROW_ERROR’
   72 |         throw NVENCException::makeNVENCException(errorStr, errorCode, __FUNCTION__, __FILE__, __LINE__); \
      |                                                            ^~~~~~~~~
src/NvEncoder/NvEncoder.cpp:208:67: error: ‘NV_ENC_ERR_INVALID_PTR’ was not declared in this scope
  208 |         NVENC_THROW_ERROR("Invalid NV_ENC_INITIALIZE_PARAMS ptr", NV_ENC_ERR_INVALID_PTR);
      |                                                                   ^~~~~~~~~~~~~~~~~~~~~~
./src/NvEncoder/NvEncoder.h:72:60: note: in definition of macro ‘NVENC_THROW_ERROR’
   72 |         throw NVENCException::makeNVENCException(errorStr, errorCode, __FUNCTION__, __FILE__, __LINE__); \
      |                                                            ^~~~~~~~~
src/NvEncoder/NvEncoder.cpp:211:25: error: request for member ‘encodeWidth’ in ‘* pEncoderParams’, which is of non-class type ‘const int’
  211 |     if (pEncoderParams->encodeWidth == 0 || pEncoderParams->encodeHeight == 0)
      |                         ^~~~~~~~~~~
src/NvEncoder/NvEncoder.cpp:211:61: error: request for member ‘encodeHeight’ in ‘* pEncoderParams’, which is of non-class type ‘const int’
  211 |     if (pEncoderParams->encodeWidth == 0 || pEncoderParams->encodeHeight == 0)
      |                                                             ^~~~~~~~~~~~
In file included from src/NvEncoder/NvEncoder.cpp:28:
src/NvEncoder/NvEncoder.cpp:213:63: error: ‘NV_ENC_ERR_INVALID_PARAM’ was not declared in this scope
  213 |         NVENC_THROW_ERROR("Invalid encoder width and height", NV_ENC_ERR_INVALID_PARAM);
      |                                                               ^~~~~~~~~~~~~~~~~~~~~~~~
./src/NvEncoder/NvEncoder.h:72:60: note: in definition of macro ‘NVENC_THROW_ERROR’
   72 |         throw NVENCException::makeNVENCException(errorStr, errorCode, __FUNCTION__, __FILE__, __LINE__); \
      |                                                            ^~~~~~~~~
src/NvEncoder/NvEncoder.cpp:216:25: error: request for member ‘encodeGUID’ in ‘* pEncoderParams’, which is of non-class type ‘const int’
  216 |     if (pEncoderParams->encodeGUID != NV_ENC_CODEC_H264_GUID && pEncoderParams->encodeGUID != NV_ENC_CODEC_HEVC_GUID && pEncoderParams->encodeGUID != NV_ENC_CODEC_AV1_GUID)
      |                         ^~~~~~~~~~
src/NvEncoder/NvEncoder.cpp:216:39: error: ‘NV_ENC_CODEC_H264_GUID’ was not declared in this scope
  216 |     if (pEncoderParams->encodeGUID != NV_ENC_CODEC_H264_GUID && pEncoderParams->encodeGUID != NV_ENC_CODEC_HEVC_GUID && pEncoderParams->encodeGUID != NV_ENC_CODEC_AV1_GUID)
      |                                       ^~~~~~~~~~~~~~~~~~~~~~
src/NvEncoder/NvEncoder.cpp:216:81: error: request for member ‘encodeGUID’ in ‘* pEncoderParams’, which is of non-class type ‘const int’
  216 |     if (pEncoderParams->encodeGUID != NV_ENC_CODEC_H264_GUID && pEncoderParams->encodeGUID != NV_ENC_CODEC_HEVC_GUID && pEncoderParams->encodeGUID != NV_ENC_CODEC_AV1_GUID)
      |                                                                                 ^~~~~~~~~~
src/NvEncoder/NvEncoder.cpp:216:95: error: ‘NV_ENC_CODEC_HEVC_GUID’ was not declared in this scope
  216 |     if (pEncoderParams->encodeGUID != NV_ENC_CODEC_H264_GUID && pEncoderParams->encodeGUID != NV_ENC_CODEC_HEVC_GUID && pEncoderParams->encodeGUID != NV_ENC_CODEC_AV1_GUID)
      |                                                                                               ^~~~~~~~~~~~~~~~~~~~~~
src/NvEncoder/NvEncoder.cpp:216:137: error: request for member ‘encodeGUID’ in ‘* pEncoderParams’, which is of non-class type ‘const int’
  216 |     if (pEncoderParams->encodeGUID != NV_ENC_CODEC_H264_GUID && pEncoderParams->encodeGUID != NV_ENC_CODEC_HEVC_GUID && pEncoderParams->encodeGUID != NV_ENC_CODEC_AV1_GUID)
      |                                                                                                                                         ^~~~~~~~~~
src/NvEncoder/NvEncoder.cpp:216:151: error: ‘NV_ENC_CODEC_AV1_GUID’ was not declared in this scope
  216 |     if (pEncoderParams->encodeGUID != NV_ENC_CODEC_H264_GUID && pEncoderParams->encodeGUID != NV_ENC_CODEC_HEVC_GUID && pEncoderParams->encodeGUID != NV_ENC_CODEC_AV1_GUID)
      |                                                                                                                                                       ^~~~~~~~~~~~~~~~~~~~~
In file included from src/NvEncoder/NvEncoder.cpp:28:
src/NvEncoder/NvEncoder.cpp:218:49: error: ‘NV_ENC_ERR_INVALID_PARAM’ was not declared in this scope
  218 |         NVENC_THROW_ERROR("Invalid codec guid", NV_ENC_ERR_INVALID_PARAM);
      |                                                 ^~~~~~~~~~~~~~~~~~~~~~~~
./src/NvEncoder/NvEncoder.h:72:60: note: in definition of macro ‘NVENC_THROW_ERROR’
   72 |         throw NVENCException::makeNVENCException(errorStr, errorCode, __FUNCTION__, __FILE__, __LINE__); \
      |                                                            ^~~~~~~~~
src/NvEncoder/NvEncoder.cpp:221:25: error: request for member ‘encodeGUID’ in ‘* pEncoderParams’, which is of non-class type ‘const int’
  221 |     if (pEncoderParams->encodeGUID == NV_ENC_CODEC_H264_GUID)
      |                         ^~~~~~~~~~
src/NvEncoder/NvEncoder.cpp:221:39: error: ‘NV_ENC_CODEC_H264_GUID’ was not declared in this scope
  221 |     if (pEncoderParams->encodeGUID == NV_ENC_CODEC_H264_GUID)
      |                                       ^~~~~~~~~~~~~~~~~~~~~~
src/NvEncoder/NvEncoder.cpp:223:13: error: ‘m_eBufferFormat’ was not declared in this scope
  223 |         if (m_eBufferFormat == NV_ENC_BUFFER_FORMAT_YUV420_10BIT || m_eBufferFormat == NV_ENC_BUFFER_FORMAT_YUV444_10BIT)
      |             ^~~~~~~~~~~~~~~
src/NvEncoder/NvEncoder.cpp:223:32: error: ‘NV_ENC_BUFFER_FORMAT_YUV420_10BIT’ was not declared in this scope
  223 |         if (m_eBufferFormat == NV_ENC_BUFFER_FORMAT_YUV420_10BIT || m_eBufferFormat == NV_ENC_BUFFER_FORMAT_YUV444_10BIT)
      |                                ^~~~~~~~~~~~~~~~~~~~~~~~~~~~~~~~~
src/NvEncoder/NvEncoder.cpp:223:88: error: ‘NV_ENC_BUFFER_FORMAT_YUV444_10BIT’ was not declared in this scope
  223 |         if (m_eBufferFormat == NV_ENC_BUFFER_FORMAT_YUV420_10BIT || m_eBufferFormat == NV_ENC_BUFFER_FORMAT_YUV444_10BIT)
      |                                                                                        ^~~~~~~~~~~~~~~~~~~~~~~~~~~~~~~~~
In file included from src/NvEncoder/NvEncoder.cpp:28:
src/NvEncoder/NvEncoder.cpp:225:80: error: ‘NV_ENC_ERR_INVALID_PARAM’ was not declared in this scope
  225 |             NVENC_THROW_ERROR("10-bit format isn't supported by H264 encoder", NV_ENC_ERR_INVALID_PARAM);
      |                                                                                ^~~~~~~~~~~~~~~~~~~~~~~~
./src/NvEncoder/NvEncoder.h:72:60: note: in definition of macro ‘NVENC_THROW_ERROR’
   72 |         throw NVENCException::makeNVENCException(errorStr, errorCode, __FUNCTION__, __FILE__, __LINE__); \
      |                                                            ^~~~~~~~~
src/NvEncoder/NvEncoder.cpp:229:25: error: request for member ‘encodeGUID’ in ‘* pEncoderParams’, which is of non-class type ‘const int’
  229 |     if (pEncoderParams->encodeGUID == NV_ENC_CODEC_AV1_GUID)
      |                         ^~~~~~~~~~
src/NvEncoder/NvEncoder.cpp:229:39: error: ‘NV_ENC_CODEC_AV1_GUID’ was not declared in this scope
  229 |     if (pEncoderParams->encodeGUID == NV_ENC_CODEC_AV1_GUID)
      |                                       ^~~~~~~~~~~~~~~~~~~~~
src/NvEncoder/NvEncoder.cpp:231:13: error: ‘m_eBufferFormat’ was not declared in this scope
  231 |         if (m_eBufferFormat == NV_ENC_BUFFER_FORMAT_YUV444 || m_eBufferFormat == NV_ENC_BUFFER_FORMAT_YUV444_10BIT)
      |             ^~~~~~~~~~~~~~~
src/NvEncoder/NvEncoder.cpp:231:32: error: ‘NV_ENC_BUFFER_FORMAT_YUV444’ was not declared in this scope
  231 |         if (m_eBufferFormat == NV_ENC_BUFFER_FORMAT_YUV444 || m_eBufferFormat == NV_ENC_BUFFER_FORMAT_YUV444_10BIT)
      |                                ^~~~~~~~~~~~~~~~~~~~~~~~~~~
src/NvEncoder/NvEncoder.cpp:231:82: error: ‘NV_ENC_BUFFER_FORMAT_YUV444_10BIT’ was not declared in this scope
  231 |         if (m_eBufferFormat == NV_ENC_BUFFER_FORMAT_YUV444 || m_eBufferFormat == NV_ENC_BUFFER_FORMAT_YUV444_10BIT)
      |                                                                                  ^~~~~~~~~~~~~~~~~~~~~~~~~~~~~~~~~
In file included from src/NvEncoder/NvEncoder.cpp:28:
src/NvEncoder/NvEncoder.cpp:233:79: error: ‘NV_ENC_ERR_INVALID_PARAM’ was not declared in this scope
  233 |             NVENC_THROW_ERROR("YUV444 format isn't supported by AV1 encoder", NV_ENC_ERR_INVALID_PARAM);
      |                                                                               ^~~~~~~~~~~~~~~~~~~~~~~~
./src/NvEncoder/NvEncoder.h:72:60: note: in definition of macro ‘NVENC_THROW_ERROR’
   72 |         throw NVENCException::makeNVENCException(errorStr, errorCode, __FUNCTION__, __FILE__, __LINE__); \
      |                                                            ^~~~~~~~~
src/NvEncoder/NvEncoder.cpp:238:25: error: request for member ‘encodeGUID’ in ‘* pEncoderParams’, which is of non-class type ‘const int’
  238 |     if (pEncoderParams->encodeGUID == NV_ENC_CODEC_H264_GUID)
      |                         ^~~~~~~~~~
src/NvEncoder/NvEncoder.cpp:238:39: error: ‘NV_ENC_CODEC_H264_GUID’ was not declared in this scope
  238 |     if (pEncoderParams->encodeGUID == NV_ENC_CODEC_H264_GUID)
      |                                       ^~~~~~~~~~~~~~~~~~~~~~
src/NvEncoder/NvEncoder.cpp:240:14: error: ‘m_eBufferFormat’ was not declared in this scope
  240 |         if ((m_eBufferFormat == NV_ENC_BUFFER_FORMAT_YUV444) &&
      |              ^~~~~~~~~~~~~~~
src/NvEncoder/NvEncoder.cpp:240:33: error: ‘NV_ENC_BUFFER_FORMAT_YUV444’ was not declared in this scope
  240 |         if ((m_eBufferFormat == NV_ENC_BUFFER_FORMAT_YUV444) &&
      |                                 ^~~~~~~~~~~~~~~~~~~~~~~~~~~
src/NvEncoder/NvEncoder.cpp:241:30: error: request for member ‘encodeConfig’ in ‘* pEncoderParams’, which is of non-class type ‘const int’
  241 |             (pEncoderParams->encodeConfig->encodeCodecConfig.h264Config.chromaFormatIDC != 3))
      |                              ^~~~~~~~~~~~
In file included from src/NvEncoder/NvEncoder.cpp:28:
src/NvEncoder/NvEncoder.cpp:243:58: error: ‘NV_ENC_ERR_INVALID_PARAM’ was not declared in this scope
  243 |             NVENC_THROW_ERROR("Invalid ChromaFormatIDC", NV_ENC_ERR_INVALID_PARAM);
      |                                                          ^~~~~~~~~~~~~~~~~~~~~~~~
./src/NvEncoder/NvEncoder.h:72:60: note: in definition of macro ‘NVENC_THROW_ERROR’
   72 |         throw NVENCException::makeNVENCException(errorStr, errorCode, __FUNCTION__, __FILE__, __LINE__); \
      |                                                            ^~~~~~~~~
src/NvEncoder/NvEncoder.cpp:247:25: error: request for member ‘encodeGUID’ in ‘* pEncoderParams’, which is of non-class type ‘const int’
  247 |     if (pEncoderParams->encodeGUID == NV_ENC_CODEC_HEVC_GUID)
      |                         ^~~~~~~~~~
src/NvEncoder/NvEncoder.cpp:247:39: error: ‘NV_ENC_CODEC_HEVC_GUID’ was not declared in this scope
  247 |     if (pEncoderParams->encodeGUID == NV_ENC_CODEC_HEVC_GUID)
      |                                       ^~~~~~~~~~~~~~~~~~~~~~
src/NvEncoder/NvEncoder.cpp:249:32: error: ‘m_eBufferFormat’ was not declared in this scope
  249 |         bool yuv10BitFormat = (m_eBufferFormat == NV_ENC_BUFFER_FORMAT_YUV420_10BIT || m_eBufferFormat == NV_ENC_BUFFER_FORMAT_YUV444_10BIT) ? true : false;
      |                                ^~~~~~~~~~~~~~~
src/NvEncoder/NvEncoder.cpp:249:51: error: ‘NV_ENC_BUFFER_FORMAT_YUV420_10BIT’ was not declared in this scope
  249 |         bool yuv10BitFormat = (m_eBufferFormat == NV_ENC_BUFFER_FORMAT_YUV420_10BIT || m_eBufferFormat == NV_ENC_BUFFER_FORMAT_YUV444_10BIT) ? true : false;
      |                                                   ^~~~~~~~~~~~~~~~~~~~~~~~~~~~~~~~~
src/NvEncoder/NvEncoder.cpp:249:107: error: ‘NV_ENC_BUFFER_FORMAT_YUV444_10BIT’ was not declared in this scope
  249 |         bool yuv10BitFormat = (m_eBufferFormat == NV_ENC_BUFFER_FORMAT_YUV420_10BIT || m_eBufferFormat == NV_ENC_BUFFER_FORMAT_YUV444_10BIT) ? true : false;
      |                                                                                                           ^~~~~~~~~~~~~~~~~~~~~~~~~~~~~~~~~
src/NvEncoder/NvEncoder.cpp:250:47: error: request for member ‘encodeConfig’ in ‘* pEncoderParams’, which is of non-class type ‘const int’
  250 |         if (yuv10BitFormat && pEncoderParams->encodeConfig->encodeCodecConfig.hevcConfig.pixelBitDepthMinus8 != 2)
      |                                               ^~~~~~~~~~~~
In file included from src/NvEncoder/NvEncoder.cpp:28:
src/NvEncoder/NvEncoder.cpp:252:56: error: ‘NV_ENC_ERR_INVALID_PARAM’ was not declared in this scope
  252 |             NVENC_THROW_ERROR("Invalid PixelBitdepth", NV_ENC_ERR_INVALID_PARAM);
      |                                                        ^~~~~~~~~~~~~~~~~~~~~~~~
./src/NvEncoder/NvEncoder.h:72:60: note: in definition of macro ‘NVENC_THROW_ERROR’
   72 |         throw NVENCException::makeNVENCException(errorStr, errorCode, __FUNCTION__, __FILE__, __LINE__); \
      |                                                            ^~~~~~~~~
src/NvEncoder/NvEncoder.cpp:255:33: error: ‘NV_ENC_BUFFER_FORMAT_YUV444’ was not declared in this scope
  255 |         if ((m_eBufferFormat == NV_ENC_BUFFER_FORMAT_YUV444 || m_eBufferFormat == NV_ENC_BUFFER_FORMAT_YUV444_10BIT) &&
      |                                 ^~~~~~~~~~~~~~~~~~~~~~~~~~~
src/NvEncoder/NvEncoder.cpp:256:30: error: request for member ‘encodeConfig’ in ‘* pEncoderParams’, which is of non-class type ‘const int’
  256 |             (pEncoderParams->encodeConfig->encodeCodecConfig.hevcConfig.chromaFormatIDC != 3))
      |                              ^~~~~~~~~~~~
In file included from src/NvEncoder/NvEncoder.cpp:28:
src/NvEncoder/NvEncoder.cpp:258:58: error: ‘NV_ENC_ERR_INVALID_PARAM’ was not declared in this scope
  258 |             NVENC_THROW_ERROR("Invalid ChromaFormatIDC", NV_ENC_ERR_INVALID_PARAM);
      |                                                          ^~~~~~~~~~~~~~~~~~~~~~~~
./src/NvEncoder/NvEncoder.h:72:60: note: in definition of macro ‘NVENC_THROW_ERROR’
   72 |         throw NVENCException::makeNVENCException(errorStr, errorCode, __FUNCTION__, __FILE__, __LINE__); \
      |                                                            ^~~~~~~~~
src/NvEncoder/NvEncoder.cpp:262:25: error: request for member ‘encodeGUID’ in ‘* pEncoderParams’, which is of non-class type ‘const int’
  262 |     if (pEncoderParams->encodeGUID == NV_ENC_CODEC_AV1_GUID)
      |                         ^~~~~~~~~~
src/NvEncoder/NvEncoder.cpp:262:39: error: ‘NV_ENC_CODEC_AV1_GUID’ was not declared in this scope
  262 |     if (pEncoderParams->encodeGUID == NV_ENC_CODEC_AV1_GUID)
      |                                       ^~~~~~~~~~~~~~~~~~~~~
src/NvEncoder/NvEncoder.cpp:264:32: error: ‘m_eBufferFormat’ was not declared in this scope
  264 |         bool yuv10BitFormat = (m_eBufferFormat == NV_ENC_BUFFER_FORMAT_YUV420_10BIT) ? true : false;
      |                                ^~~~~~~~~~~~~~~
src/NvEncoder/NvEncoder.cpp:264:51: error: ‘NV_ENC_BUFFER_FORMAT_YUV420_10BIT’ was not declared in this scope
  264 |         bool yuv10BitFormat = (m_eBufferFormat == NV_ENC_BUFFER_FORMAT_YUV420_10BIT) ? true : false;
      |                                                   ^~~~~~~~~~~~~~~~~~~~~~~~~~~~~~~~~
src/NvEncoder/NvEncoder.cpp:265:47: error: request for member ‘encodeConfig’ in ‘* pEncoderParams’, which is of non-class type ‘const int’
  265 |         if (yuv10BitFormat && pEncoderParams->encodeConfig->encodeCodecConfig.av1Config.pixelBitDepthMinus8 != 2)
      |                                               ^~~~~~~~~~~~
In file included from src/NvEncoder/NvEncoder.cpp:28:
src/NvEncoder/NvEncoder.cpp:267:56: error: ‘NV_ENC_ERR_INVALID_PARAM’ was not declared in this scope
  267 |             NVENC_THROW_ERROR("Invalid PixelBitdepth", NV_ENC_ERR_INVALID_PARAM);
      |                                                        ^~~~~~~~~~~~~~~~~~~~~~~~
./src/NvEncoder/NvEncoder.h:72:60: note: in definition of macro ‘NVENC_THROW_ERROR’
   72 |         throw NVENCException::makeNVENCException(errorStr, errorCode, __FUNCTION__, __FILE__, __LINE__); \
      |                                                            ^~~~~~~~~
src/NvEncoder/NvEncoder.cpp:270:29: error: request for member ‘encodeConfig’ in ‘* pEncoderParams’, which is of non-class type ‘const int’
  270 |         if (pEncoderParams->encodeConfig->encodeCodecConfig.av1Config.chromaFormatIDC != 1)
      |                             ^~~~~~~~~~~~
In file included from src/NvEncoder/NvEncoder.cpp:28:
src/NvEncoder/NvEncoder.cpp:272:58: error: ‘NV_ENC_ERR_INVALID_PARAM’ was not declared in this scope
  272 |             NVENC_THROW_ERROR("Invalid ChromaFormatIDC", NV_ENC_ERR_INVALID_PARAM);
      |                                                          ^~~~~~~~~~~~~~~~~~~~~~~~
./src/NvEncoder/NvEncoder.h:72:60: note: in definition of macro ‘NVENC_THROW_ERROR’
   72 |         throw NVENCException::makeNVENCException(errorStr, errorCode, __FUNCTION__, __FILE__, __LINE__); \
      |                                                            ^~~~~~~~~
src/NvEncoder/NvEncoder.cpp:275:55: error: request for member ‘encodeConfig’ in ‘* pEncoderParams’, which is of non-class type ‘const int’
  275 |         if (m_bOutputInVideoMemory && pEncoderParams->encodeConfig->frameIntervalP > 1)
      |                                                       ^~~~~~~~~~~~
In file included from src/NvEncoder/NvEncoder.cpp:28:
src/NvEncoder/NvEncoder.cpp:277:102: error: ‘NV_ENC_ERR_INVALID_PARAM’ was not declared in this scope
  277 |             NVENC_THROW_ERROR("Alt Ref frames not supported for AV1 in case of OutputInVideoMemory", NV_ENC_ERR_INVALID_PARAM);
      |                                                                                                      ^~~~~~~~~~~~~~~~~~~~~~~~
./src/NvEncoder/NvEncoder.h:72:60: note: in definition of macro ‘NVENC_THROW_ERROR’
   72 |         throw NVENCException::makeNVENCException(errorStr, errorCode, __FUNCTION__, __FILE__, __LINE__); \
      |                                                            ^~~~~~~~~
src/NvEncoder/NvEncoder.cpp:281:13: error: ‘m_initializeParams’ was not declared in this scope; did you mean ‘GetInitializeParams’?
  281 |     memcpy(&m_initializeParams, pEncoderParams, sizeof(m_initializeParams));
      |             ^~~~~~~~~~~~~~~~~~
      |             GetInitializeParams
src/NvEncoder/NvEncoder.cpp:282:34: error: ‘NV_ENC_INITIALIZE_PARAMS_VER’ was not declared in this scope
  282 |     m_initializeParams.version = NV_ENC_INITIALIZE_PARAMS_VER;
      |                                  ^~~~~~~~~~~~~~~~~~~~~~~~~~~~
src/NvEncoder/NvEncoder.cpp:284:25: error: request for member ‘encodeConfig’ in ‘* pEncoderParams’, which is of non-class type ‘const int’
  284 |     if (pEncoderParams->encodeConfig)
      |                         ^~~~~~~~~~~~
src/NvEncoder/NvEncoder.cpp:286:17: error: ‘m_encodeConfig’ was not declared in this scope
  286 |         memcpy(&m_encodeConfig, pEncoderParams->encodeConfig, sizeof(m_encodeConfig));
      |                 ^~~~~~~~~~~~~~
src/NvEncoder/NvEncoder.cpp:286:49: error: request for member ‘encodeConfig’ in ‘* pEncoderParams’, which is of non-class type ‘const int’
  286 |         memcpy(&m_encodeConfig, pEncoderParams->encodeConfig, sizeof(m_encodeConfig));
      |                                                 ^~~~~~~~~~~~
src/NvEncoder/NvEncoder.cpp:287:34: error: ‘NV_ENC_CONFIG_VER’ was not declared in this scope
  287 |         m_encodeConfig.version = NV_ENC_CONFIG_VER;
      |                                  ^~~~~~~~~~~~~~~~~
src/NvEncoder/NvEncoder.cpp:291:9: error: ‘NV_ENC_PRESET_CONFIG’ was not declared in this scope
  291 |         NV_ENC_PRESET_CONFIG presetConfig = { NV_ENC_PRESET_CONFIG_VER, { NV_ENC_CONFIG_VER } };
      |         ^~~~~~~~~~~~~~~~~~~~
src/NvEncoder/NvEncoder.cpp:294:13: error: ‘m_nvenc’ was not declared in this scope
  294 |             m_nvenc.nvEncGetEncodePresetConfigEx(m_hEncoder, pEncoderParams->encodeGUID, pEncoderParams->presetGUID, pEncoderParams->tuningInfo, &presetConfig);
      |             ^~~~~~~
src/NvEncoder/NvEncoder.cpp:294:78: error: request for member ‘encodeGUID’ in ‘* pEncoderParams’, which is of non-class type ‘const int’
  294 |             m_nvenc.nvEncGetEncodePresetConfigEx(m_hEncoder, pEncoderParams->encodeGUID, pEncoderParams->presetGUID, pEncoderParams->tuningInfo, &presetConfig);
      |                                                                              ^~~~~~~~~~
src/NvEncoder/NvEncoder.cpp:294:106: error: request for member ‘presetGUID’ in ‘* pEncoderParams’, which is of non-class type ‘const int’
  294 |             m_nvenc.nvEncGetEncodePresetConfigEx(m_hEncoder, pEncoderParams->encodeGUID, pEncoderParams->presetGUID, pEncoderParams->tuningInfo, &presetConfig);
      |                                                                                                          ^~~~~~~~~~
src/NvEncoder/NvEncoder.cpp:294:134: error: request for member ‘tuningInfo’ in ‘* pEncoderParams’, which is of non-class type ‘const int’
  294 |             m_nvenc.nvEncGetEncodePresetConfigEx(m_hEncoder, pEncoderParams->encodeGUID, pEncoderParams->presetGUID, pEncoderParams->tuningInfo, &presetConfig);
      |                                                                                                                                      ^~~~~~~~~~
src/NvEncoder/NvEncoder.cpp:294:147: error: ‘presetConfig’ was not declared in this scope
  294 |             m_nvenc.nvEncGetEncodePresetConfigEx(m_hEncoder, pEncoderParams->encodeGUID, pEncoderParams->presetGUID, pEncoderParams->tuningInfo, &presetConfig);
      |                                                                                                                                                   ^~~~~~~~~~~~
src/NvEncoder/NvEncoder.cpp:295:21: error: ‘m_encodeConfig’ was not declared in this scope
  295 |             memcpy(&m_encodeConfig, &presetConfig.presetCfg, sizeof(NV_ENC_CONFIG));
      |                     ^~~~~~~~~~~~~~
src/NvEncoder/NvEncoder.cpp:295:69: error: ‘NV_ENC_CONFIG’ was not declared in this scope
  295 |             memcpy(&m_encodeConfig, &presetConfig.presetCfg, sizeof(NV_ENC_CONFIG));
      |                                                                     ^~~~~~~~~~~~~
src/NvEncoder/NvEncoder.cpp:296:59: error: request for member ‘encodeGUID’ in ‘* pEncoderParams’, which is of non-class type ‘const int’
  296 |             if (m_bOutputInVideoMemory && pEncoderParams->encodeGUID == NV_ENC_CODEC_AV1_GUID)
      |                                                           ^~~~~~~~~~
src/NvEncoder/NvEncoder.cpp:296:73: error: ‘NV_ENC_CODEC_AV1_GUID’ was not declared in this scope
  296 |             if (m_bOutputInVideoMemory && pEncoderParams->encodeGUID == NV_ENC_CODEC_AV1_GUID)
      |                                                                         ^~~~~~~~~~~~~~~~~~~~~
src/NvEncoder/NvEncoder.cpp:303:13: error: ‘m_encodeConfig’ was not declared in this scope
  303 |             m_encodeConfig.version = NV_ENC_CONFIG_VER;
      |             ^~~~~~~~~~~~~~
src/NvEncoder/NvEncoder.cpp:303:38: error: ‘NV_ENC_CONFIG_VER’ was not declared in this scope
  303 |             m_encodeConfig.version = NV_ENC_CONFIG_VER;
      |                                      ^~~~~~~~~~~~~~~~~
src/NvEncoder/NvEncoder.cpp:304:55: error: ‘NV_ENC_PARAMS_RC_CONSTQP’ was not declared in this scope
  304 |             m_encodeConfig.rcParams.rateControlMode = NV_ENC_PARAMS_RC_CONSTQP;
      |                                                       ^~~~~~~~~~~~~~~~~~~~~~~~
src/NvEncoder/NvEncoder.cpp:309:20: error: ‘m_encodeConfig’ was not declared in this scope
  309 |     if (((uint32_t)m_encodeConfig.frameIntervalP) > m_encodeConfig.gopLength)
      |                    ^~~~~~~~~~~~~~
src/NvEncoder/NvEncoder.cpp:314:40: error: ‘m_encodeConfig’ was not declared in this scope
  314 |     m_initializeParams.encodeConfig = &m_encodeConfig;
      |                                        ^~~~~~~~~~~~~~
In file included from src/NvEncoder/NvEncoder.cpp:28:
./src/NvEncoder/NvEncoder.h:79:9: error: ‘NVENCSTATUS’ was not declared in this scope
   79 |         NVENCSTATUS errorCode = nvencAPI;                                                                          \
      |         ^~~~~~~~~~~
src/NvEncoder/NvEncoder.cpp:316:5: note: in expansion of macro ‘NVENC_API_CALL’
  316 |     NVENC_API_CALL(m_nvenc.nvEncInitializeEncoder(m_hEncoder, &m_initializeParams));
      |     ^~~~~~~~~~~~~~
./src/NvEncoder/NvEncoder.h:80:13: error: ‘errorCode’ was not declared in this scope
   80 |         if( errorCode != NV_ENC_SUCCESS)                                                                           \
      |             ^~~~~~~~~
src/NvEncoder/NvEncoder.cpp:316:5: note: in expansion of macro ‘NVENC_API_CALL’
  316 |     NVENC_API_CALL(m_nvenc.nvEncInitializeEncoder(m_hEncoder, &m_initializeParams));
      |     ^~~~~~~~~~~~~~
./src/NvEncoder/NvEncoder.h:80:26: error: ‘NV_ENC_SUCCESS’ was not declared in this scope
   80 |         if( errorCode != NV_ENC_SUCCESS)                                                                           \
      |                          ^~~~~~~~~~~~~~
src/NvEncoder/NvEncoder.cpp:316:5: note: in expansion of macro ‘NVENC_API_CALL’
  316 |     NVENC_API_CALL(m_nvenc.nvEncInitializeEncoder(m_hEncoder, &m_initializeParams));
      |     ^~~~~~~~~~~~~~
src/NvEncoder/NvEncoder.cpp:345:27: error: request for member ‘resize’ in ‘((NvEncoder*)this)->NvEncoder::m_vMappedInputBuffers’, which is of non-class type ‘int’
  345 |     m_vMappedInputBuffers.resize(m_nEncoderBuffer, nullptr);
      |                           ^~~~~~
src/NvEncoder/NvEncoder.cpp:349:29: error: request for member ‘resize’ in ‘((NvEncoder*)this)->NvEncoder::m_vMappedRefBuffers’, which is of non-class type ‘int’
  349 |         m_vMappedRefBuffers.resize(m_nEncoderBuffer, nullptr);
      |                             ^~~~~~
src/NvEncoder/NvEncoder.cpp:360:38: error: request for member ‘resize’ in ‘((NvEncoder*)this)->NvEncoder::m_vBitstreamOutputBuffer’, which is of non-class type ‘int’
  360 |             m_vBitstreamOutputBuffer.resize(m_nEncoderBuffer, nullptr);
      |                                      ^~~~~~
src/NvEncoder/NvEncoder.cpp: In member function ‘void NvEncoder::DestroyHWEncoder()’:
src/NvEncoder/NvEncoder.cpp:414:5: error: ‘m_nvenc’ was not declared in this scope
  414 |     m_nvenc.nvEncDestroyEncoder(m_hEncoder);
      |     ^~~~~~~
src/NvEncoder/NvEncoder.cpp: In member function ‘void NvEncoder::MapResources(uint32_t)’:
src/NvEncoder/NvEncoder.cpp:435:5: error: ‘NV_ENC_MAP_INPUT_RESOURCE’ was not declared in this scope
  435 |     NV_ENC_MAP_INPUT_RESOURCE mapInputResource = { NV_ENC_MAP_INPUT_RESOURCE_VER };
      |     ^~~~~~~~~~~~~~~~~~~~~~~~~
src/NvEncoder/NvEncoder.cpp:437:5: error: ‘mapInputResource’ was not declared in this scope
  437 |     mapInputResource.registeredResource = m_vRegisteredResources[bfrIdx];
      |     ^~~~~~~~~~~~~~~~
src/NvEncoder/NvEncoder.cpp:437:65: error: invalid types ‘int[uint32_t {aka unsigned int}]’ for array subscript
  437 |     mapInputResource.registeredResource = m_vRegisteredResources[bfrIdx];
      |                                                                 ^
In file included from src/NvEncoder/NvEncoder.cpp:28:
./src/NvEncoder/NvEncoder.h:79:9: error: ‘NVENCSTATUS’ was not declared in this scope
   79 |         NVENCSTATUS errorCode = nvencAPI;                                                                          \
      |         ^~~~~~~~~~~
src/NvEncoder/NvEncoder.cpp:438:5: note: in expansion of macro ‘NVENC_API_CALL’
  438 |     NVENC_API_CALL(m_nvenc.nvEncMapInputResource(m_hEncoder, &mapInputResource));
      |     ^~~~~~~~~~~~~~
./src/NvEncoder/NvEncoder.h:80:13: error: ‘errorCode’ was not declared in this scope
   80 |         if( errorCode != NV_ENC_SUCCESS)                                                                           \
      |             ^~~~~~~~~
src/NvEncoder/NvEncoder.cpp:438:5: note: in expansion of macro ‘NVENC_API_CALL’
  438 |     NVENC_API_CALL(m_nvenc.nvEncMapInputResource(m_hEncoder, &mapInputResource));
      |     ^~~~~~~~~~~~~~
./src/NvEncoder/NvEncoder.h:80:26: error: ‘NV_ENC_SUCCESS’ was not declared in this scope
   80 |         if( errorCode != NV_ENC_SUCCESS)                                                                           \
      |                          ^~~~~~~~~~~~~~
src/NvEncoder/NvEncoder.cpp:438:5: note: in expansion of macro ‘NVENC_API_CALL’
  438 |     NVENC_API_CALL(m_nvenc.nvEncMapInputResource(m_hEncoder, &mapInputResource));
      |     ^~~~~~~~~~~~~~
src/NvEncoder/NvEncoder.cpp:439:26: error: invalid types ‘int[uint32_t {aka unsigned int}]’ for array subscript
  439 |     m_vMappedInputBuffers[bfrIdx] = mapInputResource.mappedResource;
      |                          ^
src/NvEncoder/NvEncoder.cpp:443:81: error: invalid types ‘int[uint32_t {aka unsigned int}]’ for array subscript
  443 |         mapInputResource.registeredResource = m_vRegisteredResourcesForReference[bfrIdx];
      |                                                                                 ^
In file included from src/NvEncoder/NvEncoder.cpp:28:
./src/NvEncoder/NvEncoder.h:79:9: error: ‘NVENCSTATUS’ was not declared in this scope
   79 |         NVENCSTATUS errorCode = nvencAPI;                                                                          \
      |         ^~~~~~~~~~~
src/NvEncoder/NvEncoder.cpp:444:9: note: in expansion of macro ‘NVENC_API_CALL’
  444 |         NVENC_API_CALL(m_nvenc.nvEncMapInputResource(m_hEncoder, &mapInputResource));
      |         ^~~~~~~~~~~~~~
./src/NvEncoder/NvEncoder.h:80:13: error: ‘errorCode’ was not declared in this scope
   80 |         if( errorCode != NV_ENC_SUCCESS)                                                                           \
      |             ^~~~~~~~~
src/NvEncoder/NvEncoder.cpp:444:9: note: in expansion of macro ‘NVENC_API_CALL’
  444 |         NVENC_API_CALL(m_nvenc.nvEncMapInputResource(m_hEncoder, &mapInputResource));
      |         ^~~~~~~~~~~~~~
./src/NvEncoder/NvEncoder.h:80:26: error: ‘NV_ENC_SUCCESS’ was not declared in this scope
   80 |         if( errorCode != NV_ENC_SUCCESS)                                                                           \
      |                          ^~~~~~~~~~~~~~
src/NvEncoder/NvEncoder.cpp:444:9: note: in expansion of macro ‘NVENC_API_CALL’
  444 |         NVENC_API_CALL(m_nvenc.nvEncMapInputResource(m_hEncoder, &mapInputResource));
      |         ^~~~~~~~~~~~~~
src/NvEncoder/NvEncoder.cpp:445:28: error: invalid types ‘int[uint32_t {aka unsigned int}]’ for array subscript
  445 |         m_vMappedRefBuffers[bfrIdx] = mapInputResource.mappedResource;
      |                            ^
src/NvEncoder/NvEncoder.cpp: At global scope:
src/NvEncoder/NvEncoder.cpp:449:73: error: ‘NV_ENC_PIC_PARAMS’ has not been declared
  449 | void NvEncoder::EncodeFrame(std::vector<std::vector<uint8_t>> &vPacket, NV_ENC_PIC_PARAMS *pPicParams)
      |                                                                         ^~~~~~~~~~~~~~~~~
In file included from src/NvEncoder/NvEncoder.cpp:28:
src/NvEncoder/NvEncoder.cpp: In member function ‘virtual void NvEncoder::EncodeFrame(std::vector<std::vector<unsigned char> >&, int*)’:
src/NvEncoder/NvEncoder.cpp:454:55: error: ‘NV_ENC_ERR_NO_ENCODE_DEVICE’ was not declared in this scope
  454 |         NVENC_THROW_ERROR("Encoder device not found", NV_ENC_ERR_NO_ENCODE_DEVICE);
      |                                                       ^~~~~~~~~~~~~~~~~~~~~~~~~~~
./src/NvEncoder/NvEncoder.h:72:60: note: in definition of macro ‘NVENC_THROW_ERROR’
   72 |         throw NVENCException::makeNVENCException(errorStr, errorCode, __FUNCTION__, __FILE__, __LINE__); \
      |                                                            ^~~~~~~~~
src/NvEncoder/NvEncoder.cpp:461:5: error: ‘NVENCSTATUS’ was not declared in this scope
  461 |     NVENCSTATUS nvStatus = DoEncode(m_vMappedInputBuffers[bfrIdx], m_vBitstreamOutputBuffer[bfrIdx], pPicParams);
      |     ^~~~~~~~~~~
src/NvEncoder/NvEncoder.cpp:463:9: error: ‘nvStatus’ was not declared in this scope
  463 |     if (nvStatus == NV_ENC_SUCCESS || nvStatus == NV_ENC_ERR_NEED_MORE_INPUT)
      |         ^~~~~~~~
src/NvEncoder/NvEncoder.cpp:463:21: error: ‘NV_ENC_SUCCESS’ was not declared in this scope
  463 |     if (nvStatus == NV_ENC_SUCCESS || nvStatus == NV_ENC_ERR_NEED_MORE_INPUT)
      |                     ^~~~~~~~~~~~~~
src/NvEncoder/NvEncoder.cpp:463:51: error: ‘NV_ENC_ERR_NEED_MORE_INPUT’ was not declared in this scope
  463 |     if (nvStatus == NV_ENC_SUCCESS || nvStatus == NV_ENC_ERR_NEED_MORE_INPUT)
      |                                                   ^~~~~~~~~~~~~~~~~~~~~~~~~~
In file included from src/NvEncoder/NvEncoder.cpp:28:
src/NvEncoder/NvEncoder.cpp: In member function ‘void NvEncoder::RunMotionEstimation(std::vector<unsigned char>&)’:
src/NvEncoder/NvEncoder.cpp:478:60: error: ‘NV_ENC_ERR_NO_ENCODE_DEVICE’ was not declared in this scope
  478 |         NVENC_THROW_ERROR("Encoder Initialization failed", NV_ENC_ERR_NO_ENCODE_DEVICE);
      |                                                            ^~~~~~~~~~~~~~~~~~~~~~~~~~~
./src/NvEncoder/NvEncoder.h:72:60: note: in definition of macro ‘NVENC_THROW_ERROR’
   72 |         throw NVENCException::makeNVENCException(errorStr, errorCode, __FUNCTION__, __FILE__, __LINE__); \
      |                                                            ^~~~~~~~~
src/NvEncoder/NvEncoder.cpp:486:5: error: ‘NVENCSTATUS’ was not declared in this scope
  486 |     NVENCSTATUS nvStatus = DoMotionEstimation(m_vMappedInputBuffers[bfrIdx], m_vMappedRefBuffers[bfrIdx], m_vMVDataOutputBuffer[bfrIdx]);
      |     ^~~~~~~~~~~
src/NvEncoder/NvEncoder.cpp:488:9: error: ‘nvStatus’ was not declared in this scope
  488 |     if (nvStatus == NV_ENC_SUCCESS)
      |         ^~~~~~~~
src/NvEncoder/NvEncoder.cpp:488:21: error: ‘NV_ENC_SUCCESS’ was not declared in this scope
  488 |     if (nvStatus == NV_ENC_SUCCESS)
      |                     ^~~~~~~~~~~~~~
In file included from src/NvEncoder/NvEncoder.cpp:28:
src/NvEncoder/NvEncoder.cpp:495:94: error: ‘NV_ENC_ERR_GENERIC’ was not declared in this scope
  495 |             NVENC_THROW_ERROR("GetEncodedPacket() doesn't return one (and only one) MVData", NV_ENC_ERR_GENERIC);
      |                                                                                              ^~~~~~~~~~~~~~~~~~
./src/NvEncoder/NvEncoder.h:72:60: note: in definition of macro ‘NVENC_THROW_ERROR’
   72 |         throw NVENCException::makeNVENCException(errorStr, errorCode, __FUNCTION__, __FILE__, __LINE__); \
      |                                                            ^~~~~~~~~
src/NvEncoder/NvEncoder.cpp: In member function ‘void NvEncoder::GetSequenceParams(std::vector<unsigned char>&)’:
src/NvEncoder/NvEncoder.cpp:510:5: error: ‘NV_ENC_SEQUENCE_PARAM_PAYLOAD’ was not declared in this scope
  510 |     NV_ENC_SEQUENCE_PARAM_PAYLOAD payload = { NV_ENC_SEQUENCE_PARAM_PAYLOAD_VER };
      |     ^~~~~~~~~~~~~~~~~~~~~~~~~~~~~
src/NvEncoder/NvEncoder.cpp:513:5: error: ‘payload’ was not declared in this scope
  513 |     payload.spsppsBuffer = spsppsData;
      |     ^~~~~~~
In file included from src/NvEncoder/NvEncoder.cpp:28:
./src/NvEncoder/NvEncoder.h:79:9: error: ‘NVENCSTATUS’ was not declared in this scope
   79 |         NVENCSTATUS errorCode = nvencAPI;                                                                          \
      |         ^~~~~~~~~~~
src/NvEncoder/NvEncoder.cpp:516:5: note: in expansion of macro ‘NVENC_API_CALL’
  516 |     NVENC_API_CALL(m_nvenc.nvEncGetSequenceParams(m_hEncoder, &payload));
      |     ^~~~~~~~~~~~~~
./src/NvEncoder/NvEncoder.h:80:13: error: ‘errorCode’ was not declared in this scope
   80 |         if( errorCode != NV_ENC_SUCCESS)                                                                           \
      |             ^~~~~~~~~
src/NvEncoder/NvEncoder.cpp:516:5: note: in expansion of macro ‘NVENC_API_CALL’
  516 |     NVENC_API_CALL(m_nvenc.nvEncGetSequenceParams(m_hEncoder, &payload));
      |     ^~~~~~~~~~~~~~
./src/NvEncoder/NvEncoder.h:80:26: error: ‘NV_ENC_SUCCESS’ was not declared in this scope
   80 |         if( errorCode != NV_ENC_SUCCESS)                                                                           \
      |                          ^~~~~~~~~~~~~~
src/NvEncoder/NvEncoder.cpp:516:5: note: in expansion of macro ‘NVENC_API_CALL’
  516 |     NVENC_API_CALL(m_nvenc.nvEncGetSequenceParams(m_hEncoder, &payload));
      |     ^~~~~~~~~~~~~~
src/NvEncoder/NvEncoder.cpp: At global scope:
src/NvEncoder/NvEncoder.cpp:521:1: error: ‘NVENCSTATUS’ does not name a type
  521 | NVENCSTATUS NvEncoder::DoEncode(NV_ENC_INPUT_PTR inputBuffer, NV_ENC_OUTPUT_PTR outputBuffer, NV_ENC_PIC_PARAMS *pPicParams)
      | ^~~~~~~~~~~
src/NvEncoder/NvEncoder.cpp: In member function ‘void NvEncoder::SendEOS()’:
src/NvEncoder/NvEncoder.cpp:543:5: error: ‘NV_ENC_PIC_PARAMS’ was not declared in this scope
  543 |     NV_ENC_PIC_PARAMS picParams = { NV_ENC_PIC_PARAMS_VER };
      |     ^~~~~~~~~~~~~~~~~
src/NvEncoder/NvEncoder.cpp:544:5: error: ‘picParams’ was not declared in this scope
  544 |     picParams.encodePicFlags = NV_ENC_PIC_FLAG_EOS;
      |     ^~~~~~~~~
src/NvEncoder/NvEncoder.cpp:544:32: error: ‘NV_ENC_PIC_FLAG_EOS’ was not declared in this scope
  544 |     picParams.encodePicFlags = NV_ENC_PIC_FLAG_EOS;
      |                                ^~~~~~~~~~~~~~~~~~~
In file included from src/NvEncoder/NvEncoder.cpp:28:
./src/NvEncoder/NvEncoder.h:79:9: error: ‘NVENCSTATUS’ was not declared in this scope
   79 |         NVENCSTATUS errorCode = nvencAPI;                                                                          \
      |         ^~~~~~~~~~~
src/NvEncoder/NvEncoder.cpp:546:5: note: in expansion of macro ‘NVENC_API_CALL’
  546 |     NVENC_API_CALL(m_nvenc.nvEncEncodePicture(m_hEncoder, &picParams));
      |     ^~~~~~~~~~~~~~
./src/NvEncoder/NvEncoder.h:80:13: error: ‘errorCode’ was not declared in this scope
   80 |         if( errorCode != NV_ENC_SUCCESS)                                                                           \
      |             ^~~~~~~~~
src/NvEncoder/NvEncoder.cpp:546:5: note: in expansion of macro ‘NVENC_API_CALL’
  546 |     NVENC_API_CALL(m_nvenc.nvEncEncodePicture(m_hEncoder, &picParams));
      |     ^~~~~~~~~~~~~~
./src/NvEncoder/NvEncoder.h:80:26: error: ‘NV_ENC_SUCCESS’ was not declared in this scope
   80 |         if( errorCode != NV_ENC_SUCCESS)                                                                           \
      |                          ^~~~~~~~~~~~~~
src/NvEncoder/NvEncoder.cpp:546:5: note: in expansion of macro ‘NVENC_API_CALL’
  546 |     NVENC_API_CALL(m_nvenc.nvEncEncodePicture(m_hEncoder, &picParams));
      |     ^~~~~~~~~~~~~~
src/NvEncoder/NvEncoder.cpp: In member function ‘virtual void NvEncoder::EndEncode(std::vector<std::vector<unsigned char> >&)’:
src/NvEncoder/NvEncoder.cpp:554:61: error: ‘NV_ENC_ERR_ENCODER_NOT_INITIALIZED’ was not declared in this scope
  554 |         NVENC_THROW_ERROR("Encoder device not initialized", NV_ENC_ERR_ENCODER_NOT_INITIALIZED);
      |                                                             ^~~~~~~~~~~~~~~~~~~~~~~~~~~~~~~~~~
./src/NvEncoder/NvEncoder.h:72:60: note: in definition of macro ‘NVENC_THROW_ERROR’
   72 |         throw NVENCException::makeNVENCException(errorStr, errorCode, __FUNCTION__, __FILE__, __LINE__); \
      |                                                            ^~~~~~~~~
src/NvEncoder/NvEncoder.cpp: At global scope:
src/NvEncoder/NvEncoder.cpp:562:46: error: ‘NV_ENC_OUTPUT_PTR’ was not declared in this scope
  562 | void NvEncoder::GetEncodedPacket(std::vector<NV_ENC_OUTPUT_PTR> &vOutputBuffer, std::vector<std::vector<uint8_t>> &vPacket, bool bOutputDelay)
      |                                              ^~~~~~~~~~~~~~~~~
src/NvEncoder/NvEncoder.cpp:562:63: error: template argument 1 is invalid
  562 | void NvEncoder::GetEncodedPacket(std::vector<NV_ENC_OUTPUT_PTR> &vOutputBuffer, std::vector<std::vector<uint8_t>> &vPacket, bool bOutputDelay)
      |                                                               ^
src/NvEncoder/NvEncoder.cpp:562:63: error: template argument 2 is invalid
src/NvEncoder/NvEncoder.cpp: In member function ‘void NvEncoder::GetEncodedPacket(int&, std::vector<std::vector<unsigned char> >&, bool)’:
src/NvEncoder/NvEncoder.cpp:569:9: error: ‘NV_ENC_LOCK_BITSTREAM’ was not declared in this scope
  569 |         NV_ENC_LOCK_BITSTREAM lockBitstreamData = { NV_ENC_LOCK_BITSTREAM_VER };
      |         ^~~~~~~~~~~~~~~~~~~~~
src/NvEncoder/NvEncoder.cpp:570:9: error: ‘lockBitstreamData’ was not declared in this scope
  570 |         lockBitstreamData.outputBitstream = vOutputBuffer[m_iGot % m_nEncoderBuffer];
      |         ^~~~~~~~~~~~~~~~~
src/NvEncoder/NvEncoder.cpp:570:58: error: invalid types ‘int[int32_t {aka int}]’ for array subscript
  570 |         lockBitstreamData.outputBitstream = vOutputBuffer[m_iGot % m_nEncoderBuffer];
      |                                                          ^
In file included from src/NvEncoder/NvEncoder.cpp:28:
./src/NvEncoder/NvEncoder.h:79:9: error: ‘NVENCSTATUS’ was not declared in this scope
   79 |         NVENCSTATUS errorCode = nvencAPI;                                                                          \
      |         ^~~~~~~~~~~
src/NvEncoder/NvEncoder.cpp:572:9: note: in expansion of macro ‘NVENC_API_CALL’
  572 |         NVENC_API_CALL(m_nvenc.nvEncLockBitstream(m_hEncoder, &lockBitstreamData));
      |         ^~~~~~~~~~~~~~
./src/NvEncoder/NvEncoder.h:80:13: error: ‘errorCode’ was not declared in this scope
   80 |         if( errorCode != NV_ENC_SUCCESS)                                                                           \
      |             ^~~~~~~~~
src/NvEncoder/NvEncoder.cpp:572:9: note: in expansion of macro ‘NVENC_API_CALL’
  572 |         NVENC_API_CALL(m_nvenc.nvEncLockBitstream(m_hEncoder, &lockBitstreamData));
      |         ^~~~~~~~~~~~~~
./src/NvEncoder/NvEncoder.h:80:26: error: ‘NV_ENC_SUCCESS’ was not declared in this scope
   80 |         if( errorCode != NV_ENC_SUCCESS)                                                                           \
      |                          ^~~~~~~~~~~~~~
src/NvEncoder/NvEncoder.cpp:572:9: note: in expansion of macro ‘NVENC_API_CALL’
  572 |         NVENC_API_CALL(m_nvenc.nvEncLockBitstream(m_hEncoder, &lockBitstreamData));
      |         ^~~~~~~~~~~~~~
src/NvEncoder/NvEncoder.cpp:581:14: error: ‘m_initializeParams’ was not declared in this scope; did you mean ‘GetInitializeParams’?
  581 |         if ((m_initializeParams.encodeGUID == NV_ENC_CODEC_AV1_GUID) && (m_bUseIVFContainer))
      |              ^~~~~~~~~~~~~~~~~~
      |              GetInitializeParams
src/NvEncoder/NvEncoder.cpp:581:47: error: ‘NV_ENC_CODEC_AV1_GUID’ was not declared in this scope
  581 |         if ((m_initializeParams.encodeGUID == NV_ENC_CODEC_AV1_GUID) && (m_bUseIVFContainer))
      |                                               ^~~~~~~~~~~~~~~~~~~~~
In file included from src/NvEncoder/NvEncoder.cpp:28:
./src/NvEncoder/NvEncoder.h:79:9: error: ‘NVENCSTATUS’ was not declared in this scope
   79 |         NVENCSTATUS errorCode = nvencAPI;                                                                          \
      |         ^~~~~~~~~~~
src/NvEncoder/NvEncoder.cpp:595:9: note: in expansion of macro ‘NVENC_API_CALL’
  595 |         NVENC_API_CALL(m_nvenc.nvEncUnlockBitstream(m_hEncoder, lockBitstreamData.outputBitstream));
      |         ^~~~~~~~~~~~~~
./src/NvEncoder/NvEncoder.h:80:13: error: ‘errorCode’ was not declared in this scope
   80 |         if( errorCode != NV_ENC_SUCCESS)                                                                           \
      |             ^~~~~~~~~
src/NvEncoder/NvEncoder.cpp:595:9: note: in expansion of macro ‘NVENC_API_CALL’
  595 |         NVENC_API_CALL(m_nvenc.nvEncUnlockBitstream(m_hEncoder, lockBitstreamData.outputBitstream));
      |         ^~~~~~~~~~~~~~
./src/NvEncoder/NvEncoder.h:80:26: error: ‘NV_ENC_SUCCESS’ was not declared in this scope
   80 |         if( errorCode != NV_ENC_SUCCESS)                                                                           \
      |                          ^~~~~~~~~~~~~~
src/NvEncoder/NvEncoder.cpp:595:9: note: in expansion of macro ‘NVENC_API_CALL’
  595 |         NVENC_API_CALL(m_nvenc.nvEncUnlockBitstream(m_hEncoder, lockBitstreamData.outputBitstream));
      |         ^~~~~~~~~~~~~~
src/NvEncoder/NvEncoder.cpp:597:34: error: invalid types ‘int[int32_t {aka int}]’ for array subscript
  597 |         if (m_vMappedInputBuffers[m_iGot % m_nEncoderBuffer])
      |                                  ^
In file included from src/NvEncoder/NvEncoder.cpp:28:
./src/NvEncoder/NvEncoder.h:79:9: error: ‘NVENCSTATUS’ was not declared in this scope
   79 |         NVENCSTATUS errorCode = nvencAPI;                                                                          \
      |         ^~~~~~~~~~~
src/NvEncoder/NvEncoder.cpp:599:13: note: in expansion of macro ‘NVENC_API_CALL’
  599 |             NVENC_API_CALL(m_nvenc.nvEncUnmapInputResource(m_hEncoder, m_vMappedInputBuffers[m_iGot % m_nEncoderBuffer]));
      |             ^~~~~~~~~~~~~~
./src/NvEncoder/NvEncoder.h:80:13: error: ‘errorCode’ was not declared in this scope
   80 |         if( errorCode != NV_ENC_SUCCESS)                                                                           \
      |             ^~~~~~~~~
src/NvEncoder/NvEncoder.cpp:599:13: note: in expansion of macro ‘NVENC_API_CALL’
  599 |             NVENC_API_CALL(m_nvenc.nvEncUnmapInputResource(m_hEncoder, m_vMappedInputBuffers[m_iGot % m_nEncoderBuffer]));
      |             ^~~~~~~~~~~~~~
./src/NvEncoder/NvEncoder.h:80:26: error: ‘NV_ENC_SUCCESS’ was not declared in this scope
   80 |         if( errorCode != NV_ENC_SUCCESS)                                                                           \
      |                          ^~~~~~~~~~~~~~
src/NvEncoder/NvEncoder.cpp:599:13: note: in expansion of macro ‘NVENC_API_CALL’
  599 |             NVENC_API_CALL(m_nvenc.nvEncUnmapInputResource(m_hEncoder, m_vMappedInputBuffers[m_iGot % m_nEncoderBuffer]));
      |             ^~~~~~~~~~~~~~
src/NvEncoder/NvEncoder.cpp:600:34: error: invalid types ‘int[int32_t {aka int}]’ for array subscript
  600 |             m_vMappedInputBuffers[m_iGot % m_nEncoderBuffer] = nullptr;
      |                                  ^
src/NvEncoder/NvEncoder.cpp:603:59: error: invalid types ‘int[int32_t {aka int}]’ for array subscript
  603 |         if (m_bMotionEstimationOnly && m_vMappedRefBuffers[m_iGot % m_nEncoderBuffer])
      |                                                           ^
In file included from src/NvEncoder/NvEncoder.cpp:28:
./src/NvEncoder/NvEncoder.h:79:9: error: ‘NVENCSTATUS’ was not declared in this scope
   79 |         NVENCSTATUS errorCode = nvencAPI;                                                                          \
      |         ^~~~~~~~~~~
src/NvEncoder/NvEncoder.cpp:605:13: note: in expansion of macro ‘NVENC_API_CALL’
  605 |             NVENC_API_CALL(m_nvenc.nvEncUnmapInputResource(m_hEncoder, m_vMappedRefBuffers[m_iGot % m_nEncoderBuffer]));
      |             ^~~~~~~~~~~~~~
./src/NvEncoder/NvEncoder.h:80:13: error: ‘errorCode’ was not declared in this scope
   80 |         if( errorCode != NV_ENC_SUCCESS)                                                                           \
      |             ^~~~~~~~~
src/NvEncoder/NvEncoder.cpp:605:13: note: in expansion of macro ‘NVENC_API_CALL’
  605 |             NVENC_API_CALL(m_nvenc.nvEncUnmapInputResource(m_hEncoder, m_vMappedRefBuffers[m_iGot % m_nEncoderBuffer]));
      |             ^~~~~~~~~~~~~~
./src/NvEncoder/NvEncoder.h:80:26: error: ‘NV_ENC_SUCCESS’ was not declared in this scope
   80 |         if( errorCode != NV_ENC_SUCCESS)                                                                           \
      |                          ^~~~~~~~~~~~~~
src/NvEncoder/NvEncoder.cpp:605:13: note: in expansion of macro ‘NVENC_API_CALL’
  605 |             NVENC_API_CALL(m_nvenc.nvEncUnmapInputResource(m_hEncoder, m_vMappedRefBuffers[m_iGot % m_nEncoderBuffer]));
      |             ^~~~~~~~~~~~~~
src/NvEncoder/NvEncoder.cpp:606:32: error: invalid types ‘int[int32_t {aka int}]’ for array subscript
  606 |             m_vMappedRefBuffers[m_iGot % m_nEncoderBuffer] = nullptr;
      |                                ^
src/NvEncoder/NvEncoder.cpp: At global scope:
src/NvEncoder/NvEncoder.cpp:611:35: error: ‘NV_ENC_RECONFIGURE_PARAMS’ does not name a type
  611 | bool NvEncoder::Reconfigure(const NV_ENC_RECONFIGURE_PARAMS *pReconfigureParams)
      |                                   ^~~~~~~~~~~~~~~~~~~~~~~~~
In file included from src/NvEncoder/NvEncoder.cpp:28:
src/NvEncoder/NvEncoder.cpp: In member function ‘bool NvEncoder::Reconfigure(const int*)’:
./src/NvEncoder/NvEncoder.h:79:9: error: ‘NVENCSTATUS’ was not declared in this scope
   79 |         NVENCSTATUS errorCode = nvencAPI;                                                                          \
      |         ^~~~~~~~~~~
src/NvEncoder/NvEncoder.cpp:613:5: note: in expansion of macro ‘NVENC_API_CALL’
  613 |     NVENC_API_CALL(m_nvenc.nvEncReconfigureEncoder(m_hEncoder, const_cast<NV_ENC_RECONFIGURE_PARAMS*>(pReconfigureParams)));
      |     ^~~~~~~~~~~~~~
./src/NvEncoder/NvEncoder.h:80:13: error: ‘errorCode’ was not declared in this scope
   80 |         if( errorCode != NV_ENC_SUCCESS)                                                                           \
      |             ^~~~~~~~~
src/NvEncoder/NvEncoder.cpp:613:5: note: in expansion of macro ‘NVENC_API_CALL’
  613 |     NVENC_API_CALL(m_nvenc.nvEncReconfigureEncoder(m_hEncoder, const_cast<NV_ENC_RECONFIGURE_PARAMS*>(pReconfigureParams)));
      |     ^~~~~~~~~~~~~~
./src/NvEncoder/NvEncoder.h:80:26: error: ‘NV_ENC_SUCCESS’ was not declared in this scope
   80 |         if( errorCode != NV_ENC_SUCCESS)                                                                           \
      |                          ^~~~~~~~~~~~~~
src/NvEncoder/NvEncoder.cpp:613:5: note: in expansion of macro ‘NVENC_API_CALL’
  613 |     NVENC_API_CALL(m_nvenc.nvEncReconfigureEncoder(m_hEncoder, const_cast<NV_ENC_RECONFIGURE_PARAMS*>(pReconfigureParams)));
      |     ^~~~~~~~~~~~~~
src/NvEncoder/NvEncoder.cpp:615:13: error: ‘m_initializeParams’ was not declared in this scope; did you mean ‘GetInitializeParams’?
  615 |     memcpy(&m_initializeParams, &(pReconfigureParams->reInitEncodeParams), sizeof(m_initializeParams));
      |             ^~~~~~~~~~~~~~~~~~
      |             GetInitializeParams
src/NvEncoder/NvEncoder.cpp:615:55: error: request for member ‘reInitEncodeParams’ in ‘* pReconfigureParams’, which is of non-class type ‘const int’
  615 |     memcpy(&m_initializeParams, &(pReconfigureParams->reInitEncodeParams), sizeof(m_initializeParams));
      |                                                       ^~~~~~~~~~~~~~~~~~
src/NvEncoder/NvEncoder.cpp:616:29: error: request for member ‘reInitEncodeParams’ in ‘* pReconfigureParams’, which is of non-class type ‘const int’
  616 |     if (pReconfigureParams->reInitEncodeParams.encodeConfig)
      |                             ^~~~~~~~~~~~~~~~~~
src/NvEncoder/NvEncoder.cpp:618:17: error: ‘m_encodeConfig’ was not declared in this scope
  618 |         memcpy(&m_encodeConfig, pReconfigureParams->reInitEncodeParams.encodeConfig, sizeof(m_encodeConfig));
      |                 ^~~~~~~~~~~~~~
src/NvEncoder/NvEncoder.cpp:618:53: error: request for member ‘reInitEncodeParams’ in ‘* pReconfigureParams’, which is of non-class type ‘const int’
  618 |         memcpy(&m_encodeConfig, pReconfigureParams->reInitEncodeParams.encodeConfig, sizeof(m_encodeConfig));
      |                                                     ^~~~~~~~~~~~~~~~~~
src/NvEncoder/NvEncoder.cpp: At global scope:
src/NvEncoder/NvEncoder.cpp:629:1: error: ‘NV_ENC_REGISTERED_PTR’ does not name a type
  629 | NV_ENC_REGISTERED_PTR NvEncoder::RegisterResource(void *pBuffer, NV_ENC_INPUT_RESOURCE_TYPE eResourceType,
      | ^~~~~~~~~~~~~~~~~~~~~
src/NvEncoder/NvEncoder.cpp:647:72: error: ‘NV_ENC_INPUT_RESOURCE_TYPE’ has not been declared
  647 | void NvEncoder::RegisterInputResources(std::vector<void*> inputframes, NV_ENC_INPUT_RESOURCE_TYPE eResourceType,
      |                                                                        ^~~~~~~~~~~~~~~~~~~~~~~~~~
src/NvEncoder/NvEncoder.cpp:648:76: error: ‘NV_ENC_BUFFER_FORMAT’ has not been declared
  648 |                                          int width, int height, int pitch, NV_ENC_BUFFER_FORMAT bufferFormat, bool bReferenceFrame)
      |                                                                            ^~~~~~~~~~~~~~~~~~~~
src/NvEncoder/NvEncoder.cpp: In member function ‘void NvEncoder::RegisterInputResources(std::vector<void*>, int, int, int, int, int, bool)’:
src/NvEncoder/NvEncoder.cpp:652:9: error: ‘NV_ENC_REGISTERED_PTR’ was not declared in this scope
  652 |         NV_ENC_REGISTERED_PTR registeredPtr = RegisterResource(inputframes[i], eResourceType, width, height, pitch, bufferFormat, NV_ENC_INPUT_IMAGE);
      |         ^~~~~~~~~~~~~~~~~~~~~
src/NvEncoder/NvEncoder.cpp:667:20: error: ‘struct NvEncInputFrame’ has no member named ‘bufferFormat’
  667 |         inputframe.bufferFormat = bufferFormat;
      |                    ^~~~~~~~~~~~
src/NvEncoder/NvEncoder.cpp:668:20: error: ‘struct NvEncInputFrame’ has no member named ‘resourceType’
  668 |         inputframe.resourceType = eResourceType;
      |                    ^~~~~~~~~~~~
src/NvEncoder/NvEncoder.cpp:672:48: error: request for member ‘push_back’ in ‘((NvEncoder*)this)->NvEncoder::m_vRegisteredResourcesForReference’, which is of non-class type ‘int’
  672 |             m_vRegisteredResourcesForReference.push_back(registeredPtr);
      |                                                ^~~~~~~~~
src/NvEncoder/NvEncoder.cpp:672:58: error: ‘registeredPtr’ was not declared in this scope; did you mean ‘register_t’?
  672 |             m_vRegisteredResourcesForReference.push_back(registeredPtr);
      |                                                          ^~~~~~~~~~~~~
      |                                                          register_t
src/NvEncoder/NvEncoder.cpp:677:36: error: request for member ‘push_back’ in ‘((NvEncoder*)this)->NvEncoder::m_vRegisteredResources’, which is of non-class type ‘int’
  677 |             m_vRegisteredResources.push_back(registeredPtr);
      |                                    ^~~~~~~~~
src/NvEncoder/NvEncoder.cpp:677:46: error: ‘registeredPtr’ was not declared in this scope; did you mean ‘register_t’?
  677 |             m_vRegisteredResources.push_back(registeredPtr);
      |                                              ^~~~~~~~~~~~~
      |                                              register_t
src/NvEncoder/NvEncoder.cpp: In member function ‘void NvEncoder::UnregisterInputResources()’:
src/NvEncoder/NvEncoder.cpp:707:54: error: request for member ‘size’ in ‘((NvEncoder*)this)->NvEncoder::m_vMappedRefBuffers’, which is of non-class type ‘int’
  707 |         for (uint32_t i = 0; i < m_vMappedRefBuffers.size(); ++i)
      |                                                      ^~~~
src/NvEncoder/NvEncoder.cpp:709:36: error: invalid types ‘int[uint32_t {aka unsigned int}]’ for array subscript
  709 |             if (m_vMappedRefBuffers[i])
      |                                    ^
src/NvEncoder/NvEncoder.cpp:711:17: error: ‘m_nvenc’ was not declared in this scope
  711 |                 m_nvenc.nvEncUnmapInputResource(m_hEncoder, m_vMappedRefBuffers[i]);
      |                 ^~~~~~~
src/NvEncoder/NvEncoder.cpp:711:80: error: invalid types ‘int[uint32_t {aka unsigned int}]’ for array subscript
  711 |                 m_nvenc.nvEncUnmapInputResource(m_hEncoder, m_vMappedRefBuffers[i]);
      |                                                                                ^
src/NvEncoder/NvEncoder.cpp:715:25: error: request for member ‘clear’ in ‘((NvEncoder*)this)->NvEncoder::m_vMappedRefBuffers’, which is of non-class type ‘int’
  715 |     m_vMappedRefBuffers.clear();
      |                         ^~~~~
src/NvEncoder/NvEncoder.cpp:717:52: error: request for member ‘size’ in ‘((NvEncoder*)this)->NvEncoder::m_vMappedInputBuffers’, which is of non-class type ‘int’
  717 |     for (uint32_t i = 0; i < m_vMappedInputBuffers.size(); ++i)
      |                                                    ^~~~
src/NvEncoder/NvEncoder.cpp:719:34: error: invalid types ‘int[uint32_t {aka unsigned int}]’ for array subscript
  719 |         if (m_vMappedInputBuffers[i])
      |                                  ^
src/NvEncoder/NvEncoder.cpp:721:13: error: ‘m_nvenc’ was not declared in this scope
  721 |             m_nvenc.nvEncUnmapInputResource(m_hEncoder, m_vMappedInputBuffers[i]);
      |             ^~~~~~~
src/NvEncoder/NvEncoder.cpp:721:78: error: invalid types ‘int[uint32_t {aka unsigned int}]’ for array subscript
  721 |             m_nvenc.nvEncUnmapInputResource(m_hEncoder, m_vMappedInputBuffers[i]);
      |                                                                              ^
src/NvEncoder/NvEncoder.cpp:724:27: error: request for member ‘clear’ in ‘((NvEncoder*)this)->NvEncoder::m_vMappedInputBuffers’, which is of non-class type ‘int’
  724 |     m_vMappedInputBuffers.clear();
      |                           ^~~~~
src/NvEncoder/NvEncoder.cpp:726:53: error: request for member ‘size’ in ‘((NvEncoder*)this)->NvEncoder::m_vRegisteredResources’, which is of non-class type ‘int’
  726 |     for (uint32_t i = 0; i < m_vRegisteredResources.size(); ++i)
      |                                                     ^~~~
src/NvEncoder/NvEncoder.cpp:728:35: error: invalid types ‘int[uint32_t {aka unsigned int}]’ for array subscript
  728 |         if (m_vRegisteredResources[i])
      |                                   ^
src/NvEncoder/NvEncoder.cpp:730:13: error: ‘m_nvenc’ was not declared in this scope
  730 |             m_nvenc.nvEncUnregisterResource(m_hEncoder, m_vRegisteredResources[i]);
      |             ^~~~~~~
src/NvEncoder/NvEncoder.cpp:730:79: error: invalid types ‘int[uint32_t {aka unsigned int}]’ for array subscript
  730 |             m_nvenc.nvEncUnregisterResource(m_hEncoder, m_vRegisteredResources[i]);
      |                                                                               ^
src/NvEncoder/NvEncoder.cpp:733:28: error: request for member ‘clear’ in ‘((NvEncoder*)this)->NvEncoder::m_vRegisteredResources’, which is of non-class type ‘int’
  733 |     m_vRegisteredResources.clear();
      |                            ^~~~~
src/NvEncoder/NvEncoder.cpp:736:65: error: request for member ‘size’ in ‘((NvEncoder*)this)->NvEncoder::m_vRegisteredResourcesForReference’, which is of non-class type ‘int’
  736 |     for (uint32_t i = 0; i < m_vRegisteredResourcesForReference.size(); ++i)
      |                                                                 ^~~~
src/NvEncoder/NvEncoder.cpp:738:47: error: invalid types ‘int[uint32_t {aka unsigned int}]’ for array subscript
  738 |         if (m_vRegisteredResourcesForReference[i])
      |                                               ^
src/NvEncoder/NvEncoder.cpp:740:13: error: ‘m_nvenc’ was not declared in this scope
  740 |             m_nvenc.nvEncUnregisterResource(m_hEncoder, m_vRegisteredResourcesForReference[i]);
      |             ^~~~~~~
src/NvEncoder/NvEncoder.cpp:740:91: error: invalid types ‘int[uint32_t {aka unsigned int}]’ for array subscript
  740 |             m_nvenc.nvEncUnregisterResource(m_hEncoder, m_vRegisteredResourcesForReference[i]);
      |                                                                                           ^
src/NvEncoder/NvEncoder.cpp:743:40: error: request for member ‘clear’ in ‘((NvEncoder*)this)->NvEncoder::m_vRegisteredResourcesForReference’, which is of non-class type ‘int’
  743 |     m_vRegisteredResourcesForReference.clear();
      |                                        ^~~~~
src/NvEncoder/NvEncoder.cpp: At global scope:
src/NvEncoder/NvEncoder.cpp:773:43: error: ‘NV_ENC_BUFFER_FORMAT’ does not name a type
  773 | uint32_t NvEncoder::GetWidthInBytes(const NV_ENC_BUFFER_FORMAT bufferFormat, const uint32_t width)
      |                                           ^~~~~~~~~~~~~~~~~~~~
src/NvEncoder/NvEncoder.cpp: In static member function ‘static uint32_t NvEncoder::GetWidthInBytes(int, uint32_t)’:
src/NvEncoder/NvEncoder.cpp:776:10: error: ‘NV_ENC_BUFFER_FORMAT_NV12’ was not declared in this scope
  776 |     case NV_ENC_BUFFER_FORMAT_NV12:
      |          ^~~~~~~~~~~~~~~~~~~~~~~~~
src/NvEncoder/NvEncoder.cpp:777:10: error: ‘NV_ENC_BUFFER_FORMAT_YV12’ was not declared in this scope
  777 |     case NV_ENC_BUFFER_FORMAT_YV12:
      |          ^~~~~~~~~~~~~~~~~~~~~~~~~
src/NvEncoder/NvEncoder.cpp:778:10: error: ‘NV_ENC_BUFFER_FORMAT_IYUV’ was not declared in this scope
  778 |     case NV_ENC_BUFFER_FORMAT_IYUV:
      |          ^~~~~~~~~~~~~~~~~~~~~~~~~
src/NvEncoder/NvEncoder.cpp:779:10: error: ‘NV_ENC_BUFFER_FORMAT_YUV444’ was not declared in this scope
  779 |     case NV_ENC_BUFFER_FORMAT_YUV444:
      |          ^~~~~~~~~~~~~~~~~~~~~~~~~~~
src/NvEncoder/NvEncoder.cpp:781:10: error: ‘NV_ENC_BUFFER_FORMAT_YUV420_10BIT’ was not declared in this scope
  781 |     case NV_ENC_BUFFER_FORMAT_YUV420_10BIT:
      |          ^~~~~~~~~~~~~~~~~~~~~~~~~~~~~~~~~
src/NvEncoder/NvEncoder.cpp:782:10: error: ‘NV_ENC_BUFFER_FORMAT_YUV444_10BIT’ was not declared in this scope
  782 |     case NV_ENC_BUFFER_FORMAT_YUV444_10BIT:
      |          ^~~~~~~~~~~~~~~~~~~~~~~~~~~~~~~~~
src/NvEncoder/NvEncoder.cpp:784:10: error: ‘NV_ENC_BUFFER_FORMAT_ARGB’ was not declared in this scope
  784 |     case NV_ENC_BUFFER_FORMAT_ARGB:
      |          ^~~~~~~~~~~~~~~~~~~~~~~~~
src/NvEncoder/NvEncoder.cpp:785:10: error: ‘NV_ENC_BUFFER_FORMAT_ARGB10’ was not declared in this scope
  785 |     case NV_ENC_BUFFER_FORMAT_ARGB10:
      |          ^~~~~~~~~~~~~~~~~~~~~~~~~~~
src/NvEncoder/NvEncoder.cpp:786:10: error: ‘NV_ENC_BUFFER_FORMAT_AYUV’ was not declared in this scope
  786 |     case NV_ENC_BUFFER_FORMAT_AYUV:
      |          ^~~~~~~~~~~~~~~~~~~~~~~~~
src/NvEncoder/NvEncoder.cpp:787:10: error: ‘NV_ENC_BUFFER_FORMAT_ABGR’ was not declared in this scope
  787 |     case NV_ENC_BUFFER_FORMAT_ABGR:
      |          ^~~~~~~~~~~~~~~~~~~~~~~~~
src/NvEncoder/NvEncoder.cpp:788:10: error: ‘NV_ENC_BUFFER_FORMAT_ABGR10’ was not declared in this scope
  788 |     case NV_ENC_BUFFER_FORMAT_ABGR10:
      |          ^~~~~~~~~~~~~~~~~~~~~~~~~~~
In file included from src/NvEncoder/NvEncoder.cpp:28:
src/NvEncoder/NvEncoder.cpp:791:52: error: ‘NV_ENC_ERR_INVALID_PARAM’ was not declared in this scope
  791 |         NVENC_THROW_ERROR("Invalid Buffer format", NV_ENC_ERR_INVALID_PARAM);
      |                                                    ^~~~~~~~~~~~~~~~~~~~~~~~
./src/NvEncoder/NvEncoder.h:72:60: note: in definition of macro ‘NVENC_THROW_ERROR’
   72 |         throw NVENCException::makeNVENCException(errorStr, errorCode, __FUNCTION__, __FILE__, __LINE__); \
      |                                                            ^~~~~~~~~
src/NvEncoder/NvEncoder.cpp: At global scope:
src/NvEncoder/NvEncoder.cpp:796:46: error: ‘NV_ENC_BUFFER_FORMAT’ does not name a type
  796 | uint32_t NvEncoder::GetNumChromaPlanes(const NV_ENC_BUFFER_FORMAT bufferFormat)
      |                                              ^~~~~~~~~~~~~~~~~~~~
src/NvEncoder/NvEncoder.cpp: In static member function ‘static uint32_t NvEncoder::GetNumChromaPlanes(int)’:
src/NvEncoder/NvEncoder.cpp:800:10: error: ‘NV_ENC_BUFFER_FORMAT_NV12’ was not declared in this scope
  800 |     case NV_ENC_BUFFER_FORMAT_NV12:
      |          ^~~~~~~~~~~~~~~~~~~~~~~~~
src/NvEncoder/NvEncoder.cpp:801:10: error: ‘NV_ENC_BUFFER_FORMAT_YUV420_10BIT’ was not declared in this scope
  801 |     case NV_ENC_BUFFER_FORMAT_YUV420_10BIT:
      |          ^~~~~~~~~~~~~~~~~~~~~~~~~~~~~~~~~
src/NvEncoder/NvEncoder.cpp:803:10: error: ‘NV_ENC_BUFFER_FORMAT_YV12’ was not declared in this scope
  803 |     case NV_ENC_BUFFER_FORMAT_YV12:
      |          ^~~~~~~~~~~~~~~~~~~~~~~~~
src/NvEncoder/NvEncoder.cpp:804:10: error: ‘NV_ENC_BUFFER_FORMAT_IYUV’ was not declared in this scope
  804 |     case NV_ENC_BUFFER_FORMAT_IYUV:
      |          ^~~~~~~~~~~~~~~~~~~~~~~~~
src/NvEncoder/NvEncoder.cpp:805:10: error: ‘NV_ENC_BUFFER_FORMAT_YUV444’ was not declared in this scope
  805 |     case NV_ENC_BUFFER_FORMAT_YUV444:
      |          ^~~~~~~~~~~~~~~~~~~~~~~~~~~
src/NvEncoder/NvEncoder.cpp:806:10: error: ‘NV_ENC_BUFFER_FORMAT_YUV444_10BIT’ was not declared in this scope
  806 |     case NV_ENC_BUFFER_FORMAT_YUV444_10BIT:
      |          ^~~~~~~~~~~~~~~~~~~~~~~~~~~~~~~~~
src/NvEncoder/NvEncoder.cpp:808:10: error: ‘NV_ENC_BUFFER_FORMAT_ARGB’ was not declared in this scope
  808 |     case NV_ENC_BUFFER_FORMAT_ARGB:
      |          ^~~~~~~~~~~~~~~~~~~~~~~~~
src/NvEncoder/NvEncoder.cpp:809:10: error: ‘NV_ENC_BUFFER_FORMAT_ARGB10’ was not declared in this scope
  809 |     case NV_ENC_BUFFER_FORMAT_ARGB10:
      |          ^~~~~~~~~~~~~~~~~~~~~~~~~~~
src/NvEncoder/NvEncoder.cpp:810:10: error: ‘NV_ENC_BUFFER_FORMAT_AYUV’ was not declared in this scope
  810 |     case NV_ENC_BUFFER_FORMAT_AYUV:
      |          ^~~~~~~~~~~~~~~~~~~~~~~~~
src/NvEncoder/NvEncoder.cpp:811:10: error: ‘NV_ENC_BUFFER_FORMAT_ABGR’ was not declared in this scope
  811 |     case NV_ENC_BUFFER_FORMAT_ABGR:
      |          ^~~~~~~~~~~~~~~~~~~~~~~~~
src/NvEncoder/NvEncoder.cpp:812:10: error: ‘NV_ENC_BUFFER_FORMAT_ABGR10’ was not declared in this scope
  812 |     case NV_ENC_BUFFER_FORMAT_ABGR10:
      |          ^~~~~~~~~~~~~~~~~~~~~~~~~~~
In file included from src/NvEncoder/NvEncoder.cpp:28:
src/NvEncoder/NvEncoder.cpp:815:52: error: ‘NV_ENC_ERR_INVALID_PARAM’ was not declared in this scope
  815 |         NVENC_THROW_ERROR("Invalid Buffer format", NV_ENC_ERR_INVALID_PARAM);
      |                                                    ^~~~~~~~~~~~~~~~~~~~~~~~
./src/NvEncoder/NvEncoder.h:72:60: note: in definition of macro ‘NVENC_THROW_ERROR’
   72 |         throw NVENCException::makeNVENCException(errorStr, errorCode, __FUNCTION__, __FILE__, __LINE__); \
      |                                                            ^~~~~~~~~
src/NvEncoder/NvEncoder.cpp: At global scope:
src/NvEncoder/NvEncoder.cpp:820:42: error: ‘NV_ENC_BUFFER_FORMAT’ does not name a type
  820 | uint32_t NvEncoder::GetChromaPitch(const NV_ENC_BUFFER_FORMAT bufferFormat,const uint32_t lumaPitch)
      |                                          ^~~~~~~~~~~~~~~~~~~~
src/NvEncoder/NvEncoder.cpp: In static member function ‘static uint32_t NvEncoder::GetChromaPitch(int, uint32_t)’:
src/NvEncoder/NvEncoder.cpp:824:10: error: ‘NV_ENC_BUFFER_FORMAT_NV12’ was not declared in this scope
  824 |     case NV_ENC_BUFFER_FORMAT_NV12:
      |          ^~~~~~~~~~~~~~~~~~~~~~~~~
src/NvEncoder/NvEncoder.cpp:825:10: error: ‘NV_ENC_BUFFER_FORMAT_YUV420_10BIT’ was not declared in this scope
  825 |     case NV_ENC_BUFFER_FORMAT_YUV420_10BIT:
      |          ^~~~~~~~~~~~~~~~~~~~~~~~~~~~~~~~~
src/NvEncoder/NvEncoder.cpp:826:10: error: ‘NV_ENC_BUFFER_FORMAT_YUV444’ was not declared in this scope
  826 |     case NV_ENC_BUFFER_FORMAT_YUV444:
      |          ^~~~~~~~~~~~~~~~~~~~~~~~~~~
src/NvEncoder/NvEncoder.cpp:827:10: error: ‘NV_ENC_BUFFER_FORMAT_YUV444_10BIT’ was not declared in this scope
  827 |     case NV_ENC_BUFFER_FORMAT_YUV444_10BIT:
      |          ^~~~~~~~~~~~~~~~~~~~~~~~~~~~~~~~~
src/NvEncoder/NvEncoder.cpp:829:10: error: ‘NV_ENC_BUFFER_FORMAT_YV12’ was not declared in this scope
  829 |     case NV_ENC_BUFFER_FORMAT_YV12:
      |          ^~~~~~~~~~~~~~~~~~~~~~~~~
src/NvEncoder/NvEncoder.cpp:830:10: error: ‘NV_ENC_BUFFER_FORMAT_IYUV’ was not declared in this scope
  830 |     case NV_ENC_BUFFER_FORMAT_IYUV:
      |          ^~~~~~~~~~~~~~~~~~~~~~~~~
src/NvEncoder/NvEncoder.cpp:832:10: error: ‘NV_ENC_BUFFER_FORMAT_ARGB’ was not declared in this scope
  832 |     case NV_ENC_BUFFER_FORMAT_ARGB:
      |          ^~~~~~~~~~~~~~~~~~~~~~~~~
src/NvEncoder/NvEncoder.cpp:833:10: error: ‘NV_ENC_BUFFER_FORMAT_ARGB10’ was not declared in this scope
  833 |     case NV_ENC_BUFFER_FORMAT_ARGB10:
      |          ^~~~~~~~~~~~~~~~~~~~~~~~~~~
src/NvEncoder/NvEncoder.cpp:834:10: error: ‘NV_ENC_BUFFER_FORMAT_AYUV’ was not declared in this scope
  834 |     case NV_ENC_BUFFER_FORMAT_AYUV:
      |          ^~~~~~~~~~~~~~~~~~~~~~~~~
src/NvEncoder/NvEncoder.cpp:835:10: error: ‘NV_ENC_BUFFER_FORMAT_ABGR’ was not declared in this scope
  835 |     case NV_ENC_BUFFER_FORMAT_ABGR:
      |          ^~~~~~~~~~~~~~~~~~~~~~~~~
src/NvEncoder/NvEncoder.cpp:836:10: error: ‘NV_ENC_BUFFER_FORMAT_ABGR10’ was not declared in this scope
  836 |     case NV_ENC_BUFFER_FORMAT_ABGR10:
      |          ^~~~~~~~~~~~~~~~~~~~~~~~~~~
In file included from src/NvEncoder/NvEncoder.cpp:28:
src/NvEncoder/NvEncoder.cpp:839:52: error: ‘NV_ENC_ERR_INVALID_PARAM’ was not declared in this scope
  839 |         NVENC_THROW_ERROR("Invalid Buffer format", NV_ENC_ERR_INVALID_PARAM);
      |                                                    ^~~~~~~~~~~~~~~~~~~~~~~~
./src/NvEncoder/NvEncoder.h:72:60: note: in definition of macro ‘NVENC_THROW_ERROR’
   72 |         throw NVENCException::makeNVENCException(errorStr, errorCode, __FUNCTION__, __FILE__, __LINE__); \
      |                                                            ^~~~~~~~~
src/NvEncoder/NvEncoder.cpp: At global scope:
src/NvEncoder/NvEncoder.cpp:844:48: error: ‘NV_ENC_BUFFER_FORMAT’ does not name a type
  844 | void NvEncoder::GetChromaSubPlaneOffsets(const NV_ENC_BUFFER_FORMAT bufferFormat, const uint32_t pitch, const uint32_t height, std::vector<uint32_t>& chromaOffsets)
      |                                                ^~~~~~~~~~~~~~~~~~~~
src/NvEncoder/NvEncoder.cpp: In static member function ‘static void NvEncoder::GetChromaSubPlaneOffsets(int, uint32_t, uint32_t, std::vector<unsigned int>&)’:
src/NvEncoder/NvEncoder.cpp:849:10: error: ‘NV_ENC_BUFFER_FORMAT_NV12’ was not declared in this scope
  849 |     case NV_ENC_BUFFER_FORMAT_NV12:
      |          ^~~~~~~~~~~~~~~~~~~~~~~~~
src/NvEncoder/NvEncoder.cpp:850:10: error: ‘NV_ENC_BUFFER_FORMAT_YUV420_10BIT’ was not declared in this scope
  850 |     case NV_ENC_BUFFER_FORMAT_YUV420_10BIT:
      |          ^~~~~~~~~~~~~~~~~~~~~~~~~~~~~~~~~
src/NvEncoder/NvEncoder.cpp:853:10: error: ‘NV_ENC_BUFFER_FORMAT_YV12’ was not declared in this scope
  853 |     case NV_ENC_BUFFER_FORMAT_YV12:
      |          ^~~~~~~~~~~~~~~~~~~~~~~~~
src/NvEncoder/NvEncoder.cpp:854:10: error: ‘NV_ENC_BUFFER_FORMAT_IYUV’ was not declared in this scope
  854 |     case NV_ENC_BUFFER_FORMAT_IYUV:
      |          ^~~~~~~~~~~~~~~~~~~~~~~~~
src/NvEncoder/NvEncoder.cpp:858:10: error: ‘NV_ENC_BUFFER_FORMAT_YUV444’ was not declared in this scope
  858 |     case NV_ENC_BUFFER_FORMAT_YUV444:
      |          ^~~~~~~~~~~~~~~~~~~~~~~~~~~
src/NvEncoder/NvEncoder.cpp:859:10: error: ‘NV_ENC_BUFFER_FORMAT_YUV444_10BIT’ was not declared in this scope
  859 |     case NV_ENC_BUFFER_FORMAT_YUV444_10BIT:
      |          ^~~~~~~~~~~~~~~~~~~~~~~~~~~~~~~~~
src/NvEncoder/NvEncoder.cpp:863:10: error: ‘NV_ENC_BUFFER_FORMAT_ARGB’ was not declared in this scope
  863 |     case NV_ENC_BUFFER_FORMAT_ARGB:
      |          ^~~~~~~~~~~~~~~~~~~~~~~~~
src/NvEncoder/NvEncoder.cpp:864:10: error: ‘NV_ENC_BUFFER_FORMAT_ARGB10’ was not declared in this scope
  864 |     case NV_ENC_BUFFER_FORMAT_ARGB10:
      |          ^~~~~~~~~~~~~~~~~~~~~~~~~~~
src/NvEncoder/NvEncoder.cpp:865:10: error: ‘NV_ENC_BUFFER_FORMAT_AYUV’ was not declared in this scope
  865 |     case NV_ENC_BUFFER_FORMAT_AYUV:
      |          ^~~~~~~~~~~~~~~~~~~~~~~~~
src/NvEncoder/NvEncoder.cpp:866:10: error: ‘NV_ENC_BUFFER_FORMAT_ABGR’ was not declared in this scope
  866 |     case NV_ENC_BUFFER_FORMAT_ABGR:
      |          ^~~~~~~~~~~~~~~~~~~~~~~~~
src/NvEncoder/NvEncoder.cpp:867:10: error: ‘NV_ENC_BUFFER_FORMAT_ABGR10’ was not declared in this scope
  867 |     case NV_ENC_BUFFER_FORMAT_ABGR10:
      |          ^~~~~~~~~~~~~~~~~~~~~~~~~~~
In file included from src/NvEncoder/NvEncoder.cpp:28:
src/NvEncoder/NvEncoder.cpp:870:52: error: ‘NV_ENC_ERR_INVALID_PARAM’ was not declared in this scope
  870 |         NVENC_THROW_ERROR("Invalid Buffer format", NV_ENC_ERR_INVALID_PARAM);
      |                                                    ^~~~~~~~~~~~~~~~~~~~~~~~
./src/NvEncoder/NvEncoder.h:72:60: note: in definition of macro ‘NVENC_THROW_ERROR’
   72 |         throw NVENCException::makeNVENCException(errorStr, errorCode, __FUNCTION__, __FILE__, __LINE__); \
      |                                                            ^~~~~~~~~
src/NvEncoder/NvEncoder.cpp: At global scope:
src/NvEncoder/NvEncoder.cpp:875:43: error: ‘NV_ENC_BUFFER_FORMAT’ does not name a type
  875 | uint32_t NvEncoder::GetChromaHeight(const NV_ENC_BUFFER_FORMAT bufferFormat, const uint32_t lumaHeight)
      |                                           ^~~~~~~~~~~~~~~~~~~~
src/NvEncoder/NvEncoder.cpp: In static member function ‘static uint32_t NvEncoder::GetChromaHeight(int, uint32_t)’:
src/NvEncoder/NvEncoder.cpp:879:10: error: ‘NV_ENC_BUFFER_FORMAT_YV12’ was not declared in this scope
  879 |     case NV_ENC_BUFFER_FORMAT_YV12:
      |          ^~~~~~~~~~~~~~~~~~~~~~~~~
src/NvEncoder/NvEncoder.cpp:880:10: error: ‘NV_ENC_BUFFER_FORMAT_IYUV’ was not declared in this scope
  880 |     case NV_ENC_BUFFER_FORMAT_IYUV:
      |          ^~~~~~~~~~~~~~~~~~~~~~~~~
src/NvEncoder/NvEncoder.cpp:881:10: error: ‘NV_ENC_BUFFER_FORMAT_NV12’ was not declared in this scope
  881 |     case NV_ENC_BUFFER_FORMAT_NV12:
      |          ^~~~~~~~~~~~~~~~~~~~~~~~~
src/NvEncoder/NvEncoder.cpp:882:10: error: ‘NV_ENC_BUFFER_FORMAT_YUV420_10BIT’ was not declared in this scope
  882 |     case NV_ENC_BUFFER_FORMAT_YUV420_10BIT:
      |          ^~~~~~~~~~~~~~~~~~~~~~~~~~~~~~~~~
src/NvEncoder/NvEncoder.cpp:884:10: error: ‘NV_ENC_BUFFER_FORMAT_YUV444’ was not declared in this scope
  884 |     case NV_ENC_BUFFER_FORMAT_YUV444:
      |          ^~~~~~~~~~~~~~~~~~~~~~~~~~~
src/NvEncoder/NvEncoder.cpp:885:10: error: ‘NV_ENC_BUFFER_FORMAT_YUV444_10BIT’ was not declared in this scope
  885 |     case NV_ENC_BUFFER_FORMAT_YUV444_10BIT:
      |          ^~~~~~~~~~~~~~~~~~~~~~~~~~~~~~~~~
src/NvEncoder/NvEncoder.cpp:887:10: error: ‘NV_ENC_BUFFER_FORMAT_ARGB’ was not declared in this scope
  887 |     case NV_ENC_BUFFER_FORMAT_ARGB:
      |          ^~~~~~~~~~~~~~~~~~~~~~~~~
src/NvEncoder/NvEncoder.cpp:888:10: error: ‘NV_ENC_BUFFER_FORMAT_ARGB10’ was not declared in this scope
  888 |     case NV_ENC_BUFFER_FORMAT_ARGB10:
      |          ^~~~~~~~~~~~~~~~~~~~~~~~~~~
src/NvEncoder/NvEncoder.cpp:889:10: error: ‘NV_ENC_BUFFER_FORMAT_AYUV’ was not declared in this scope
  889 |     case NV_ENC_BUFFER_FORMAT_AYUV:
      |          ^~~~~~~~~~~~~~~~~~~~~~~~~
src/NvEncoder/NvEncoder.cpp:890:10: error: ‘NV_ENC_BUFFER_FORMAT_ABGR’ was not declared in this scope
  890 |     case NV_ENC_BUFFER_FORMAT_ABGR:
      |          ^~~~~~~~~~~~~~~~~~~~~~~~~
src/NvEncoder/NvEncoder.cpp:891:10: error: ‘NV_ENC_BUFFER_FORMAT_ABGR10’ was not declared in this scope
  891 |     case NV_ENC_BUFFER_FORMAT_ABGR10:
      |          ^~~~~~~~~~~~~~~~~~~~~~~~~~~
In file included from src/NvEncoder/NvEncoder.cpp:28:
src/NvEncoder/NvEncoder.cpp:894:52: error: ‘NV_ENC_ERR_INVALID_PARAM’ was not declared in this scope
  894 |         NVENC_THROW_ERROR("Invalid Buffer format", NV_ENC_ERR_INVALID_PARAM);
      |                                                    ^~~~~~~~~~~~~~~~~~~~~~~~
./src/NvEncoder/NvEncoder.h:72:60: note: in definition of macro ‘NVENC_THROW_ERROR’
   72 |         throw NVENCException::makeNVENCException(errorStr, errorCode, __FUNCTION__, __FILE__, __LINE__); \
      |                                                            ^~~~~~~~~
src/NvEncoder/NvEncoder.cpp: At global scope:
src/NvEncoder/NvEncoder.cpp:899:49: error: ‘NV_ENC_BUFFER_FORMAT’ does not name a type
  899 | uint32_t NvEncoder::GetChromaWidthInBytes(const NV_ENC_BUFFER_FORMAT bufferFormat, const uint32_t lumaWidth)
      |                                                 ^~~~~~~~~~~~~~~~~~~~
src/NvEncoder/NvEncoder.cpp: In static member function ‘static uint32_t NvEncoder::GetChromaWidthInBytes(int, uint32_t)’:
src/NvEncoder/NvEncoder.cpp:903:10: error: ‘NV_ENC_BUFFER_FORMAT_YV12’ was not declared in this scope
  903 |     case NV_ENC_BUFFER_FORMAT_YV12:
      |          ^~~~~~~~~~~~~~~~~~~~~~~~~
src/NvEncoder/NvEncoder.cpp:904:10: error: ‘NV_ENC_BUFFER_FORMAT_IYUV’ was not declared in this scope
  904 |     case NV_ENC_BUFFER_FORMAT_IYUV:
      |          ^~~~~~~~~~~~~~~~~~~~~~~~~
src/NvEncoder/NvEncoder.cpp:906:10: error: ‘NV_ENC_BUFFER_FORMAT_NV12’ was not declared in this scope
  906 |     case NV_ENC_BUFFER_FORMAT_NV12:
      |          ^~~~~~~~~~~~~~~~~~~~~~~~~
src/NvEncoder/NvEncoder.cpp:908:10: error: ‘NV_ENC_BUFFER_FORMAT_YUV420_10BIT’ was not declared in this scope
  908 |     case NV_ENC_BUFFER_FORMAT_YUV420_10BIT:
      |          ^~~~~~~~~~~~~~~~~~~~~~~~~~~~~~~~~
src/NvEncoder/NvEncoder.cpp:910:10: error: ‘NV_ENC_BUFFER_FORMAT_YUV444’ was not declared in this scope
  910 |     case NV_ENC_BUFFER_FORMAT_YUV444:
      |          ^~~~~~~~~~~~~~~~~~~~~~~~~~~
src/NvEncoder/NvEncoder.cpp:912:10: error: ‘NV_ENC_BUFFER_FORMAT_YUV444_10BIT’ was not declared in this scope
  912 |     case NV_ENC_BUFFER_FORMAT_YUV444_10BIT:
      |          ^~~~~~~~~~~~~~~~~~~~~~~~~~~~~~~~~
src/NvEncoder/NvEncoder.cpp:914:10: error: ‘NV_ENC_BUFFER_FORMAT_ARGB’ was not declared in this scope
  914 |     case NV_ENC_BUFFER_FORMAT_ARGB:
      |          ^~~~~~~~~~~~~~~~~~~~~~~~~
src/NvEncoder/NvEncoder.cpp:915:10: error: ‘NV_ENC_BUFFER_FORMAT_ARGB10’ was not declared in this scope
  915 |     case NV_ENC_BUFFER_FORMAT_ARGB10:
      |          ^~~~~~~~~~~~~~~~~~~~~~~~~~~
src/NvEncoder/NvEncoder.cpp:916:10: error: ‘NV_ENC_BUFFER_FORMAT_AYUV’ was not declared in this scope
  916 |     case NV_ENC_BUFFER_FORMAT_AYUV:
      |          ^~~~~~~~~~~~~~~~~~~~~~~~~
src/NvEncoder/NvEncoder.cpp:917:10: error: ‘NV_ENC_BUFFER_FORMAT_ABGR’ was not declared in this scope
  917 |     case NV_ENC_BUFFER_FORMAT_ABGR:
      |          ^~~~~~~~~~~~~~~~~~~~~~~~~
src/NvEncoder/NvEncoder.cpp:918:10: error: ‘NV_ENC_BUFFER_FORMAT_ABGR10’ was not declared in this scope
  918 |     case NV_ENC_BUFFER_FORMAT_ABGR10:
      |          ^~~~~~~~~~~~~~~~~~~~~~~~~~~
In file included from src/NvEncoder/NvEncoder.cpp:28:
src/NvEncoder/NvEncoder.cpp:921:52: error: ‘NV_ENC_ERR_INVALID_PARAM’ was not declared in this scope
  921 |         NVENC_THROW_ERROR("Invalid Buffer format", NV_ENC_ERR_INVALID_PARAM);
      |                                                    ^~~~~~~~~~~~~~~~~~~~~~~~
./src/NvEncoder/NvEncoder.h:72:60: note: in definition of macro ‘NVENC_THROW_ERROR’
   72 |         throw NVENCException::makeNVENCException(errorStr, errorCode, __FUNCTION__, __FILE__, __LINE__); \
      |                                                            ^~~~~~~~~
src/NvEncoder/NvEncoder.cpp: At global scope:
src/NvEncoder/NvEncoder.cpp:927:5: error: ‘int NvEncoder::GetCapabilityValue’ is not a static data member of ‘class NvEncoder’
  927 | int NvEncoder::GetCapabilityValue(GUID guidCodec, NV_ENC_CAPS capsToQuery)
      |     ^~~~~~~~~
src/NvEncoder/NvEncoder.cpp:927:35: error: ‘GUID’ was not declared in this scope
  927 | int NvEncoder::GetCapabilityValue(GUID guidCodec, NV_ENC_CAPS capsToQuery)
      |                                   ^~~~
src/NvEncoder/NvEncoder.cpp:927:51: error: ‘NV_ENC_CAPS’ was not declared in this scope
  927 | int NvEncoder::GetCapabilityValue(GUID guidCodec, NV_ENC_CAPS capsToQuery)
      |                                                   ^~~~~~~~~~~
src/NvEncoder/NvEncoder.cpp:927:74: error: expression list treated as compound expression in initializer [-fpermissive]
  927 | int NvEncoder::GetCapabilityValue(GUID guidCodec, NV_ENC_CAPS capsToQuery)
      |                                                                          ^
src/NvEncoder/NvEncoder.cpp: In member function ‘int NvEncoder::GetFrameSize() const’:
src/NvEncoder/NvEncoder.cpp:942:13: error: ‘GetPixelFormat’ was not declared in this scope
  942 |     switch (GetPixelFormat())
      |             ^~~~~~~~~~~~~~
src/NvEncoder/NvEncoder.cpp:944:10: error: ‘NV_ENC_BUFFER_FORMAT_YV12’ was not declared in this scope
  944 |     case NV_ENC_BUFFER_FORMAT_YV12:
      |          ^~~~~~~~~~~~~~~~~~~~~~~~~
src/NvEncoder/NvEncoder.cpp:945:10: error: ‘NV_ENC_BUFFER_FORMAT_IYUV’ was not declared in this scope
  945 |     case NV_ENC_BUFFER_FORMAT_IYUV:
      |          ^~~~~~~~~~~~~~~~~~~~~~~~~
src/NvEncoder/NvEncoder.cpp:946:10: error: ‘NV_ENC_BUFFER_FORMAT_NV12’ was not declared in this scope
  946 |     case NV_ENC_BUFFER_FORMAT_NV12:
      |          ^~~~~~~~~~~~~~~~~~~~~~~~~
src/NvEncoder/NvEncoder.cpp:948:10: error: ‘NV_ENC_BUFFER_FORMAT_YUV420_10BIT’ was not declared in this scope
  948 |     case NV_ENC_BUFFER_FORMAT_YUV420_10BIT:
      |          ^~~~~~~~~~~~~~~~~~~~~~~~~~~~~~~~~
src/NvEncoder/NvEncoder.cpp:950:10: error: ‘NV_ENC_BUFFER_FORMAT_YUV444’ was not declared in this scope
  950 |     case NV_ENC_BUFFER_FORMAT_YUV444:
      |          ^~~~~~~~~~~~~~~~~~~~~~~~~~~
src/NvEncoder/NvEncoder.cpp:952:10: error: ‘NV_ENC_BUFFER_FORMAT_YUV444_10BIT’ was not declared in this scope
  952 |     case NV_ENC_BUFFER_FORMAT_YUV444_10BIT:
      |          ^~~~~~~~~~~~~~~~~~~~~~~~~~~~~~~~~
src/NvEncoder/NvEncoder.cpp:954:10: error: ‘NV_ENC_BUFFER_FORMAT_ARGB’ was not declared in this scope
  954 |     case NV_ENC_BUFFER_FORMAT_ARGB:
      |          ^~~~~~~~~~~~~~~~~~~~~~~~~
src/NvEncoder/NvEncoder.cpp:955:10: error: ‘NV_ENC_BUFFER_FORMAT_ARGB10’ was not declared in this scope
  955 |     case NV_ENC_BUFFER_FORMAT_ARGB10:
      |          ^~~~~~~~~~~~~~~~~~~~~~~~~~~
src/NvEncoder/NvEncoder.cpp:956:10: error: ‘NV_ENC_BUFFER_FORMAT_AYUV’ was not declared in this scope
  956 |     case NV_ENC_BUFFER_FORMAT_AYUV:
      |          ^~~~~~~~~~~~~~~~~~~~~~~~~
src/NvEncoder/NvEncoder.cpp:957:10: error: ‘NV_ENC_BUFFER_FORMAT_ABGR’ was not declared in this scope
  957 |     case NV_ENC_BUFFER_FORMAT_ABGR:
      |          ^~~~~~~~~~~~~~~~~~~~~~~~~
src/NvEncoder/NvEncoder.cpp:958:10: error: ‘NV_ENC_BUFFER_FORMAT_ABGR10’ was not declared in this scope
  958 |     case NV_ENC_BUFFER_FORMAT_ABGR10:
      |          ^~~~~~~~~~~~~~~~~~~~~~~~~~~
In file included from src/NvEncoder/NvEncoder.cpp:28:
src/NvEncoder/NvEncoder.cpp:961:52: error: ‘NV_ENC_ERR_INVALID_PARAM’ was not declared in this scope
  961 |         NVENC_THROW_ERROR("Invalid Buffer format", NV_ENC_ERR_INVALID_PARAM);
      |                                                    ^~~~~~~~~~~~~~~~~~~~~~~~
./src/NvEncoder/NvEncoder.h:72:60: note: in definition of macro ‘NVENC_THROW_ERROR’
   72 |         throw NVENCException::makeNVENCException(errorStr, errorCode, __FUNCTION__, __FILE__, __LINE__); \
      |                                                            ^~~~~~~~~
src/NvEncoder/NvEncoder.cpp: At global scope:
src/NvEncoder/NvEncoder.cpp:966:6: error: variable or field ‘GetInitializeParams’ declared void
  966 | void NvEncoder::GetInitializeParams(NV_ENC_INITIALIZE_PARAMS *pInitializeParams)
      |      ^~~~~~~~~
src/NvEncoder/NvEncoder.cpp:966:37: error: ‘NV_ENC_INITIALIZE_PARAMS’ was not declared in this scope
  966 | void NvEncoder::GetInitializeParams(NV_ENC_INITIALIZE_PARAMS *pInitializeParams)
      |                                     ^~~~~~~~~~~~~~~~~~~~~~~~
src/NvEncoder/NvEncoder.cpp:966:63: error: ‘pInitializeParams’ was not declared in this scope
  966 | void NvEncoder::GetInitializeParams(NV_ENC_INITIALIZE_PARAMS *pInitializeParams)
      |                                                               ^~~~~~~~~~~~~~~~~
src/NvEncoder/NvEncoder.cpp: In member function ‘void NvEncoder::InitializeBitstreamBuffer()’:
src/NvEncoder/NvEncoder.cpp:982:9: error: ‘NV_ENC_CREATE_BITSTREAM_BUFFER’ was not declared in this scope
  982 |         NV_ENC_CREATE_BITSTREAM_BUFFER createBitstreamBuffer = { NV_ENC_CREATE_BITSTREAM_BUFFER_VER };
      |         ^~~~~~~~~~~~~~~~~~~~~~~~~~~~~~
In file included from src/NvEncoder/NvEncoder.cpp:28:
./src/NvEncoder/NvEncoder.h:79:9: error: ‘NVENCSTATUS’ was not declared in this scope
   79 |         NVENCSTATUS errorCode = nvencAPI;                                                                          \
      |         ^~~~~~~~~~~
src/NvEncoder/NvEncoder.cpp:983:9: note: in expansion of macro ‘NVENC_API_CALL’
  983 |         NVENC_API_CALL(m_nvenc.nvEncCreateBitstreamBuffer(m_hEncoder, &createBitstreamBuffer));
      |         ^~~~~~~~~~~~~~
./src/NvEncoder/NvEncoder.h:80:13: error: ‘errorCode’ was not declared in this scope
   80 |         if( errorCode != NV_ENC_SUCCESS)                                                                           \
      |             ^~~~~~~~~
src/NvEncoder/NvEncoder.cpp:983:9: note: in expansion of macro ‘NVENC_API_CALL’
  983 |         NVENC_API_CALL(m_nvenc.nvEncCreateBitstreamBuffer(m_hEncoder, &createBitstreamBuffer));
      |         ^~~~~~~~~~~~~~
./src/NvEncoder/NvEncoder.h:80:26: error: ‘NV_ENC_SUCCESS’ was not declared in this scope
   80 |         if( errorCode != NV_ENC_SUCCESS)                                                                           \
      |                          ^~~~~~~~~~~~~~
src/NvEncoder/NvEncoder.cpp:983:9: note: in expansion of macro ‘NVENC_API_CALL’
  983 |         NVENC_API_CALL(m_nvenc.nvEncCreateBitstreamBuffer(m_hEncoder, &createBitstreamBuffer));
      |         ^~~~~~~~~~~~~~
src/NvEncoder/NvEncoder.cpp:984:33: error: invalid types ‘int[int]’ for array subscript
  984 |         m_vBitstreamOutputBuffer[i] = createBitstreamBuffer.bitstreamBuffer;
      |                                 ^
src/NvEncoder/NvEncoder.cpp:984:39: error: ‘createBitstreamBuffer’ was not declared in this scope; did you mean ‘DestroyBitstreamBuffer’?
  984 |         m_vBitstreamOutputBuffer[i] = createBitstreamBuffer.bitstreamBuffer;
      |                                       ^~~~~~~~~~~~~~~~~~~~~
      |                                       DestroyBitstreamBuffer
src/NvEncoder/NvEncoder.cpp: In member function ‘void NvEncoder::DestroyBitstreamBuffer()’:
src/NvEncoder/NvEncoder.cpp:990:55: error: request for member ‘size’ in ‘((NvEncoder*)this)->NvEncoder::m_vBitstreamOutputBuffer’, which is of non-class type ‘int’
  990 |     for (uint32_t i = 0; i < m_vBitstreamOutputBuffer.size(); i++)
      |                                                       ^~~~
src/NvEncoder/NvEncoder.cpp:992:37: error: invalid types ‘int[uint32_t {aka unsigned int}]’ for array subscript
  992 |         if (m_vBitstreamOutputBuffer[i])
      |                                     ^
src/NvEncoder/NvEncoder.cpp:994:13: error: ‘m_nvenc’ was not declared in this scope
  994 |             m_nvenc.nvEncDestroyBitstreamBuffer(m_hEncoder, m_vBitstreamOutputBuffer[i]);
      |             ^~~~~~~
src/NvEncoder/NvEncoder.cpp:994:85: error: invalid types ‘int[uint32_t {aka unsigned int}]’ for array subscript
  994 |             m_nvenc.nvEncDestroyBitstreamBuffer(m_hEncoder, m_vBitstreamOutputBuffer[i]);
      |                                                                                     ^
src/NvEncoder/NvEncoder.cpp:998:30: error: request for member ‘clear’ in ‘((NvEncoder*)this)->NvEncoder::m_vBitstreamOutputBuffer’, which is of non-class type ‘int’
  998 |     m_vBitstreamOutputBuffer.clear();
      |                              ^~~~~
src/NvEncoder/NvEncoder.cpp: In member function ‘void NvEncoder::InitializeMVOutputBuffer()’:
src/NvEncoder/NvEncoder.cpp:1005:9: error: ‘NV_ENC_CREATE_MV_BUFFER’ was not declared in this scope
 1005 |         NV_ENC_CREATE_MV_BUFFER createMVBuffer = { NV_ENC_CREATE_MV_BUFFER_VER };
      |         ^~~~~~~~~~~~~~~~~~~~~~~
In file included from src/NvEncoder/NvEncoder.cpp:28:
./src/NvEncoder/NvEncoder.h:79:9: error: ‘NVENCSTATUS’ was not declared in this scope
   79 |         NVENCSTATUS errorCode = nvencAPI;                                                                          \
      |         ^~~~~~~~~~~
src/NvEncoder/NvEncoder.cpp:1006:9: note: in expansion of macro ‘NVENC_API_CALL’
 1006 |         NVENC_API_CALL(m_nvenc.nvEncCreateMVBuffer(m_hEncoder, &createMVBuffer));
      |         ^~~~~~~~~~~~~~
./src/NvEncoder/NvEncoder.h:80:13: error: ‘errorCode’ was not declared in this scope
   80 |         if( errorCode != NV_ENC_SUCCESS)                                                                           \
      |             ^~~~~~~~~
src/NvEncoder/NvEncoder.cpp:1006:9: note: in expansion of macro ‘NVENC_API_CALL’
 1006 |         NVENC_API_CALL(m_nvenc.nvEncCreateMVBuffer(m_hEncoder, &createMVBuffer));
      |         ^~~~~~~~~~~~~~
./src/NvEncoder/NvEncoder.h:80:26: error: ‘NV_ENC_SUCCESS’ was not declared in this scope
   80 |         if( errorCode != NV_ENC_SUCCESS)                                                                           \
      |                          ^~~~~~~~~~~~~~
src/NvEncoder/NvEncoder.cpp:1006:9: note: in expansion of macro ‘NVENC_API_CALL’
 1006 |         NVENC_API_CALL(m_nvenc.nvEncCreateMVBuffer(m_hEncoder, &createMVBuffer));
      |         ^~~~~~~~~~~~~~
src/NvEncoder/NvEncoder.cpp:1007:31: error: request for member ‘push_back’ in ‘((NvEncoder*)this)->NvEncoder::m_vMVDataOutputBuffer’, which is of non-class type ‘int’
 1007 |         m_vMVDataOutputBuffer.push_back(createMVBuffer.mvBuffer);
      |                               ^~~~~~~~~
src/NvEncoder/NvEncoder.cpp:1007:41: error: ‘createMVBuffer’ was not declared in this scope
 1007 |         m_vMVDataOutputBuffer.push_back(createMVBuffer.mvBuffer);
      |                                         ^~~~~~~~~~~~~~
src/NvEncoder/NvEncoder.cpp: In member function ‘void NvEncoder::DestroyMVOutputBuffer()’:
src/NvEncoder/NvEncoder.cpp:1013:52: error: request for member ‘size’ in ‘((NvEncoder*)this)->NvEncoder::m_vMVDataOutputBuffer’, which is of non-class type ‘int’
 1013 |     for (uint32_t i = 0; i < m_vMVDataOutputBuffer.size(); i++)
      |                                                    ^~~~
src/NvEncoder/NvEncoder.cpp:1015:34: error: invalid types ‘int[uint32_t {aka unsigned int}]’ for array subscript
 1015 |         if (m_vMVDataOutputBuffer[i])
      |                                  ^
src/NvEncoder/NvEncoder.cpp:1017:13: error: ‘m_nvenc’ was not declared in this scope
 1017 |             m_nvenc.nvEncDestroyMVBuffer(m_hEncoder, m_vMVDataOutputBuffer[i]);
      |             ^~~~~~~
src/NvEncoder/NvEncoder.cpp:1017:75: error: invalid types ‘int[uint32_t {aka unsigned int}]’ for array subscript
 1017 |             m_nvenc.nvEncDestroyMVBuffer(m_hEncoder, m_vMVDataOutputBuffer[i]);
      |                                                                           ^
src/NvEncoder/NvEncoder.cpp:1021:27: error: request for member ‘clear’ in ‘((NvEncoder*)this)->NvEncoder::m_vMVDataOutputBuffer’, which is of non-class type ‘int’
 1021 |     m_vMVDataOutputBuffer.clear();
      |                           ^~~~~
src/NvEncoder/NvEncoder.cpp: At global scope:
src/NvEncoder/NvEncoder.cpp:1024:1: error: ‘NVENCSTATUS’ does not name a type
 1024 | NVENCSTATUS NvEncoder::DoMotionEstimation(NV_ENC_INPUT_PTR inputBuffer, NV_ENC_INPUT_PTR inputBufferForReference, NV_ENC_OUTPUT_PTR outputBuffer)
      | ^~~~~~~~~~~
src/NvEncoder/NvEncoder.cpp: In member function ‘int NvEncoder::GetFrameSize() const’:
src/NvEncoder/NvEncoder.cpp:964:1: warning: control reaches end of non-void function [-Wreturn-type]
  964 | }
      | ^
In file included from ./src/NvEncoder/NvCodecUtils.h:42,
                 from ./src/NvEncoder/NvEncoder.h:38,
                 from ./src/NvEncoder/NvEncoderCuda.h:34,
                 from src/NvEncoder/NvEncoderCuda.cpp:28:
./src/NvEncoder/Logger.h: In constructor ‘simplelogger::LoggerFactory::UdpLogger::UdpOstream::UdpOstream(char*, short unsigned int)’:
./src/NvEncoder/Logger.h:169:68: warning: missing initializer for member ‘sockaddr_in::sin_zero’ [-Wmissing-field-initializers]
  169 |                 struct sockaddr_in s = {AF_INET, htons(uPort), addr};
      |                                                                    ^
In file included from ./src/NvEncoder/NvEncoder.h:38,
                 from ./src/NvEncoder/NvEncoderCuda.h:34,
                 from src/NvEncoder/NvEncoderCuda.cpp:28:
./src/NvEncoder/NvCodecUtils.h: In constructor ‘BufferedFileReader::BufferedFileReader(const char*, bool)’:
./src/NvEncoder/NvCodecUtils.h:213:27: warning: comparison of integer expressions of different signedness: ‘uint64_t’ {aka ‘long unsigned int’} and ‘__off_t’ {aka ‘long int’} [-Wsign-compare]
  213 |                 if (nSize != st.st_size) {
      |                     ~~~~~~^~~~~~~~~~~~~
In file included from ./src/NvEncoder/NvEncoder.h:38,
                 from ./src/NvEncoder/NvEncoderCuda.h:34,
                 from src/NvEncoder/NvEncoderCuda.cpp:28:
./src/NvEncoder/NvCodecUtils.h:217:26: warning: catching polymorphic type ‘class std::bad_alloc’ by value [-Wcatch-value=]
  217 |             } catch(std::bad_alloc) {
      |                          ^~~~~~~~~
In file included from ./src/NvEncoder/NvCodecUtils.h:39,
                 from ./src/NvEncoder/NvEncoder.h:38,
                 from ./src/NvEncoder/NvEncoderCuda.h:34,
                 from src/NvEncoder/NvEncoderCuda.cpp:28:
./src/NvEncoder/NvCodecUtils.h:236:22: warning: comparison of integer expressions of different signedness: ‘std::streamsize’ {aka ‘long int’} and ‘uint64_t’ {aka ‘long unsigned int’} [-Wsign-compare]
  236 |         assert(nRead == nSize);
      |                ~~~~~~^~~~~~~~
In file included from ./src/NvEncoder/NvEncoderCuda.h:34,
                 from src/NvEncoder/NvEncoderCuda.cpp:28:
./src/NvEncoder/NvEncoder.h: At global scope:
./src/NvEncoder/NvEncoder.h:46:55: error: ‘NVENCSTATUS’ does not name a type
   46 |     NVENCException(const std::string& errorStr, const NVENCSTATUS errorCode)
      |                                                       ^~~~~~~~~~~
./src/NvEncoder/NvEncoder.h:51:5: error: ‘NVENCSTATUS’ does not name a type
   51 |     NVENCSTATUS  getErrorCode() const { return m_errorCode; }
      |     ^~~~~~~~~~~
./src/NvEncoder/NvEncoder.h:53:81: error: ‘NVENCSTATUS’ does not name a type
   53 |     static NVENCException makeNVENCException(const std::string& errorStr, const NVENCSTATUS errorCode,
      |                                                                                 ^~~~~~~~~~~
./src/NvEncoder/NvEncoder.h:57:5: error: ‘NVENCSTATUS’ does not name a type
   57 |     NVENCSTATUS m_errorCode;
      |     ^~~~~~~~~~~
./src/NvEncoder/NvEncoder.h: In constructor ‘NVENCException::NVENCException(const string&, int)’:
./src/NvEncoder/NvEncoder.h:47:36: error: class ‘NVENCException’ does not have any field named ‘m_errorCode’
   47 |         : m_errorString(errorStr), m_errorCode(errorCode) {}
      |                                    ^~~~~~~~~~~
./src/NvEncoder/NvEncoder.h: At global scope:
./src/NvEncoder/NvEncoder.h:60:93: error: ‘NVENCSTATUS’ does not name a type
   60 | inline NVENCException NVENCException::makeNVENCException(const std::string& errorStr, const NVENCSTATUS errorCode, const std::string& functionName,
      |                                                                                             ^~~~~~~~~~~
In file included from ./src/NvEncoder/NvEncoderCuda.h:34,
                 from src/NvEncoder/NvEncoderCuda.cpp:28:
./src/NvEncoder/NvEncoder.h:95:5: error: ‘NV_ENC_BUFFER_FORMAT’ does not name a type
   95 |     NV_ENC_BUFFER_FORMAT bufferFormat;
      |     ^~~~~~~~~~~~~~~~~~~~
./src/NvEncoder/NvEncoder.h:96:5: error: ‘NV_ENC_INPUT_RESOURCE_TYPE’ does not name a type
   96 |     NV_ENC_INPUT_RESOURCE_TYPE resourceType;
      |     ^~~~~~~~~~~~~~~~~~~~~~~~~~
./src/NvEncoder/NvEncoder.h:110:38: error: ‘NV_ENC_INITIALIZE_PARAMS’ does not name a type
  110 |     virtual void CreateEncoder(const NV_ENC_INITIALIZE_PARAMS* pEncodeParams);
      |                                      ^~~~~~~~~~~~~~~~~~~~~~~~
./src/NvEncoder/NvEncoder.h:126:28: error: ‘NV_ENC_RECONFIGURE_PARAMS’ does not name a type
  126 |     bool Reconfigure(const NV_ENC_RECONFIGURE_PARAMS *pReconfigureParams);
      |                            ^~~~~~~~~~~~~~~~~~~~~~~~~
./src/NvEncoder/NvEncoder.h:143:74: error: ‘NV_ENC_PIC_PARAMS’ has not been declared
  143 |     virtual void EncodeFrame(std::vector<std::vector<uint8_t>> &vPacket, NV_ENC_PIC_PARAMS *pPicParams = nullptr);
      |                                                                          ^~~~~~~~~~~~~~~~~
./src/NvEncoder/NvEncoder.h:159:28: error: ‘GUID’ has not been declared
  159 |     int GetCapabilityValue(GUID guidCodec, NV_ENC_CAPS capsToQuery);
      |                            ^~~~
./src/NvEncoder/NvEncoder.h:159:44: error: ‘NV_ENC_CAPS’ has not been declared
  159 |     int GetCapabilityValue(GUID guidCodec, NV_ENC_CAPS capsToQuery);
      |                                            ^~~~~~~~~~~
./src/NvEncoder/NvEncoder.h:169:5: error: ‘NV_ENC_DEVICE_TYPE’ does not name a type
  169 |     NV_ENC_DEVICE_TYPE GetDeviceType() const { return m_eDeviceType; }
      |     ^~~~~~~~~~~~~~~~~~
./src/NvEncoder/NvEncoder.h:196:37: error: ‘NV_ENC_INITIALIZE_PARAMS’ has not been declared
  196 |     void CreateDefaultEncoderParams(NV_ENC_INITIALIZE_PARAMS* pIntializeParams, GUID codecGuid, GUID presetGuid, NV_ENC_TUNING_INFO tuningInfo = NV_ENC_TUNING_INFO_UNDEFINED);
      |                                     ^~~~~~~~~~~~~~~~~~~~~~~~
./src/NvEncoder/NvEncoder.h:196:81: error: ‘GUID’ has not been declared
  196 |     void CreateDefaultEncoderParams(NV_ENC_INITIALIZE_PARAMS* pIntializeParams, GUID codecGuid, GUID presetGuid, NV_ENC_TUNING_INFO tuningInfo = NV_ENC_TUNING_INFO_UNDEFINED);
      |                                                                                 ^~~~
./src/NvEncoder/NvEncoder.h:196:97: error: ‘GUID’ has not been declared
  196 |     void CreateDefaultEncoderParams(NV_ENC_INITIALIZE_PARAMS* pIntializeParams, GUID codecGuid, GUID presetGuid, NV_ENC_TUNING_INFO tuningInfo = NV_ENC_TUNING_INFO_UNDEFINED);
      |                                                                                                 ^~~~
./src/NvEncoder/NvEncoder.h:196:114: error: ‘NV_ENC_TUNING_INFO’ has not been declared
  196 |     void CreateDefaultEncoderParams(NV_ENC_INITIALIZE_PARAMS* pIntializeParams, GUID codecGuid, GUID presetGuid, NV_ENC_TUNING_INFO tuningInfo = NV_ENC_TUNING_INFO_UNDEFINED);
      |                                                                                                                  ^~~~~~~~~~~~~~~~~~
./src/NvEncoder/NvEncoder.h:204:30: error: ‘NV_ENC_INITIALIZE_PARAMS’ has not been declared
  204 |     void GetInitializeParams(NV_ENC_INITIALIZE_PARAMS *pInitializeParams);
      |                              ^~~~~~~~~~~~~~~~~~~~~~~~
./src/NvEncoder/NvEncoder.h:240:48: error: ‘NV_ENC_BUFFER_FORMAT’ does not name a type
  240 |     static void GetChromaSubPlaneOffsets(const NV_ENC_BUFFER_FORMAT bufferFormat, const uint32_t pitch,
      |                                                ^~~~~~~~~~~~~~~~~~~~
./src/NvEncoder/NvEncoder.h:245:42: error: ‘NV_ENC_BUFFER_FORMAT’ does not name a type
  245 |     static uint32_t GetChromaPitch(const NV_ENC_BUFFER_FORMAT bufferFormat, const uint32_t lumaPitch);
      |                                          ^~~~~~~~~~~~~~~~~~~~
./src/NvEncoder/NvEncoder.h:250:46: error: ‘NV_ENC_BUFFER_FORMAT’ does not name a type
  250 |     static uint32_t GetNumChromaPlanes(const NV_ENC_BUFFER_FORMAT bufferFormat);
      |                                              ^~~~~~~~~~~~~~~~~~~~
./src/NvEncoder/NvEncoder.h:255:49: error: ‘NV_ENC_BUFFER_FORMAT’ does not name a type
  255 |     static uint32_t GetChromaWidthInBytes(const NV_ENC_BUFFER_FORMAT bufferFormat, const uint32_t lumaWidth);
      |                                                 ^~~~~~~~~~~~~~~~~~~~
./src/NvEncoder/NvEncoder.h:260:43: error: ‘NV_ENC_BUFFER_FORMAT’ does not name a type
  260 |     static uint32_t GetChromaHeight(const NV_ENC_BUFFER_FORMAT bufferFormat, const uint32_t lumaHeight);
      |                                           ^~~~~~~~~~~~~~~~~~~~
./src/NvEncoder/NvEncoder.h:267:43: error: ‘NV_ENC_BUFFER_FORMAT’ does not name a type
  267 |     static uint32_t GetWidthInBytes(const NV_ENC_BUFFER_FORMAT bufferFormat, const uint32_t width);
      |                                           ^~~~~~~~~~~~~~~~~~~~
./src/NvEncoder/NvEncoder.h:277:5: error: ‘NV_ENC_INITIALIZE_PARAMS’ does not name a type
  277 |     NV_ENC_INITIALIZE_PARAMS GetinitializeParams() const { return m_initializeParams; }
      |     ^~~~~~~~~~~~~~~~~~~~~~~~
./src/NvEncoder/NvEncoder.h:284:33: error: expected ‘)’ before ‘eDeviceType’
  284 |     NvEncoder(NV_ENC_DEVICE_TYPE eDeviceType, void *pDevice, uint32_t nWidth, uint32_t nHeight,
      |              ~                  ^~~~~~~~~~~~
      |                                 )
./src/NvEncoder/NvEncoder.h:298:65: error: ‘NV_ENC_INPUT_RESOURCE_TYPE’ has not been declared
  298 |     void RegisterInputResources(std::vector<void*> inputframes, NV_ENC_INPUT_RESOURCE_TYPE eResourceType,
      |                                                                 ^~~~~~~~~~~~~~~~~~~~~~~~~~
./src/NvEncoder/NvEncoder.h:299:43: error: ‘NV_ENC_BUFFER_FORMAT’ has not been declared
  299 |         int width, int height, int pitch, NV_ENC_BUFFER_FORMAT bufferFormat, bool bReferenceFrame = false);
      |                                           ^~~~~~~~~~~~~~~~~~~~
./src/NvEncoder/NvEncoder.h:310:5: error: ‘NV_ENC_REGISTERED_PTR’ does not name a type
  310 |     NV_ENC_REGISTERED_PTR RegisterResource(void *pBuffer, NV_ENC_INPUT_RESOURCE_TYPE eResourceType,
      |     ^~~~~~~~~~~~~~~~~~~~~
./src/NvEncoder/NvEncoder.h:334:5: error: ‘NV_ENC_BUFFER_FORMAT’ does not name a type
  334 |     NV_ENC_BUFFER_FORMAT GetPixelFormat() const { return m_eBufferFormat; }
      |     ^~~~~~~~~~~~~~~~~~~~
./src/NvEncoder/NvEncoder.h:340:5: error: ‘NVENCSTATUS’ does not name a type
  340 |     NVENCSTATUS DoEncode(NV_ENC_INPUT_PTR inputBuffer, NV_ENC_OUTPUT_PTR outputBuffer, NV_ENC_PIC_PARAMS *pPicParams);
      |     ^~~~~~~~~~~
./src/NvEncoder/NvEncoder.h:346:5: error: ‘NVENCSTATUS’ does not name a type
  346 |     NVENCSTATUS DoMotionEstimation(NV_ENC_INPUT_PTR inputBuffer, NV_ENC_INPUT_PTR inputBufferForReference, NV_ENC_OUTPUT_PTR outputBuffer);
      |     ^~~~~~~~~~~
./src/NvEncoder/NvEncoder.h:383:39: error: ‘NV_ENC_OUTPUT_PTR’ was not declared in this scope
  383 |     void GetEncodedPacket(std::vector<NV_ENC_OUTPUT_PTR> &vOutputBuffer, std::vector<std::vector<uint8_t>> &vPacket, bool bOutputDelay);
      |                                       ^~~~~~~~~~~~~~~~~
./src/NvEncoder/NvEncoder.h:383:56: error: template argument 1 is invalid
  383 |     void GetEncodedPacket(std::vector<NV_ENC_OUTPUT_PTR> &vOutputBuffer, std::vector<std::vector<uint8_t>> &vPacket, bool bOutputDelay);
      |                                                        ^
./src/NvEncoder/NvEncoder.h:383:56: error: template argument 2 is invalid
./src/NvEncoder/NvEncoder.h:437:5: error: ‘NV_ENCODE_API_FUNCTION_LIST’ does not name a type
  437 |     NV_ENCODE_API_FUNCTION_LIST m_nvenc;
      |     ^~~~~~~~~~~~~~~~~~~~~~~~~~~
./src/NvEncoder/NvEncoder.h:438:5: error: ‘NV_ENC_INITIALIZE_PARAMS’ does not name a type
  438 |     NV_ENC_INITIALIZE_PARAMS m_initializeParams = {};
      |     ^~~~~~~~~~~~~~~~~~~~~~~~
./src/NvEncoder/NvEncoder.h:438:53: warning: extra ‘;’ [-Wpedantic]
  438 |     NV_ENC_INITIALIZE_PARAMS m_initializeParams = {};
      |                                                     ^
      |                                                     -
./src/NvEncoder/NvEncoder.h:440:17: error: ‘NV_ENC_REGISTERED_PTR’ was not declared in this scope
  440 |     std::vector<NV_ENC_REGISTERED_PTR> m_vRegisteredResources;
      |                 ^~~~~~~~~~~~~~~~~~~~~
./src/NvEncoder/NvEncoder.h:440:38: error: template argument 1 is invalid
  440 |     std::vector<NV_ENC_REGISTERED_PTR> m_vRegisteredResources;
      |                                      ^
./src/NvEncoder/NvEncoder.h:440:38: error: template argument 2 is invalid
./src/NvEncoder/NvEncoder.h:442:17: error: ‘NV_ENC_REGISTERED_PTR’ was not declared in this scope
  442 |     std::vector<NV_ENC_REGISTERED_PTR> m_vRegisteredResourcesForReference;
      |                 ^~~~~~~~~~~~~~~~~~~~~
./src/NvEncoder/NvEncoder.h:442:38: error: template argument 1 is invalid
  442 |     std::vector<NV_ENC_REGISTERED_PTR> m_vRegisteredResourcesForReference;
      |                                      ^
./src/NvEncoder/NvEncoder.h:442:38: error: template argument 2 is invalid
./src/NvEncoder/NvEncoder.h:443:17: error: ‘NV_ENC_INPUT_PTR’ was not declared in this scope
  443 |     std::vector<NV_ENC_INPUT_PTR> m_vMappedInputBuffers;
      |                 ^~~~~~~~~~~~~~~~
./src/NvEncoder/NvEncoder.h:443:33: error: template argument 1 is invalid
  443 |     std::vector<NV_ENC_INPUT_PTR> m_vMappedInputBuffers;
      |                                 ^
./src/NvEncoder/NvEncoder.h:443:33: error: template argument 2 is invalid
./src/NvEncoder/NvEncoder.h:444:17: error: ‘NV_ENC_INPUT_PTR’ was not declared in this scope
  444 |     std::vector<NV_ENC_INPUT_PTR> m_vMappedRefBuffers;
      |                 ^~~~~~~~~~~~~~~~
./src/NvEncoder/NvEncoder.h:444:33: error: template argument 1 is invalid
  444 |     std::vector<NV_ENC_INPUT_PTR> m_vMappedRefBuffers;
      |                                 ^
./src/NvEncoder/NvEncoder.h:444:33: error: template argument 2 is invalid
./src/NvEncoder/NvEncoder.h:458:5: error: ‘NV_ENC_BUFFER_FORMAT’ does not name a type
  458 |     NV_ENC_BUFFER_FORMAT m_eBufferFormat;
      |     ^~~~~~~~~~~~~~~~~~~~
./src/NvEncoder/NvEncoder.h:460:5: error: ‘NV_ENC_DEVICE_TYPE’ does not name a type
  460 |     NV_ENC_DEVICE_TYPE m_eDeviceType;
      |     ^~~~~~~~~~~~~~~~~~
./src/NvEncoder/NvEncoder.h:461:5: error: ‘NV_ENC_CONFIG’ does not name a type
  461 |     NV_ENC_CONFIG m_encodeConfig = {};
      |     ^~~~~~~~~~~~~
./src/NvEncoder/NvEncoder.h:461:38: warning: extra ‘;’ [-Wpedantic]
  461 |     NV_ENC_CONFIG m_encodeConfig = {};
      |                                      ^
      |                                      -
./src/NvEncoder/NvEncoder.h:464:17: error: ‘NV_ENC_OUTPUT_PTR’ was not declared in this scope
  464 |     std::vector<NV_ENC_OUTPUT_PTR> m_vBitstreamOutputBuffer;
      |                 ^~~~~~~~~~~~~~~~~
./src/NvEncoder/NvEncoder.h:464:34: error: template argument 1 is invalid
  464 |     std::vector<NV_ENC_OUTPUT_PTR> m_vBitstreamOutputBuffer;
      |                                  ^
./src/NvEncoder/NvEncoder.h:464:34: error: template argument 2 is invalid
./src/NvEncoder/NvEncoder.h:465:17: error: ‘NV_ENC_OUTPUT_PTR’ was not declared in this scope
  465 |     std::vector<NV_ENC_OUTPUT_PTR> m_vMVDataOutputBuffer;
      |                 ^~~~~~~~~~~~~~~~~
./src/NvEncoder/NvEncoder.h:465:34: error: template argument 1 is invalid
  465 |     std::vector<NV_ENC_OUTPUT_PTR> m_vMVDataOutputBuffer;
      |                                  ^
./src/NvEncoder/NvEncoder.h:465:34: error: template argument 2 is invalid
./src/NvEncoder/NvEncoder.h:196:146: error: ‘NV_ENC_TUNING_INFO_UNDEFINED’ was not declared in this scope
  196 |     void CreateDefaultEncoderParams(NV_ENC_INITIALIZE_PARAMS* pIntializeParams, GUID codecGuid, GUID presetGuid, NV_ENC_TUNING_INFO tuningInfo = NV_ENC_TUNING_INFO_UNDEFINED);
      |                                                                                                                                                  ^~~~~~~~~~~~~~~~~~~~~~~~~~~~
./src/NvEncoder/NvEncoder.h: In member function ‘void* NvEncoder::GetCompletionEvent(uint32_t)’:
./src/NvEncoder/NvEncoder.h:329:86: warning: comparison of integer expressions of different signedness: ‘std::vector<void*>::size_type’ {aka ‘long unsigned int’} and ‘int32_t’ {aka ‘int’} [-Wsign-compare]
  329 |     void* GetCompletionEvent(uint32_t eventIdx) { return (m_vpCompletionEvent.size() == m_nEncoderBuffer) ? m_vpCompletionEvent[eventIdx] : nullptr; }
      |                                                           ~~~~~~~~~~~~~~~~~~~~~~~~~~~^~~~~~~~~~~~~~~~~~~
In file included from src/NvEncoder/NvEncoderCuda.cpp:28:
./src/NvEncoder/NvEncoderCuda.h: At global scope:
./src/NvEncoder/NvEncoderCuda.h:57:75: error: ‘NV_ENC_BUFFER_FORMAT’ has not been declared
   57 |     NvEncoderCuda(CUcontext cuContext, uint32_t nWidth, uint32_t nHeight, NV_ENC_BUFFER_FORMAT eBufferFormat,
      |                                                                           ^~~~~~~~~~~~~~~~~~~~
In file included from src/NvEncoder/NvEncoderCuda.cpp:28:
./src/NvEncoder/NvEncoderCuda.h:73:9: error: ‘NV_ENC_BUFFER_FORMAT’ has not been declared
   73 |         NV_ENC_BUFFER_FORMAT pixelFormat,
      |         ^~~~~~~~~~~~~~~~~~~~
./src/NvEncoder/NvEncoderCuda.h:91:9: error: ‘NV_ENC_BUFFER_FORMAT’ has not been declared
   91 |         NV_ENC_BUFFER_FORMAT pixelFormat,
      |         ^~~~~~~~~~~~~~~~~~~~
./src/NvEncoder/NvEncoderCuda.h:100:27: error: ‘NV_ENC_CUSTREAM_PTR’ has not been declared
  100 |     void SetIOCudaStreams(NV_ENC_CUSTREAM_PTR inputStream, NV_ENC_CUSTREAM_PTR outputStream);
      |                           ^~~~~~~~~~~~~~~~~~~
./src/NvEncoder/NvEncoderCuda.h:100:60: error: ‘NV_ENC_CUSTREAM_PTR’ has not been declared
  100 |     void SetIOCudaStreams(NV_ENC_CUSTREAM_PTR inputStream, NV_ENC_CUSTREAM_PTR outputStream);
      |                                                            ^~~~~~~~~~~~~~~~~~~
src/NvEncoder/NvEncoderCuda.cpp:31:86: error: ‘NV_ENC_BUFFER_FORMAT’ has not been declared
   31 | NvEncoderCuda::NvEncoderCuda(CUcontext cuContext, uint32_t nWidth, uint32_t nHeight, NV_ENC_BUFFER_FORMAT eBufferFormat,
      |                                                                                      ^~~~~~~~~~~~~~~~~~~~
src/NvEncoder/NvEncoderCuda.cpp: In constructor ‘NvEncoderCuda::NvEncoderCuda(CUcontext, uint32_t, uint32_t, int, uint32_t, bool, bool, bool)’:
src/NvEncoder/NvEncoderCuda.cpp:33:15: error: ‘NV_ENC_DEVICE_TYPE_CUDA’ was not declared in this scope
   33 |     NvEncoder(NV_ENC_DEVICE_TYPE_CUDA, cuContext, nWidth, nHeight, eBufferFormat, nExtraOutputDelay, bMotionEstimationOnly, bOutputInVideoMemory, false, bUseIVFContainer),
      |               ^~~~~~~~~~~~~~~~~~~~~~~
In file included from ./src/NvEncoder/NvEncoderCuda.h:34,
                 from src/NvEncoder/NvEncoderCuda.cpp:28:
src/NvEncoder/NvEncoderCuda.cpp:38:60: error: ‘NV_ENC_ERR_INVALID_DEVICE’ was not declared in this scope; did you mean ‘CUDA_ERROR_INVALID_DEVICE’?
   38 |         NVENC_THROW_ERROR("Encoder Initialization failed", NV_ENC_ERR_INVALID_DEVICE);
      |                                                            ^~~~~~~~~~~~~~~~~~~~~~~~~
./src/NvEncoder/NvEncoder.h:72:60: note: in definition of macro ‘NVENC_THROW_ERROR’
   72 |         throw NVENCException::makeNVENCException(errorStr, errorCode, __FUNCTION__, __FILE__, __LINE__); \
      |                                                            ^~~~~~~~~
src/NvEncoder/NvEncoderCuda.cpp:43:51: error: ‘NV_ENC_ERR_INVALID_DEVICE’ was not declared in this scope; did you mean ‘CUDA_ERROR_INVALID_DEVICE’?
   43 |         NVENC_THROW_ERROR("Invalid Cuda Context", NV_ENC_ERR_INVALID_DEVICE);
      |                                                   ^~~~~~~~~~~~~~~~~~~~~~~~~
./src/NvEncoder/NvEncoder.h:72:60: note: in definition of macro ‘NVENC_THROW_ERROR’
   72 |         throw NVENCException::makeNVENCException(errorStr, errorCode, __FUNCTION__, __FILE__, __LINE__); \
      |                                                            ^~~~~~~~~
src/NvEncoder/NvEncoderCuda.cpp: In member function ‘virtual void NvEncoderCuda::AllocateInputBuffers(int32_t)’:
src/NvEncoder/NvEncoderCuda.cpp:56:59: error: ‘NV_ENC_ERR_ENCODER_NOT_INITIALIZED’ was not declared in this scope; did you mean ‘CUDA_ERROR_NOT_INITIALIZED’?
   56 |         NVENC_THROW_ERROR("Encoder intialization failed", NV_ENC_ERR_ENCODER_NOT_INITIALIZED);
      |                                                           ^~~~~~~~~~~~~~~~~~~~~~~~~~~~~~~~~~
./src/NvEncoder/NvEncoder.h:72:60: note: in definition of macro ‘NVENC_THROW_ERROR’
   72 |         throw NVENCException::makeNVENCException(errorStr, errorCode, __FUNCTION__, __FILE__, __LINE__); \
      |                                                            ^~~~~~~~~
In file included from src/NvEncoder/NvEncoderCuda.cpp:28:
./src/NvEncoder/NvEncoderCuda.h:46:70: error: ‘NV_ENC_ERR_GENERIC’ was not declared in this scope
   46 |             throw NVENCException::makeNVENCException(errorLog.str(), NV_ENC_ERR_GENERIC, __FUNCTION__, __FILE__, __LINE__);      \
      |                                                                      ^~~~~~~~~~~~~~~~~~
src/NvEncoder/NvEncoderCuda.cpp:64:9: note: in expansion of macro ‘CUDA_DRVAPI_CALL’
   64 |         CUDA_DRVAPI_CALL(cuCtxPushCurrent(m_cuContext));
      |         ^~~~~~~~~~~~~~~~
src/NvEncoder/NvEncoderCuda.cpp:69:56: error: ‘GetPixelFormat’ was not declared in this scope
   69 |             uint32_t chromaHeight = GetNumChromaPlanes(GetPixelFormat()) * GetChromaHeight(GetPixelFormat(), GetMaxEncodeHeight());
      |                                                        ^~~~~~~~~~~~~~
src/NvEncoder/NvEncoderCuda.cpp:70:37: error: ‘NV_ENC_BUFFER_FORMAT_YV12’ was not declared in this scope
   70 |             if (GetPixelFormat() == NV_ENC_BUFFER_FORMAT_YV12 || GetPixelFormat() == NV_ENC_BUFFER_FORMAT_IYUV)
      |                                     ^~~~~~~~~~~~~~~~~~~~~~~~~
src/NvEncoder/NvEncoderCuda.cpp:70:86: error: ‘NV_ENC_BUFFER_FORMAT_IYUV’ was not declared in this scope
   70 |             if (GetPixelFormat() == NV_ENC_BUFFER_FORMAT_YV12 || GetPixelFormat() == NV_ENC_BUFFER_FORMAT_IYUV)
      |                                                                                      ^~~~~~~~~~~~~~~~~~~~~~~~~
In file included from src/NvEncoder/NvEncoderCuda.cpp:28:
./src/NvEncoder/NvEncoderCuda.h:46:70: error: ‘NV_ENC_ERR_GENERIC’ was not declared in this scope
   46 |             throw NVENCException::makeNVENCException(errorLog.str(), NV_ENC_ERR_GENERIC, __FUNCTION__, __FILE__, __LINE__);      \
      |                                                                      ^~~~~~~~~~~~~~~~~~
src/NvEncoder/NvEncoderCuda.cpp:72:13: note: in expansion of macro ‘CUDA_DRVAPI_CALL’
   72 |             CUDA_DRVAPI_CALL(cuMemAllocPitch((CUdeviceptr *)&pDeviceFrame,
      |             ^~~~~~~~~~~~~~~~
./src/NvEncoder/NvEncoderCuda.h:46:70: error: ‘NV_ENC_ERR_GENERIC’ was not declared in this scope
   46 |             throw NVENCException::makeNVENCException(errorLog.str(), NV_ENC_ERR_GENERIC, __FUNCTION__, __FILE__, __LINE__);      \
      |                                                                      ^~~~~~~~~~~~~~~~~~
src/NvEncoder/NvEncoderCuda.cpp:78:9: note: in expansion of macro ‘CUDA_DRVAPI_CALL’
   78 |         CUDA_DRVAPI_CALL(cuCtxPopCurrent(NULL));
      |         ^~~~~~~~~~~~~~~~
src/NvEncoder/NvEncoderCuda.cpp:81:13: error: ‘NV_ENC_INPUT_RESOURCE_TYPE_CUDADEVICEPTR’ was not declared in this scope
   81 |             NV_ENC_INPUT_RESOURCE_TYPE_CUDADEVICEPTR,
      |             ^~~~~~~~~~~~~~~~~~~~~~~~~~~~~~~~~~~~~~~~
src/NvEncoder/NvEncoderCuda.cpp:85:13: error: ‘GetPixelFormat’ was not declared in this scope
   85 |             GetPixelFormat(),
      |             ^~~~~~~~~~~~~~
src/NvEncoder/NvEncoderCuda.cpp: At global scope:
src/NvEncoder/NvEncoderCuda.cpp:90:6: error: variable or field ‘SetIOCudaStreams’ declared void
   90 | void NvEncoderCuda::SetIOCudaStreams(NV_ENC_CUSTREAM_PTR inputStream, NV_ENC_CUSTREAM_PTR outputStream)
      |      ^~~~~~~~~~~~~
src/NvEncoder/NvEncoderCuda.cpp:90:38: error: ‘NV_ENC_CUSTREAM_PTR’ was not declared in this scope
   90 | void NvEncoderCuda::SetIOCudaStreams(NV_ENC_CUSTREAM_PTR inputStream, NV_ENC_CUSTREAM_PTR outputStream)
      |                                      ^~~~~~~~~~~~~~~~~~~
src/NvEncoder/NvEncoderCuda.cpp:90:71: error: ‘NV_ENC_CUSTREAM_PTR’ was not declared in this scope
   90 | void NvEncoderCuda::SetIOCudaStreams(NV_ENC_CUSTREAM_PTR inputStream, NV_ENC_CUSTREAM_PTR outputStream)
      |                                                                       ^~~~~~~~~~~~~~~~~~~
src/NvEncoder/NvEncoderCuda.cpp:146:5: error: ‘NV_ENC_BUFFER_FORMAT’ has not been declared
  146 |     NV_ENC_BUFFER_FORMAT pixelFormat,
      |     ^~~~~~~~~~~~~~~~~~~~
In file included from ./src/NvEncoder/NvEncoderCuda.h:34,
                 from src/NvEncoder/NvEncoderCuda.cpp:28:
src/NvEncoder/NvEncoderCuda.cpp: In static member function ‘static void NvEncoderCuda::CopyToDeviceFrame(CUcontext, void*, uint32_t, CUdeviceptr, uint32_t, int, int, CUmemorytype, int, const uint32_t*, uint32_t, bool, CUstream)’:
src/NvEncoder/NvEncoderCuda.cpp:154:66: error: ‘NV_ENC_ERR_INVALID_PARAM’ was not declared in this scope
  154 |         NVENC_THROW_ERROR("Invalid source memory type for copy", NV_ENC_ERR_INVALID_PARAM);
      |                                                                  ^~~~~~~~~~~~~~~~~~~~~~~~
./src/NvEncoder/NvEncoder.h:72:60: note: in definition of macro ‘NVENC_THROW_ERROR’
   72 |         throw NVENCException::makeNVENCException(errorStr, errorCode, __FUNCTION__, __FILE__, __LINE__); \
      |                                                            ^~~~~~~~~
In file included from src/NvEncoder/NvEncoderCuda.cpp:28:
./src/NvEncoder/NvEncoderCuda.h:46:70: error: ‘NV_ENC_ERR_GENERIC’ was not declared in this scope
   46 |             throw NVENCException::makeNVENCException(errorLog.str(), NV_ENC_ERR_GENERIC, __FUNCTION__, __FILE__, __LINE__);      \
      |                                                                      ^~~~~~~~~~~~~~~~~~
src/NvEncoder/NvEncoderCuda.cpp:157:5: note: in expansion of macro ‘CUDA_DRVAPI_CALL’
  157 |     CUDA_DRVAPI_CALL(cuCtxPushCurrent(device));
      |     ^~~~~~~~~~~~~~~~
src/NvEncoder/NvEncoderCuda.cpp:160:27: warning: missing initializer for member ‘CUDA_MEMCPY2D_st::srcY’ [-Wmissing-field-initializers]
  160 |     CUDA_MEMCPY2D m = { 0 };
      |                           ^
src/NvEncoder/NvEncoderCuda.cpp:160:27: warning: missing initializer for member ‘CUDA_MEMCPY2D_st::srcMemoryType’ [-Wmissing-field-initializers]
src/NvEncoder/NvEncoderCuda.cpp:160:27: warning: missing initializer for member ‘CUDA_MEMCPY2D_st::srcHost’ [-Wmissing-field-initializers]
src/NvEncoder/NvEncoderCuda.cpp:160:27: warning: missing initializer for member ‘CUDA_MEMCPY2D_st::srcDevice’ [-Wmissing-field-initializers]
src/NvEncoder/NvEncoderCuda.cpp:160:27: warning: missing initializer for member ‘CUDA_MEMCPY2D_st::srcArray’ [-Wmissing-field-initializers]
src/NvEncoder/NvEncoderCuda.cpp:160:27: warning: missing initializer for member ‘CUDA_MEMCPY2D_st::srcPitch’ [-Wmissing-field-initializers]
src/NvEncoder/NvEncoderCuda.cpp:160:27: warning: missing initializer for member ‘CUDA_MEMCPY2D_st::dstXInBytes’ [-Wmissing-field-initializers]
src/NvEncoder/NvEncoderCuda.cpp:160:27: warning: missing initializer for member ‘CUDA_MEMCPY2D_st::dstY’ [-Wmissing-field-initializers]
src/NvEncoder/NvEncoderCuda.cpp:160:27: warning: missing initializer for member ‘CUDA_MEMCPY2D_st::dstMemoryType’ [-Wmissing-field-initializers]
src/NvEncoder/NvEncoderCuda.cpp:160:27: warning: missing initializer for member ‘CUDA_MEMCPY2D_st::dstHost’ [-Wmissing-field-initializers]
src/NvEncoder/NvEncoderCuda.cpp:160:27: warning: missing initializer for member ‘CUDA_MEMCPY2D_st::dstDevice’ [-Wmissing-field-initializers]
src/NvEncoder/NvEncoderCuda.cpp:160:27: warning: missing initializer for member ‘CUDA_MEMCPY2D_st::dstArray’ [-Wmissing-field-initializers]
src/NvEncoder/NvEncoderCuda.cpp:160:27: warning: missing initializer for member ‘CUDA_MEMCPY2D_st::dstPitch’ [-Wmissing-field-initializers]
src/NvEncoder/NvEncoderCuda.cpp:160:27: warning: missing initializer for member ‘CUDA_MEMCPY2D_st::WidthInBytes’ [-Wmissing-field-initializers]
src/NvEncoder/NvEncoderCuda.cpp:160:27: warning: missing initializer for member ‘CUDA_MEMCPY2D_st::Height’ [-Wmissing-field-initializers]
In file included from src/NvEncoder/NvEncoderCuda.cpp:28:
./src/NvEncoder/NvEncoderCuda.h:46:70: error: ‘NV_ENC_ERR_GENERIC’ was not declared in this scope
   46 |             throw NVENCException::makeNVENCException(errorLog.str(), NV_ENC_ERR_GENERIC, __FUNCTION__, __FILE__, __LINE__);      \
      |                                                                      ^~~~~~~~~~~~~~~~~~
src/NvEncoder/NvEncoderCuda.cpp:178:9: note: in expansion of macro ‘CUDA_DRVAPI_CALL’
  178 |         CUDA_DRVAPI_CALL(cuMemcpy2DUnaligned(&m));
      |         ^~~~~~~~~~~~~~~~
./src/NvEncoder/NvEncoderCuda.h:46:70: error: ‘NV_ENC_ERR_GENERIC’ was not declared in this scope
   46 |             throw NVENCException::makeNVENCException(errorLog.str(), NV_ENC_ERR_GENERIC, __FUNCTION__, __FILE__, __LINE__);      \
      |                                                                      ^~~~~~~~~~~~~~~~~~
src/NvEncoder/NvEncoderCuda.cpp:182:9: note: in expansion of macro ‘CUDA_DRVAPI_CALL’
  182 |         CUDA_DRVAPI_CALL(stream == NULL? cuMemcpy2D(&m) : cuMemcpy2DAsync(&m, stream));
      |         ^~~~~~~~~~~~~~~~
./src/NvEncoder/NvEncoderCuda.h:46:70: error: ‘NV_ENC_ERR_GENERIC’ was not declared in this scope
   46 |             throw NVENCException::makeNVENCException(errorLog.str(), NV_ENC_ERR_GENERIC, __FUNCTION__, __FILE__, __LINE__);      \
      |                                                                      ^~~~~~~~~~~~~~~~~~
src/NvEncoder/NvEncoderCuda.cpp:212:17: note: in expansion of macro ‘CUDA_DRVAPI_CALL’
  212 |                 CUDA_DRVAPI_CALL(cuMemcpy2DUnaligned(&m));
      |                 ^~~~~~~~~~~~~~~~
./src/NvEncoder/NvEncoderCuda.h:46:70: error: ‘NV_ENC_ERR_GENERIC’ was not declared in this scope
   46 |             throw NVENCException::makeNVENCException(errorLog.str(), NV_ENC_ERR_GENERIC, __FUNCTION__, __FILE__, __LINE__);      \
      |                                                                      ^~~~~~~~~~~~~~~~~~
src/NvEncoder/NvEncoderCuda.cpp:216:17: note: in expansion of macro ‘CUDA_DRVAPI_CALL’
  216 |                 CUDA_DRVAPI_CALL(stream == NULL? cuMemcpy2D(&m) : cuMemcpy2DAsync(&m, stream));
      |                 ^~~~~~~~~~~~~~~~
./src/NvEncoder/NvEncoderCuda.h:46:70: error: ‘NV_ENC_ERR_GENERIC’ was not declared in this scope
   46 |             throw NVENCException::makeNVENCException(errorLog.str(), NV_ENC_ERR_GENERIC, __FUNCTION__, __FILE__, __LINE__);      \
      |                                                                      ^~~~~~~~~~~~~~~~~~
src/NvEncoder/NvEncoderCuda.cpp:220:5: note: in expansion of macro ‘CUDA_DRVAPI_CALL’
  220 |     CUDA_DRVAPI_CALL(cuCtxPopCurrent(NULL));
      |     ^~~~~~~~~~~~~~~~
src/NvEncoder/NvEncoderCuda.cpp: At global scope:
src/NvEncoder/NvEncoderCuda.cpp:231:5: error: ‘NV_ENC_BUFFER_FORMAT’ has not been declared
  231 |     NV_ENC_BUFFER_FORMAT pixelFormat,
      |     ^~~~~~~~~~~~~~~~~~~~
In file included from ./src/NvEncoder/NvEncoderCuda.h:34,
                 from src/NvEncoder/NvEncoderCuda.cpp:28:
src/NvEncoder/NvEncoderCuda.cpp: In static member function ‘static void NvEncoderCuda::CopyToDeviceFrame(CUcontext, void*, uint32_t, CUdeviceptr, uint32_t, int, int, CUmemorytype, int, CUdeviceptr*, uint32_t, uint32_t, bool)’:
src/NvEncoder/NvEncoderCuda.cpp:239:66: error: ‘NV_ENC_ERR_INVALID_PARAM’ was not declared in this scope
  239 |         NVENC_THROW_ERROR("Invalid source memory type for copy", NV_ENC_ERR_INVALID_PARAM);
      |                                                                  ^~~~~~~~~~~~~~~~~~~~~~~~
./src/NvEncoder/NvEncoder.h:72:60: note: in definition of macro ‘NVENC_THROW_ERROR’
   72 |         throw NVENCException::makeNVENCException(errorStr, errorCode, __FUNCTION__, __FILE__, __LINE__); \
      |                                                            ^~~~~~~~~
In file included from src/NvEncoder/NvEncoderCuda.cpp:28:
./src/NvEncoder/NvEncoderCuda.h:46:70: error: ‘NV_ENC_ERR_GENERIC’ was not declared in this scope
   46 |             throw NVENCException::makeNVENCException(errorLog.str(), NV_ENC_ERR_GENERIC, __FUNCTION__, __FILE__, __LINE__);      \
      |                                                                      ^~~~~~~~~~~~~~~~~~
src/NvEncoder/NvEncoderCuda.cpp:242:5: note: in expansion of macro ‘CUDA_DRVAPI_CALL’
  242 |     CUDA_DRVAPI_CALL(cuCtxPushCurrent(device));
      |     ^~~~~~~~~~~~~~~~
src/NvEncoder/NvEncoderCuda.cpp:245:27: warning: missing initializer for member ‘CUDA_MEMCPY2D_st::srcY’ [-Wmissing-field-initializers]
  245 |     CUDA_MEMCPY2D m = { 0 };
      |                           ^
src/NvEncoder/NvEncoderCuda.cpp:245:27: warning: missing initializer for member ‘CUDA_MEMCPY2D_st::srcMemoryType’ [-Wmissing-field-initializers]
src/NvEncoder/NvEncoderCuda.cpp:245:27: warning: missing initializer for member ‘CUDA_MEMCPY2D_st::srcHost’ [-Wmissing-field-initializers]
src/NvEncoder/NvEncoderCuda.cpp:245:27: warning: missing initializer for member ‘CUDA_MEMCPY2D_st::srcDevice’ [-Wmissing-field-initializers]
src/NvEncoder/NvEncoderCuda.cpp:245:27: warning: missing initializer for member ‘CUDA_MEMCPY2D_st::srcArray’ [-Wmissing-field-initializers]
src/NvEncoder/NvEncoderCuda.cpp:245:27: warning: missing initializer for member ‘CUDA_MEMCPY2D_st::srcPitch’ [-Wmissing-field-initializers]
src/NvEncoder/NvEncoderCuda.cpp:245:27: warning: missing initializer for member ‘CUDA_MEMCPY2D_st::dstXInBytes’ [-Wmissing-field-initializers]
src/NvEncoder/NvEncoderCuda.cpp:245:27: warning: missing initializer for member ‘CUDA_MEMCPY2D_st::dstY’ [-Wmissing-field-initializers]
src/NvEncoder/NvEncoderCuda.cpp:245:27: warning: missing initializer for member ‘CUDA_MEMCPY2D_st::dstMemoryType’ [-Wmissing-field-initializers]
src/NvEncoder/NvEncoderCuda.cpp:245:27: warning: missing initializer for member ‘CUDA_MEMCPY2D_st::dstHost’ [-Wmissing-field-initializers]
src/NvEncoder/NvEncoderCuda.cpp:245:27: warning: missing initializer for member ‘CUDA_MEMCPY2D_st::dstDevice’ [-Wmissing-field-initializers]
src/NvEncoder/NvEncoderCuda.cpp:245:27: warning: missing initializer for member ‘CUDA_MEMCPY2D_st::dstArray’ [-Wmissing-field-initializers]
src/NvEncoder/NvEncoderCuda.cpp:245:27: warning: missing initializer for member ‘CUDA_MEMCPY2D_st::dstPitch’ [-Wmissing-field-initializers]
src/NvEncoder/NvEncoderCuda.cpp:245:27: warning: missing initializer for member ‘CUDA_MEMCPY2D_st::WidthInBytes’ [-Wmissing-field-initializers]
src/NvEncoder/NvEncoderCuda.cpp:245:27: warning: missing initializer for member ‘CUDA_MEMCPY2D_st::Height’ [-Wmissing-field-initializers]
In file included from src/NvEncoder/NvEncoderCuda.cpp:28:
./src/NvEncoder/NvEncoderCuda.h:46:70: error: ‘NV_ENC_ERR_GENERIC’ was not declared in this scope
   46 |             throw NVENCException::makeNVENCException(errorLog.str(), NV_ENC_ERR_GENERIC, __FUNCTION__, __FILE__, __LINE__);      \
      |                                                                      ^~~~~~~~~~~~~~~~~~
src/NvEncoder/NvEncoderCuda.cpp:263:9: note: in expansion of macro ‘CUDA_DRVAPI_CALL’
  263 |         CUDA_DRVAPI_CALL(cuMemcpy2DUnaligned(&m));
      |         ^~~~~~~~~~~~~~~~
./src/NvEncoder/NvEncoderCuda.h:46:70: error: ‘NV_ENC_ERR_GENERIC’ was not declared in this scope
   46 |             throw NVENCException::makeNVENCException(errorLog.str(), NV_ENC_ERR_GENERIC, __FUNCTION__, __FILE__, __LINE__);      \
      |                                                                      ^~~~~~~~~~~~~~~~~~
src/NvEncoder/NvEncoderCuda.cpp:267:9: note: in expansion of macro ‘CUDA_DRVAPI_CALL’
  267 |         CUDA_DRVAPI_CALL(cuMemcpy2D(&m));
      |         ^~~~~~~~~~~~~~~~
./src/NvEncoder/NvEncoderCuda.h:46:70: error: ‘NV_ENC_ERR_GENERIC’ was not declared in this scope
   46 |             throw NVENCException::makeNVENCException(errorLog.str(), NV_ENC_ERR_GENERIC, __FUNCTION__, __FILE__, __LINE__);      \
      |                                                                      ^~~~~~~~~~~~~~~~~~
src/NvEncoder/NvEncoderCuda.cpp:296:17: note: in expansion of macro ‘CUDA_DRVAPI_CALL’
  296 |                 CUDA_DRVAPI_CALL(cuMemcpy2DUnaligned(&m));
      |                 ^~~~~~~~~~~~~~~~
./src/NvEncoder/NvEncoderCuda.h:46:70: error: ‘NV_ENC_ERR_GENERIC’ was not declared in this scope
   46 |             throw NVENCException::makeNVENCException(errorLog.str(), NV_ENC_ERR_GENERIC, __FUNCTION__, __FILE__, __LINE__);      \
      |                                                                      ^~~~~~~~~~~~~~~~~~
src/NvEncoder/NvEncoderCuda.cpp:300:17: note: in expansion of macro ‘CUDA_DRVAPI_CALL’
  300 |                 CUDA_DRVAPI_CALL(cuMemcpy2D(&m));
      |                 ^~~~~~~~~~~~~~~~
./src/NvEncoder/NvEncoderCuda.h:46:70: error: ‘NV_ENC_ERR_GENERIC’ was not declared in this scope
   46 |             throw NVENCException::makeNVENCException(errorLog.str(), NV_ENC_ERR_GENERIC, __FUNCTION__, __FILE__, __LINE__);      \
      |                                                                      ^~~~~~~~~~~~~~~~~~
src/NvEncoder/NvEncoderCuda.cpp:304:5: note: in expansion of macro ‘CUDA_DRVAPI_CALL’
  304 |     CUDA_DRVAPI_CALL(cuCtxPopCurrent(NULL));
      |     ^~~~~~~~~~~~~~~~
In file included from src/NvEncoder/NvEncoderD3D11.cpp:32:
./src/NvEncoder/NvEncoderD3D11.h:34:10: fatal error: d3d11.h: No such file or directory
   34 | #include <d3d11.h>
      |          ^~~~~~~~~
compilation terminated.
In file included from src/NvEncoder/NvEncoderD3D12.cpp:28:
./src/NvEncoder/NvEncoderD3D12.h:34:10: fatal error: d3d12.h: No such file or directory
   34 | #include <d3d12.h>
      |          ^~~~~~~~~
compilation terminated.
In file included from src/NvEncoder/NvEncoderD3D9.cpp:32:
./src/NvEncoder/NvEncoderD3D9.h:34:10: fatal error: d3d9.h: No such file or directory
   34 | #include <d3d9.h>
      |          ^~~~~~~~
compilation terminated.
In file included from ./src/NvEncoder/NvCodecUtils.h:42,
                 from ./src/NvEncoder/NvEncoder.h:38,
                 from ./src/NvEncoder/NvEncoderGL.h:29,
                 from src/NvEncoder/NvEncoderGL.cpp:28:
./src/NvEncoder/Logger.h: In constructor ‘simplelogger::LoggerFactory::UdpLogger::UdpOstream::UdpOstream(char*, short unsigned int)’:
./src/NvEncoder/Logger.h:169:68: warning: missing initializer for member ‘sockaddr_in::sin_zero’ [-Wmissing-field-initializers]
  169 |                 struct sockaddr_in s = {AF_INET, htons(uPort), addr};
      |                                                                    ^
In file included from ./src/NvEncoder/NvEncoder.h:38,
                 from ./src/NvEncoder/NvEncoderGL.h:29,
                 from src/NvEncoder/NvEncoderGL.cpp:28:
./src/NvEncoder/NvCodecUtils.h: In constructor ‘BufferedFileReader::BufferedFileReader(const char*, bool)’:
./src/NvEncoder/NvCodecUtils.h:213:27: warning: comparison of integer expressions of different signedness: ‘uint64_t’ {aka ‘long unsigned int’} and ‘__off_t’ {aka ‘long int’} [-Wsign-compare]
  213 |                 if (nSize != st.st_size) {
      |                     ~~~~~~^~~~~~~~~~~~~
In file included from ./src/NvEncoder/NvEncoder.h:38,
                 from ./src/NvEncoder/NvEncoderGL.h:29,
                 from src/NvEncoder/NvEncoderGL.cpp:28:
./src/NvEncoder/NvCodecUtils.h:217:26: warning: catching polymorphic type ‘class std::bad_alloc’ by value [-Wcatch-value=]
  217 |             } catch(std::bad_alloc) {
      |                          ^~~~~~~~~
In file included from ./src/NvEncoder/NvCodecUtils.h:39,
                 from ./src/NvEncoder/NvEncoder.h:38,
                 from ./src/NvEncoder/NvEncoderGL.h:29,
                 from src/NvEncoder/NvEncoderGL.cpp:28:
./src/NvEncoder/NvCodecUtils.h:236:22: warning: comparison of integer expressions of different signedness: ‘std::streamsize’ {aka ‘long int’} and ‘uint64_t’ {aka ‘long unsigned int’} [-Wsign-compare]
  236 |         assert(nRead == nSize);
      |                ~~~~~~^~~~~~~~
In file included from ./src/NvEncoder/NvEncoderGL.h:29,
                 from src/NvEncoder/NvEncoderGL.cpp:28:
./src/NvEncoder/NvEncoder.h: At global scope:
./src/NvEncoder/NvEncoder.h:46:55: error: ‘NVENCSTATUS’ does not name a type
   46 |     NVENCException(const std::string& errorStr, const NVENCSTATUS errorCode)
      |                                                       ^~~~~~~~~~~
./src/NvEncoder/NvEncoder.h:51:5: error: ‘NVENCSTATUS’ does not name a type
   51 |     NVENCSTATUS  getErrorCode() const { return m_errorCode; }
      |     ^~~~~~~~~~~
./src/NvEncoder/NvEncoder.h:53:81: error: ‘NVENCSTATUS’ does not name a type
   53 |     static NVENCException makeNVENCException(const std::string& errorStr, const NVENCSTATUS errorCode,
      |                                                                                 ^~~~~~~~~~~
./src/NvEncoder/NvEncoder.h:57:5: error: ‘NVENCSTATUS’ does not name a type
   57 |     NVENCSTATUS m_errorCode;
      |     ^~~~~~~~~~~
./src/NvEncoder/NvEncoder.h: In constructor ‘NVENCException::NVENCException(const string&, int)’:
./src/NvEncoder/NvEncoder.h:47:36: error: class ‘NVENCException’ does not have any field named ‘m_errorCode’
   47 |         : m_errorString(errorStr), m_errorCode(errorCode) {}
      |                                    ^~~~~~~~~~~
./src/NvEncoder/NvEncoder.h: At global scope:
./src/NvEncoder/NvEncoder.h:60:93: error: ‘NVENCSTATUS’ does not name a type
   60 | inline NVENCException NVENCException::makeNVENCException(const std::string& errorStr, const NVENCSTATUS errorCode, const std::string& functionName,
      |                                                                                             ^~~~~~~~~~~
In file included from ./src/NvEncoder/NvEncoderGL.h:29,
                 from src/NvEncoder/NvEncoderGL.cpp:28:
./src/NvEncoder/NvEncoder.h:95:5: error: ‘NV_ENC_BUFFER_FORMAT’ does not name a type; did you mean ‘GL_TEXTURE_BUFFER_FORMAT’?
   95 |     NV_ENC_BUFFER_FORMAT bufferFormat;
      |     ^~~~~~~~~~~~~~~~~~~~
      |     GL_TEXTURE_BUFFER_FORMAT
./src/NvEncoder/NvEncoder.h:96:5: error: ‘NV_ENC_INPUT_RESOURCE_TYPE’ does not name a type
   96 |     NV_ENC_INPUT_RESOURCE_TYPE resourceType;
      |     ^~~~~~~~~~~~~~~~~~~~~~~~~~
./src/NvEncoder/NvEncoder.h:110:38: error: ‘NV_ENC_INITIALIZE_PARAMS’ does not name a type
  110 |     virtual void CreateEncoder(const NV_ENC_INITIALIZE_PARAMS* pEncodeParams);
      |                                      ^~~~~~~~~~~~~~~~~~~~~~~~
./src/NvEncoder/NvEncoder.h:126:28: error: ‘NV_ENC_RECONFIGURE_PARAMS’ does not name a type
  126 |     bool Reconfigure(const NV_ENC_RECONFIGURE_PARAMS *pReconfigureParams);
      |                            ^~~~~~~~~~~~~~~~~~~~~~~~~
./src/NvEncoder/NvEncoder.h:143:74: error: ‘NV_ENC_PIC_PARAMS’ has not been declared
  143 |     virtual void EncodeFrame(std::vector<std::vector<uint8_t>> &vPacket, NV_ENC_PIC_PARAMS *pPicParams = nullptr);
      |                                                                          ^~~~~~~~~~~~~~~~~
./src/NvEncoder/NvEncoder.h:159:28: error: ‘GUID’ has not been declared
  159 |     int GetCapabilityValue(GUID guidCodec, NV_ENC_CAPS capsToQuery);
      |                            ^~~~
./src/NvEncoder/NvEncoder.h:159:44: error: ‘NV_ENC_CAPS’ has not been declared
  159 |     int GetCapabilityValue(GUID guidCodec, NV_ENC_CAPS capsToQuery);
      |                                            ^~~~~~~~~~~
./src/NvEncoder/NvEncoder.h:169:5: error: ‘NV_ENC_DEVICE_TYPE’ does not name a type
  169 |     NV_ENC_DEVICE_TYPE GetDeviceType() const { return m_eDeviceType; }
      |     ^~~~~~~~~~~~~~~~~~
./src/NvEncoder/NvEncoder.h:196:37: error: ‘NV_ENC_INITIALIZE_PARAMS’ has not been declared
  196 |     void CreateDefaultEncoderParams(NV_ENC_INITIALIZE_PARAMS* pIntializeParams, GUID codecGuid, GUID presetGuid, NV_ENC_TUNING_INFO tuningInfo = NV_ENC_TUNING_INFO_UNDEFINED);
      |                                     ^~~~~~~~~~~~~~~~~~~~~~~~
./src/NvEncoder/NvEncoder.h:196:81: error: ‘GUID’ has not been declared
  196 |     void CreateDefaultEncoderParams(NV_ENC_INITIALIZE_PARAMS* pIntializeParams, GUID codecGuid, GUID presetGuid, NV_ENC_TUNING_INFO tuningInfo = NV_ENC_TUNING_INFO_UNDEFINED);
      |                                                                                 ^~~~
./src/NvEncoder/NvEncoder.h:196:97: error: ‘GUID’ has not been declared
  196 |     void CreateDefaultEncoderParams(NV_ENC_INITIALIZE_PARAMS* pIntializeParams, GUID codecGuid, GUID presetGuid, NV_ENC_TUNING_INFO tuningInfo = NV_ENC_TUNING_INFO_UNDEFINED);
      |                                                                                                 ^~~~
./src/NvEncoder/NvEncoder.h:196:114: error: ‘NV_ENC_TUNING_INFO’ has not been declared
  196 |     void CreateDefaultEncoderParams(NV_ENC_INITIALIZE_PARAMS* pIntializeParams, GUID codecGuid, GUID presetGuid, NV_ENC_TUNING_INFO tuningInfo = NV_ENC_TUNING_INFO_UNDEFINED);
      |                                                                                                                  ^~~~~~~~~~~~~~~~~~
./src/NvEncoder/NvEncoder.h:204:30: error: ‘NV_ENC_INITIALIZE_PARAMS’ has not been declared
  204 |     void GetInitializeParams(NV_ENC_INITIALIZE_PARAMS *pInitializeParams);
      |                              ^~~~~~~~~~~~~~~~~~~~~~~~
./src/NvEncoder/NvEncoder.h:240:48: error: ‘NV_ENC_BUFFER_FORMAT’ does not name a type; did you mean ‘GL_TEXTURE_BUFFER_FORMAT’?
  240 |     static void GetChromaSubPlaneOffsets(const NV_ENC_BUFFER_FORMAT bufferFormat, const uint32_t pitch,
      |                                                ^~~~~~~~~~~~~~~~~~~~
      |                                                GL_TEXTURE_BUFFER_FORMAT
./src/NvEncoder/NvEncoder.h:245:42: error: ‘NV_ENC_BUFFER_FORMAT’ does not name a type; did you mean ‘GL_TEXTURE_BUFFER_FORMAT’?
  245 |     static uint32_t GetChromaPitch(const NV_ENC_BUFFER_FORMAT bufferFormat, const uint32_t lumaPitch);
      |                                          ^~~~~~~~~~~~~~~~~~~~
      |                                          GL_TEXTURE_BUFFER_FORMAT
./src/NvEncoder/NvEncoder.h:250:46: error: ‘NV_ENC_BUFFER_FORMAT’ does not name a type; did you mean ‘GL_TEXTURE_BUFFER_FORMAT’?
  250 |     static uint32_t GetNumChromaPlanes(const NV_ENC_BUFFER_FORMAT bufferFormat);
      |                                              ^~~~~~~~~~~~~~~~~~~~
      |                                              GL_TEXTURE_BUFFER_FORMAT
./src/NvEncoder/NvEncoder.h:255:49: error: ‘NV_ENC_BUFFER_FORMAT’ does not name a type; did you mean ‘GL_TEXTURE_BUFFER_FORMAT’?
  255 |     static uint32_t GetChromaWidthInBytes(const NV_ENC_BUFFER_FORMAT bufferFormat, const uint32_t lumaWidth);
      |                                                 ^~~~~~~~~~~~~~~~~~~~
      |                                                 GL_TEXTURE_BUFFER_FORMAT
./src/NvEncoder/NvEncoder.h:260:43: error: ‘NV_ENC_BUFFER_FORMAT’ does not name a type; did you mean ‘GL_TEXTURE_BUFFER_FORMAT’?
  260 |     static uint32_t GetChromaHeight(const NV_ENC_BUFFER_FORMAT bufferFormat, const uint32_t lumaHeight);
      |                                           ^~~~~~~~~~~~~~~~~~~~
      |                                           GL_TEXTURE_BUFFER_FORMAT
./src/NvEncoder/NvEncoder.h:267:43: error: ‘NV_ENC_BUFFER_FORMAT’ does not name a type; did you mean ‘GL_TEXTURE_BUFFER_FORMAT’?
  267 |     static uint32_t GetWidthInBytes(const NV_ENC_BUFFER_FORMAT bufferFormat, const uint32_t width);
      |                                           ^~~~~~~~~~~~~~~~~~~~
      |                                           GL_TEXTURE_BUFFER_FORMAT
./src/NvEncoder/NvEncoder.h:277:5: error: ‘NV_ENC_INITIALIZE_PARAMS’ does not name a type
  277 |     NV_ENC_INITIALIZE_PARAMS GetinitializeParams() const { return m_initializeParams; }
      |     ^~~~~~~~~~~~~~~~~~~~~~~~
./src/NvEncoder/NvEncoder.h:284:33: error: expected ‘)’ before ‘eDeviceType’
  284 |     NvEncoder(NV_ENC_DEVICE_TYPE eDeviceType, void *pDevice, uint32_t nWidth, uint32_t nHeight,
      |              ~                  ^~~~~~~~~~~~
      |                                 )
./src/NvEncoder/NvEncoder.h:298:65: error: ‘NV_ENC_INPUT_RESOURCE_TYPE’ has not been declared
  298 |     void RegisterInputResources(std::vector<void*> inputframes, NV_ENC_INPUT_RESOURCE_TYPE eResourceType,
      |                                                                 ^~~~~~~~~~~~~~~~~~~~~~~~~~
./src/NvEncoder/NvEncoder.h:299:43: error: ‘NV_ENC_BUFFER_FORMAT’ has not been declared
  299 |         int width, int height, int pitch, NV_ENC_BUFFER_FORMAT bufferFormat, bool bReferenceFrame = false);
      |                                           ^~~~~~~~~~~~~~~~~~~~
./src/NvEncoder/NvEncoder.h:310:5: error: ‘NV_ENC_REGISTERED_PTR’ does not name a type
  310 |     NV_ENC_REGISTERED_PTR RegisterResource(void *pBuffer, NV_ENC_INPUT_RESOURCE_TYPE eResourceType,
      |     ^~~~~~~~~~~~~~~~~~~~~
./src/NvEncoder/NvEncoder.h:334:5: error: ‘NV_ENC_BUFFER_FORMAT’ does not name a type; did you mean ‘GL_TEXTURE_BUFFER_FORMAT’?
  334 |     NV_ENC_BUFFER_FORMAT GetPixelFormat() const { return m_eBufferFormat; }
      |     ^~~~~~~~~~~~~~~~~~~~
      |     GL_TEXTURE_BUFFER_FORMAT
./src/NvEncoder/NvEncoder.h:340:5: error: ‘NVENCSTATUS’ does not name a type
  340 |     NVENCSTATUS DoEncode(NV_ENC_INPUT_PTR inputBuffer, NV_ENC_OUTPUT_PTR outputBuffer, NV_ENC_PIC_PARAMS *pPicParams);
      |     ^~~~~~~~~~~
./src/NvEncoder/NvEncoder.h:346:5: error: ‘NVENCSTATUS’ does not name a type
  346 |     NVENCSTATUS DoMotionEstimation(NV_ENC_INPUT_PTR inputBuffer, NV_ENC_INPUT_PTR inputBufferForReference, NV_ENC_OUTPUT_PTR outputBuffer);
      |     ^~~~~~~~~~~
./src/NvEncoder/NvEncoder.h:383:39: error: ‘NV_ENC_OUTPUT_PTR’ was not declared in this scope
  383 |     void GetEncodedPacket(std::vector<NV_ENC_OUTPUT_PTR> &vOutputBuffer, std::vector<std::vector<uint8_t>> &vPacket, bool bOutputDelay);
      |                                       ^~~~~~~~~~~~~~~~~
./src/NvEncoder/NvEncoder.h:383:56: error: template argument 1 is invalid
  383 |     void GetEncodedPacket(std::vector<NV_ENC_OUTPUT_PTR> &vOutputBuffer, std::vector<std::vector<uint8_t>> &vPacket, bool bOutputDelay);
      |                                                        ^
./src/NvEncoder/NvEncoder.h:383:56: error: template argument 2 is invalid
./src/NvEncoder/NvEncoder.h:437:5: error: ‘NV_ENCODE_API_FUNCTION_LIST’ does not name a type
  437 |     NV_ENCODE_API_FUNCTION_LIST m_nvenc;
      |     ^~~~~~~~~~~~~~~~~~~~~~~~~~~
./src/NvEncoder/NvEncoder.h:438:5: error: ‘NV_ENC_INITIALIZE_PARAMS’ does not name a type
  438 |     NV_ENC_INITIALIZE_PARAMS m_initializeParams = {};
      |     ^~~~~~~~~~~~~~~~~~~~~~~~
./src/NvEncoder/NvEncoder.h:438:53: warning: extra ‘;’ [-Wpedantic]
  438 |     NV_ENC_INITIALIZE_PARAMS m_initializeParams = {};
      |                                                     ^
      |                                                     -
./src/NvEncoder/NvEncoder.h:440:17: error: ‘NV_ENC_REGISTERED_PTR’ was not declared in this scope
  440 |     std::vector<NV_ENC_REGISTERED_PTR> m_vRegisteredResources;
      |                 ^~~~~~~~~~~~~~~~~~~~~
./src/NvEncoder/NvEncoder.h:440:38: error: template argument 1 is invalid
  440 |     std::vector<NV_ENC_REGISTERED_PTR> m_vRegisteredResources;
      |                                      ^
./src/NvEncoder/NvEncoder.h:440:38: error: template argument 2 is invalid
./src/NvEncoder/NvEncoder.h:442:17: error: ‘NV_ENC_REGISTERED_PTR’ was not declared in this scope
  442 |     std::vector<NV_ENC_REGISTERED_PTR> m_vRegisteredResourcesForReference;
      |                 ^~~~~~~~~~~~~~~~~~~~~
./src/NvEncoder/NvEncoder.h:442:38: error: template argument 1 is invalid
  442 |     std::vector<NV_ENC_REGISTERED_PTR> m_vRegisteredResourcesForReference;
      |                                      ^
./src/NvEncoder/NvEncoder.h:442:38: error: template argument 2 is invalid
./src/NvEncoder/NvEncoder.h:443:17: error: ‘NV_ENC_INPUT_PTR’ was not declared in this scope
  443 |     std::vector<NV_ENC_INPUT_PTR> m_vMappedInputBuffers;
      |                 ^~~~~~~~~~~~~~~~
./src/NvEncoder/NvEncoder.h:443:33: error: template argument 1 is invalid
  443 |     std::vector<NV_ENC_INPUT_PTR> m_vMappedInputBuffers;
      |                                 ^
./src/NvEncoder/NvEncoder.h:443:33: error: template argument 2 is invalid
./src/NvEncoder/NvEncoder.h:444:17: error: ‘NV_ENC_INPUT_PTR’ was not declared in this scope
  444 |     std::vector<NV_ENC_INPUT_PTR> m_vMappedRefBuffers;
      |                 ^~~~~~~~~~~~~~~~
./src/NvEncoder/NvEncoder.h:444:33: error: template argument 1 is invalid
  444 |     std::vector<NV_ENC_INPUT_PTR> m_vMappedRefBuffers;
      |                                 ^
./src/NvEncoder/NvEncoder.h:444:33: error: template argument 2 is invalid
./src/NvEncoder/NvEncoder.h:458:5: error: ‘NV_ENC_BUFFER_FORMAT’ does not name a type; did you mean ‘GL_TEXTURE_BUFFER_FORMAT’?
  458 |     NV_ENC_BUFFER_FORMAT m_eBufferFormat;
      |     ^~~~~~~~~~~~~~~~~~~~
      |     GL_TEXTURE_BUFFER_FORMAT
./src/NvEncoder/NvEncoder.h:460:5: error: ‘NV_ENC_DEVICE_TYPE’ does not name a type
  460 |     NV_ENC_DEVICE_TYPE m_eDeviceType;
      |     ^~~~~~~~~~~~~~~~~~
./src/NvEncoder/NvEncoder.h:461:5: error: ‘NV_ENC_CONFIG’ does not name a type
  461 |     NV_ENC_CONFIG m_encodeConfig = {};
      |     ^~~~~~~~~~~~~
./src/NvEncoder/NvEncoder.h:461:38: warning: extra ‘;’ [-Wpedantic]
  461 |     NV_ENC_CONFIG m_encodeConfig = {};
      |                                      ^
      |                                      -
./src/NvEncoder/NvEncoder.h:464:17: error: ‘NV_ENC_OUTPUT_PTR’ was not declared in this scope
  464 |     std::vector<NV_ENC_OUTPUT_PTR> m_vBitstreamOutputBuffer;
      |                 ^~~~~~~~~~~~~~~~~
./src/NvEncoder/NvEncoder.h:464:34: error: template argument 1 is invalid
  464 |     std::vector<NV_ENC_OUTPUT_PTR> m_vBitstreamOutputBuffer;
      |                                  ^
./src/NvEncoder/NvEncoder.h:464:34: error: template argument 2 is invalid
./src/NvEncoder/NvEncoder.h:465:17: error: ‘NV_ENC_OUTPUT_PTR’ was not declared in this scope
  465 |     std::vector<NV_ENC_OUTPUT_PTR> m_vMVDataOutputBuffer;
      |                 ^~~~~~~~~~~~~~~~~
./src/NvEncoder/NvEncoder.h:465:34: error: template argument 1 is invalid
  465 |     std::vector<NV_ENC_OUTPUT_PTR> m_vMVDataOutputBuffer;
      |                                  ^
./src/NvEncoder/NvEncoder.h:465:34: error: template argument 2 is invalid
./src/NvEncoder/NvEncoder.h:196:146: error: ‘NV_ENC_TUNING_INFO_UNDEFINED’ was not declared in this scope
  196 |     void CreateDefaultEncoderParams(NV_ENC_INITIALIZE_PARAMS* pIntializeParams, GUID codecGuid, GUID presetGuid, NV_ENC_TUNING_INFO tuningInfo = NV_ENC_TUNING_INFO_UNDEFINED);
      |                                                                                                                                                  ^~~~~~~~~~~~~~~~~~~~~~~~~~~~
./src/NvEncoder/NvEncoder.h: In member function ‘void* NvEncoder::GetCompletionEvent(uint32_t)’:
./src/NvEncoder/NvEncoder.h:329:86: warning: comparison of integer expressions of different signedness: ‘std::vector<void*>::size_type’ {aka ‘long unsigned int’} and ‘int32_t’ {aka ‘int’} [-Wsign-compare]
  329 |     void* GetCompletionEvent(uint32_t eventIdx) { return (m_vpCompletionEvent.size() == m_nEncoderBuffer) ? m_vpCompletionEvent[eventIdx] : nullptr; }
      |                                                           ~~~~~~~~~~~~~~~~~~~~~~~~~~~^~~~~~~~~~~~~~~~~~~
In file included from src/NvEncoder/NvEncoderGL.cpp:28:
./src/NvEncoder/NvEncoderGL.h: At global scope:
./src/NvEncoder/NvEncoderGL.h:41:52: error: ‘NV_ENC_BUFFER_FORMAT’ has not been declared
   41 |     NvEncoderGL(uint32_t nWidth, uint32_t nHeight, NV_ENC_BUFFER_FORMAT eBufferFormat,
      |                                                    ^~~~~~~~~~~~~~~~~~~~
src/NvEncoder/NvEncoderGL.cpp:30:61: error: ‘NV_ENC_BUFFER_FORMAT’ has not been declared
   30 | NvEncoderGL::NvEncoderGL(uint32_t nWidth, uint32_t nHeight, NV_ENC_BUFFER_FORMAT eBufferFormat,
      |                                                             ^~~~~~~~~~~~~~~~~~~~
src/NvEncoder/NvEncoderGL.cpp: In constructor ‘NvEncoderGL::NvEncoderGL(uint32_t, uint32_t, int, uint32_t, bool)’:
src/NvEncoder/NvEncoderGL.cpp:32:15: error: ‘NV_ENC_DEVICE_TYPE_OPENGL’ was not declared in this scope
   32 |     NvEncoder(NV_ENC_DEVICE_TYPE_OPENGL, nullptr, nWidth, nHeight, eBufferFormat,
      |               ^~~~~~~~~~~~~~~~~~~~~~~~~
In file included from ./src/NvEncoder/NvEncoderGL.h:29,
                 from src/NvEncoder/NvEncoderGL.cpp:28:
src/NvEncoder/NvEncoderGL.cpp: In member function ‘virtual void NvEncoderGL::AllocateInputBuffers(int32_t)’:
src/NvEncoder/NvEncoderGL.cpp:55:61: error: ‘NV_ENC_ERR_ENCODER_NOT_INITIALIZED’ was not declared in this scope
   55 |         NVENC_THROW_ERROR("Encoder device not initialized", NV_ENC_ERR_ENCODER_NOT_INITIALIZED);
      |                                                             ^~~~~~~~~~~~~~~~~~~~~~~~~~~~~~~~~~
./src/NvEncoder/NvEncoder.h:72:60: note: in definition of macro ‘NVENC_THROW_ERROR’
   72 |         throw NVENCException::makeNVENCException(errorStr, errorCode, __FUNCTION__, __FILE__, __LINE__); \
      |                                                            ^~~~~~~~~
src/NvEncoder/NvEncoderGL.cpp:64:13: error: ‘NV_ENC_INPUT_RESOURCE_OPENGL_TEX’ was not declared in this scope
   64 |             NV_ENC_INPUT_RESOURCE_OPENGL_TEX *pResource = new NV_ENC_INPUT_RESOURCE_OPENGL_TEX;
      |             ^~~~~~~~~~~~~~~~~~~~~~~~~~~~~~~~
src/NvEncoder/NvEncoderGL.cpp:64:47: error: ‘pResource’ was not declared in this scope; did you mean ‘MapResources’?
   64 |             NV_ENC_INPUT_RESOURCE_OPENGL_TEX *pResource = new NV_ENC_INPUT_RESOURCE_OPENGL_TEX;
      |                                               ^~~~~~~~~
      |                                               MapResources
src/NvEncoder/NvEncoderGL.cpp:64:63: error: ‘NV_ENC_INPUT_RESOURCE_OPENGL_TEX’ does not name a type
   64 |             NV_ENC_INPUT_RESOURCE_OPENGL_TEX *pResource = new NV_ENC_INPUT_RESOURCE_OPENGL_TEX;
      |                                                               ^~~~~~~~~~~~~~~~~~~~~~~~~~~~~~~~
src/NvEncoder/NvEncoderGL.cpp:70:56: error: ‘GetPixelFormat’ was not declared in this scope
   70 |             uint32_t chromaHeight = GetNumChromaPlanes(GetPixelFormat()) * GetChromaHeight(GetPixelFormat(), GetMaxEncodeHeight());
      |                                                        ^~~~~~~~~~~~~~
src/NvEncoder/NvEncoderGL.cpp:71:37: error: ‘NV_ENC_BUFFER_FORMAT_YV12’ was not declared in this scope
   71 |             if (GetPixelFormat() == NV_ENC_BUFFER_FORMAT_YV12 || GetPixelFormat() == NV_ENC_BUFFER_FORMAT_IYUV)
      |                                     ^~~~~~~~~~~~~~~~~~~~~~~~~
src/NvEncoder/NvEncoderGL.cpp:71:86: error: ‘NV_ENC_BUFFER_FORMAT_IYUV’ was not declared in this scope
   71 |             if (GetPixelFormat() == NV_ENC_BUFFER_FORMAT_YV12 || GetPixelFormat() == NV_ENC_BUFFER_FORMAT_IYUV)
      |                                                                                      ^~~~~~~~~~~~~~~~~~~~~~~~~
src/NvEncoder/NvEncoderGL.cpp:85:45: error: ‘NV_ENC_INPUT_RESOURCE_TYPE_OPENGL_TEX’ was not declared in this scope
   85 |         RegisterInputResources(inputFrames, NV_ENC_INPUT_RESOURCE_TYPE_OPENGL_TEX,
      |                                             ^~~~~~~~~~~~~~~~~~~~~~~~~~~~~~~~~~~~~
src/NvEncoder/NvEncoderGL.cpp:88:29: error: ‘GetPixelFormat’ was not declared in this scope
   88 |             GetWidthInBytes(GetPixelFormat(), GetMaxEncodeWidth()),
      |                             ^~~~~~~~~~~~~~
src/NvEncoder/NvEncoderGL.cpp: In member function ‘void NvEncoderGL::ReleaseGLResources()’:
src/NvEncoder/NvEncoderGL.cpp:102:23: warning: comparison of integer expressions of different signedness: ‘int’ and ‘std::vector<NvEncInputFrame>::size_type’ {aka ‘long unsigned int’} [-Wsign-compare]
  102 |     for (int i = 0; i < m_vInputFrames.size(); ++i)
      |                     ~~^~~~~~~~~~~~~~~~~~~~~~~
src/NvEncoder/NvEncoderGL.cpp:106:13: error: ‘NV_ENC_INPUT_RESOURCE_OPENGL_TEX’ was not declared in this scope
  106 |             NV_ENC_INPUT_RESOURCE_OPENGL_TEX *pResource = (NV_ENC_INPUT_RESOURCE_OPENGL_TEX *)m_vInputFrames[i].inputPtr;
      |             ^~~~~~~~~~~~~~~~~~~~~~~~~~~~~~~~
src/NvEncoder/NvEncoderGL.cpp:106:47: error: ‘pResource’ was not declared in this scope; did you mean ‘MapResources’?
  106 |             NV_ENC_INPUT_RESOURCE_OPENGL_TEX *pResource = (NV_ENC_INPUT_RESOURCE_OPENGL_TEX *)m_vInputFrames[i].inputPtr;
      |                                               ^~~~~~~~~
      |                                               MapResources
src/NvEncoder/NvEncoderGL.cpp:106:94: error: expected primary-expression before ‘)’ token
  106 |             NV_ENC_INPUT_RESOURCE_OPENGL_TEX *pResource = (NV_ENC_INPUT_RESOURCE_OPENGL_TEX *)m_vInputFrames[i].inputPtr;
      |                                                                                              ^
src/NvEncoder/NvEncoderGL.cpp:110:24: error: type ‘<type error>’ argument given to ‘delete’, expected pointer
  110 |                 delete pResource;
      |                        ^~~~~~~~~
src/NvEncoder/NvEncoderGL.cpp:116:23: warning: comparison of integer expressions of different signedness: ‘int’ and ‘std::vector<NvEncInputFrame>::size_type’ {aka ‘long unsigned int’} [-Wsign-compare]
  116 |     for (int i = 0; i < m_vReferenceFrames.size(); ++i)
      |                     ~~^~~~~~~~~~~~~~~~~~~~~~~~~~~
src/NvEncoder/NvEncoderGL.cpp:120:13: error: ‘NV_ENC_INPUT_RESOURCE_OPENGL_TEX’ was not declared in this scope
  120 |             NV_ENC_INPUT_RESOURCE_OPENGL_TEX *pResource = (NV_ENC_INPUT_RESOURCE_OPENGL_TEX *)m_vReferenceFrames[i].inputPtr;
      |             ^~~~~~~~~~~~~~~~~~~~~~~~~~~~~~~~
src/NvEncoder/NvEncoderGL.cpp:120:47: error: ‘pResource’ was not declared in this scope; did you mean ‘MapResources’?
  120 |             NV_ENC_INPUT_RESOURCE_OPENGL_TEX *pResource = (NV_ENC_INPUT_RESOURCE_OPENGL_TEX *)m_vReferenceFrames[i].inputPtr;
      |                                               ^~~~~~~~~
      |                                               MapResources
src/NvEncoder/NvEncoderGL.cpp:120:94: error: expected primary-expression before ‘)’ token
  120 |             NV_ENC_INPUT_RESOURCE_OPENGL_TEX *pResource = (NV_ENC_INPUT_RESOURCE_OPENGL_TEX *)m_vReferenceFrames[i].inputPtr;
      |                                                                                              ^
src/NvEncoder/NvEncoderGL.cpp:124:24: error: type ‘<type error>’ argument given to ‘delete’, expected pointer
  124 |                 delete pResource;
      |                        ^~~~~~~~~
In file included from ./src/NvEncoder/NvCodecUtils.h:42,
                 from ./src/NvEncoder/NvEncoder.h:38,
                 from ./src/NvEncoder/NvEncoderCuda.h:34,
                 from ./src/NvEncoder/NvEncoderOutputInVidMemCuda.h:38,
                 from src/NvEncoder/NvEncoderOutputInVidMemCuda.cpp:28:
./src/NvEncoder/Logger.h: In constructor ‘simplelogger::LoggerFactory::UdpLogger::UdpOstream::UdpOstream(char*, short unsigned int)’:
./src/NvEncoder/Logger.h:169:68: warning: missing initializer for member ‘sockaddr_in::sin_zero’ [-Wmissing-field-initializers]
  169 |                 struct sockaddr_in s = {AF_INET, htons(uPort), addr};
      |                                                                    ^
In file included from ./src/NvEncoder/NvEncoder.h:38,
                 from ./src/NvEncoder/NvEncoderCuda.h:34,
                 from ./src/NvEncoder/NvEncoderOutputInVidMemCuda.h:38,
                 from src/NvEncoder/NvEncoderOutputInVidMemCuda.cpp:28:
./src/NvEncoder/NvCodecUtils.h: In constructor ‘BufferedFileReader::BufferedFileReader(const char*, bool)’:
./src/NvEncoder/NvCodecUtils.h:213:27: warning: comparison of integer expressions of different signedness: ‘uint64_t’ {aka ‘long unsigned int’} and ‘__off_t’ {aka ‘long int’} [-Wsign-compare]
  213 |                 if (nSize != st.st_size) {
      |                     ~~~~~~^~~~~~~~~~~~~
In file included from ./src/NvEncoder/NvEncoder.h:38,
                 from ./src/NvEncoder/NvEncoderCuda.h:34,
                 from ./src/NvEncoder/NvEncoderOutputInVidMemCuda.h:38,
                 from src/NvEncoder/NvEncoderOutputInVidMemCuda.cpp:28:
./src/NvEncoder/NvCodecUtils.h:217:26: warning: catching polymorphic type ‘class std::bad_alloc’ by value [-Wcatch-value=]
  217 |             } catch(std::bad_alloc) {
      |                          ^~~~~~~~~
In file included from ./src/NvEncoder/NvCodecUtils.h:39,
                 from ./src/NvEncoder/NvEncoder.h:38,
                 from ./src/NvEncoder/NvEncoderCuda.h:34,
                 from ./src/NvEncoder/NvEncoderOutputInVidMemCuda.h:38,
                 from src/NvEncoder/NvEncoderOutputInVidMemCuda.cpp:28:
./src/NvEncoder/NvCodecUtils.h:236:22: warning: comparison of integer expressions of different signedness: ‘std::streamsize’ {aka ‘long int’} and ‘uint64_t’ {aka ‘long unsigned int’} [-Wsign-compare]
  236 |         assert(nRead == nSize);
      |                ~~~~~~^~~~~~~~
In file included from ./src/NvEncoder/NvEncoderCuda.h:34,
                 from ./src/NvEncoder/NvEncoderOutputInVidMemCuda.h:38,
                 from src/NvEncoder/NvEncoderOutputInVidMemCuda.cpp:28:
./src/NvEncoder/NvEncoder.h: At global scope:
./src/NvEncoder/NvEncoder.h:46:55: error: ‘NVENCSTATUS’ does not name a type
   46 |     NVENCException(const std::string& errorStr, const NVENCSTATUS errorCode)
      |                                                       ^~~~~~~~~~~
./src/NvEncoder/NvEncoder.h:51:5: error: ‘NVENCSTATUS’ does not name a type
   51 |     NVENCSTATUS  getErrorCode() const { return m_errorCode; }
      |     ^~~~~~~~~~~
./src/NvEncoder/NvEncoder.h:53:81: error: ‘NVENCSTATUS’ does not name a type
   53 |     static NVENCException makeNVENCException(const std::string& errorStr, const NVENCSTATUS errorCode,
      |                                                                                 ^~~~~~~~~~~
./src/NvEncoder/NvEncoder.h:57:5: error: ‘NVENCSTATUS’ does not name a type
   57 |     NVENCSTATUS m_errorCode;
      |     ^~~~~~~~~~~
./src/NvEncoder/NvEncoder.h: In constructor ‘NVENCException::NVENCException(const string&, int)’:
./src/NvEncoder/NvEncoder.h:47:36: error: class ‘NVENCException’ does not have any field named ‘m_errorCode’
   47 |         : m_errorString(errorStr), m_errorCode(errorCode) {}
      |                                    ^~~~~~~~~~~
./src/NvEncoder/NvEncoder.h: At global scope:
./src/NvEncoder/NvEncoder.h:60:93: error: ‘NVENCSTATUS’ does not name a type
   60 | inline NVENCException NVENCException::makeNVENCException(const std::string& errorStr, const NVENCSTATUS errorCode, const std::string& functionName,
      |                                                                                             ^~~~~~~~~~~
In file included from ./src/NvEncoder/NvEncoderCuda.h:34,
                 from ./src/NvEncoder/NvEncoderOutputInVidMemCuda.h:38,
                 from src/NvEncoder/NvEncoderOutputInVidMemCuda.cpp:28:
./src/NvEncoder/NvEncoder.h:95:5: error: ‘NV_ENC_BUFFER_FORMAT’ does not name a type
   95 |     NV_ENC_BUFFER_FORMAT bufferFormat;
      |     ^~~~~~~~~~~~~~~~~~~~
./src/NvEncoder/NvEncoder.h:96:5: error: ‘NV_ENC_INPUT_RESOURCE_TYPE’ does not name a type
   96 |     NV_ENC_INPUT_RESOURCE_TYPE resourceType;
      |     ^~~~~~~~~~~~~~~~~~~~~~~~~~
./src/NvEncoder/NvEncoder.h:110:38: error: ‘NV_ENC_INITIALIZE_PARAMS’ does not name a type
  110 |     virtual void CreateEncoder(const NV_ENC_INITIALIZE_PARAMS* pEncodeParams);
      |                                      ^~~~~~~~~~~~~~~~~~~~~~~~
./src/NvEncoder/NvEncoder.h:126:28: error: ‘NV_ENC_RECONFIGURE_PARAMS’ does not name a type
  126 |     bool Reconfigure(const NV_ENC_RECONFIGURE_PARAMS *pReconfigureParams);
      |                            ^~~~~~~~~~~~~~~~~~~~~~~~~
./src/NvEncoder/NvEncoder.h:143:74: error: ‘NV_ENC_PIC_PARAMS’ has not been declared
  143 |     virtual void EncodeFrame(std::vector<std::vector<uint8_t>> &vPacket, NV_ENC_PIC_PARAMS *pPicParams = nullptr);
      |                                                                          ^~~~~~~~~~~~~~~~~
./src/NvEncoder/NvEncoder.h:159:28: error: ‘GUID’ has not been declared
  159 |     int GetCapabilityValue(GUID guidCodec, NV_ENC_CAPS capsToQuery);
      |                            ^~~~
./src/NvEncoder/NvEncoder.h:159:44: error: ‘NV_ENC_CAPS’ has not been declared
  159 |     int GetCapabilityValue(GUID guidCodec, NV_ENC_CAPS capsToQuery);
      |                                            ^~~~~~~~~~~
./src/NvEncoder/NvEncoder.h:169:5: error: ‘NV_ENC_DEVICE_TYPE’ does not name a type
  169 |     NV_ENC_DEVICE_TYPE GetDeviceType() const { return m_eDeviceType; }
      |     ^~~~~~~~~~~~~~~~~~
./src/NvEncoder/NvEncoder.h:196:37: error: ‘NV_ENC_INITIALIZE_PARAMS’ has not been declared
  196 |     void CreateDefaultEncoderParams(NV_ENC_INITIALIZE_PARAMS* pIntializeParams, GUID codecGuid, GUID presetGuid, NV_ENC_TUNING_INFO tuningInfo = NV_ENC_TUNING_INFO_UNDEFINED);
      |                                     ^~~~~~~~~~~~~~~~~~~~~~~~
./src/NvEncoder/NvEncoder.h:196:81: error: ‘GUID’ has not been declared
  196 |     void CreateDefaultEncoderParams(NV_ENC_INITIALIZE_PARAMS* pIntializeParams, GUID codecGuid, GUID presetGuid, NV_ENC_TUNING_INFO tuningInfo = NV_ENC_TUNING_INFO_UNDEFINED);
      |                                                                                 ^~~~
./src/NvEncoder/NvEncoder.h:196:97: error: ‘GUID’ has not been declared
  196 |     void CreateDefaultEncoderParams(NV_ENC_INITIALIZE_PARAMS* pIntializeParams, GUID codecGuid, GUID presetGuid, NV_ENC_TUNING_INFO tuningInfo = NV_ENC_TUNING_INFO_UNDEFINED);
      |                                                                                                 ^~~~
./src/NvEncoder/NvEncoder.h:196:114: error: ‘NV_ENC_TUNING_INFO’ has not been declared
  196 |     void CreateDefaultEncoderParams(NV_ENC_INITIALIZE_PARAMS* pIntializeParams, GUID codecGuid, GUID presetGuid, NV_ENC_TUNING_INFO tuningInfo = NV_ENC_TUNING_INFO_UNDEFINED);
      |                                                                                                                  ^~~~~~~~~~~~~~~~~~
./src/NvEncoder/NvEncoder.h:204:30: error: ‘NV_ENC_INITIALIZE_PARAMS’ has not been declared
  204 |     void GetInitializeParams(NV_ENC_INITIALIZE_PARAMS *pInitializeParams);
      |                              ^~~~~~~~~~~~~~~~~~~~~~~~
./src/NvEncoder/NvEncoder.h:240:48: error: ‘NV_ENC_BUFFER_FORMAT’ does not name a type
  240 |     static void GetChromaSubPlaneOffsets(const NV_ENC_BUFFER_FORMAT bufferFormat, const uint32_t pitch,
      |                                                ^~~~~~~~~~~~~~~~~~~~
./src/NvEncoder/NvEncoder.h:245:42: error: ‘NV_ENC_BUFFER_FORMAT’ does not name a type
  245 |     static uint32_t GetChromaPitch(const NV_ENC_BUFFER_FORMAT bufferFormat, const uint32_t lumaPitch);
      |                                          ^~~~~~~~~~~~~~~~~~~~
./src/NvEncoder/NvEncoder.h:250:46: error: ‘NV_ENC_BUFFER_FORMAT’ does not name a type
  250 |     static uint32_t GetNumChromaPlanes(const NV_ENC_BUFFER_FORMAT bufferFormat);
      |                                              ^~~~~~~~~~~~~~~~~~~~
./src/NvEncoder/NvEncoder.h:255:49: error: ‘NV_ENC_BUFFER_FORMAT’ does not name a type
  255 |     static uint32_t GetChromaWidthInBytes(const NV_ENC_BUFFER_FORMAT bufferFormat, const uint32_t lumaWidth);
      |                                                 ^~~~~~~~~~~~~~~~~~~~
./src/NvEncoder/NvEncoder.h:260:43: error: ‘NV_ENC_BUFFER_FORMAT’ does not name a type
  260 |     static uint32_t GetChromaHeight(const NV_ENC_BUFFER_FORMAT bufferFormat, const uint32_t lumaHeight);
      |                                           ^~~~~~~~~~~~~~~~~~~~
./src/NvEncoder/NvEncoder.h:267:43: error: ‘NV_ENC_BUFFER_FORMAT’ does not name a type
  267 |     static uint32_t GetWidthInBytes(const NV_ENC_BUFFER_FORMAT bufferFormat, const uint32_t width);
      |                                           ^~~~~~~~~~~~~~~~~~~~
./src/NvEncoder/NvEncoder.h:277:5: error: ‘NV_ENC_INITIALIZE_PARAMS’ does not name a type
  277 |     NV_ENC_INITIALIZE_PARAMS GetinitializeParams() const { return m_initializeParams; }
      |     ^~~~~~~~~~~~~~~~~~~~~~~~
./src/NvEncoder/NvEncoder.h:284:33: error: expected ‘)’ before ‘eDeviceType’
  284 |     NvEncoder(NV_ENC_DEVICE_TYPE eDeviceType, void *pDevice, uint32_t nWidth, uint32_t nHeight,
      |              ~                  ^~~~~~~~~~~~
      |                                 )
./src/NvEncoder/NvEncoder.h:298:65: error: ‘NV_ENC_INPUT_RESOURCE_TYPE’ has not been declared
  298 |     void RegisterInputResources(std::vector<void*> inputframes, NV_ENC_INPUT_RESOURCE_TYPE eResourceType,
      |                                                                 ^~~~~~~~~~~~~~~~~~~~~~~~~~
./src/NvEncoder/NvEncoder.h:299:43: error: ‘NV_ENC_BUFFER_FORMAT’ has not been declared
  299 |         int width, int height, int pitch, NV_ENC_BUFFER_FORMAT bufferFormat, bool bReferenceFrame = false);
      |                                           ^~~~~~~~~~~~~~~~~~~~
./src/NvEncoder/NvEncoder.h:310:5: error: ‘NV_ENC_REGISTERED_PTR’ does not name a type
  310 |     NV_ENC_REGISTERED_PTR RegisterResource(void *pBuffer, NV_ENC_INPUT_RESOURCE_TYPE eResourceType,
      |     ^~~~~~~~~~~~~~~~~~~~~
./src/NvEncoder/NvEncoder.h:334:5: error: ‘NV_ENC_BUFFER_FORMAT’ does not name a type
  334 |     NV_ENC_BUFFER_FORMAT GetPixelFormat() const { return m_eBufferFormat; }
      |     ^~~~~~~~~~~~~~~~~~~~
./src/NvEncoder/NvEncoder.h:340:5: error: ‘NVENCSTATUS’ does not name a type
  340 |     NVENCSTATUS DoEncode(NV_ENC_INPUT_PTR inputBuffer, NV_ENC_OUTPUT_PTR outputBuffer, NV_ENC_PIC_PARAMS *pPicParams);
      |     ^~~~~~~~~~~
./src/NvEncoder/NvEncoder.h:346:5: error: ‘NVENCSTATUS’ does not name a type
  346 |     NVENCSTATUS DoMotionEstimation(NV_ENC_INPUT_PTR inputBuffer, NV_ENC_INPUT_PTR inputBufferForReference, NV_ENC_OUTPUT_PTR outputBuffer);
      |     ^~~~~~~~~~~
./src/NvEncoder/NvEncoder.h:383:39: error: ‘NV_ENC_OUTPUT_PTR’ was not declared in this scope
  383 |     void GetEncodedPacket(std::vector<NV_ENC_OUTPUT_PTR> &vOutputBuffer, std::vector<std::vector<uint8_t>> &vPacket, bool bOutputDelay);
      |                                       ^~~~~~~~~~~~~~~~~
./src/NvEncoder/NvEncoder.h:383:56: error: template argument 1 is invalid
  383 |     void GetEncodedPacket(std::vector<NV_ENC_OUTPUT_PTR> &vOutputBuffer, std::vector<std::vector<uint8_t>> &vPacket, bool bOutputDelay);
      |                                                        ^
./src/NvEncoder/NvEncoder.h:383:56: error: template argument 2 is invalid
./src/NvEncoder/NvEncoder.h:437:5: error: ‘NV_ENCODE_API_FUNCTION_LIST’ does not name a type
  437 |     NV_ENCODE_API_FUNCTION_LIST m_nvenc;
      |     ^~~~~~~~~~~~~~~~~~~~~~~~~~~
./src/NvEncoder/NvEncoder.h:438:5: error: ‘NV_ENC_INITIALIZE_PARAMS’ does not name a type
  438 |     NV_ENC_INITIALIZE_PARAMS m_initializeParams = {};
      |     ^~~~~~~~~~~~~~~~~~~~~~~~
./src/NvEncoder/NvEncoder.h:438:53: warning: extra ‘;’ [-Wpedantic]
  438 |     NV_ENC_INITIALIZE_PARAMS m_initializeParams = {};
      |                                                     ^
      |                                                     -
./src/NvEncoder/NvEncoder.h:440:17: error: ‘NV_ENC_REGISTERED_PTR’ was not declared in this scope
  440 |     std::vector<NV_ENC_REGISTERED_PTR> m_vRegisteredResources;
      |                 ^~~~~~~~~~~~~~~~~~~~~
./src/NvEncoder/NvEncoder.h:440:38: error: template argument 1 is invalid
  440 |     std::vector<NV_ENC_REGISTERED_PTR> m_vRegisteredResources;
      |                                      ^
./src/NvEncoder/NvEncoder.h:440:38: error: template argument 2 is invalid
./src/NvEncoder/NvEncoder.h:442:17: error: ‘NV_ENC_REGISTERED_PTR’ was not declared in this scope
  442 |     std::vector<NV_ENC_REGISTERED_PTR> m_vRegisteredResourcesForReference;
      |                 ^~~~~~~~~~~~~~~~~~~~~
./src/NvEncoder/NvEncoder.h:442:38: error: template argument 1 is invalid
  442 |     std::vector<NV_ENC_REGISTERED_PTR> m_vRegisteredResourcesForReference;
      |                                      ^
./src/NvEncoder/NvEncoder.h:442:38: error: template argument 2 is invalid
./src/NvEncoder/NvEncoder.h:443:17: error: ‘NV_ENC_INPUT_PTR’ was not declared in this scope
  443 |     std::vector<NV_ENC_INPUT_PTR> m_vMappedInputBuffers;
      |                 ^~~~~~~~~~~~~~~~
./src/NvEncoder/NvEncoder.h:443:33: error: template argument 1 is invalid
  443 |     std::vector<NV_ENC_INPUT_PTR> m_vMappedInputBuffers;
      |                                 ^
./src/NvEncoder/NvEncoder.h:443:33: error: template argument 2 is invalid
./src/NvEncoder/NvEncoder.h:444:17: error: ‘NV_ENC_INPUT_PTR’ was not declared in this scope
  444 |     std::vector<NV_ENC_INPUT_PTR> m_vMappedRefBuffers;
      |                 ^~~~~~~~~~~~~~~~
./src/NvEncoder/NvEncoder.h:444:33: error: template argument 1 is invalid
  444 |     std::vector<NV_ENC_INPUT_PTR> m_vMappedRefBuffers;
      |                                 ^
./src/NvEncoder/NvEncoder.h:444:33: error: template argument 2 is invalid
./src/NvEncoder/NvEncoder.h:458:5: error: ‘NV_ENC_BUFFER_FORMAT’ does not name a type
  458 |     NV_ENC_BUFFER_FORMAT m_eBufferFormat;
      |     ^~~~~~~~~~~~~~~~~~~~
./src/NvEncoder/NvEncoder.h:460:5: error: ‘NV_ENC_DEVICE_TYPE’ does not name a type
  460 |     NV_ENC_DEVICE_TYPE m_eDeviceType;
      |     ^~~~~~~~~~~~~~~~~~
./src/NvEncoder/NvEncoder.h:461:5: error: ‘NV_ENC_CONFIG’ does not name a type
  461 |     NV_ENC_CONFIG m_encodeConfig = {};
      |     ^~~~~~~~~~~~~
./src/NvEncoder/NvEncoder.h:461:38: warning: extra ‘;’ [-Wpedantic]
  461 |     NV_ENC_CONFIG m_encodeConfig = {};
      |                                      ^
      |                                      -
./src/NvEncoder/NvEncoder.h:464:17: error: ‘NV_ENC_OUTPUT_PTR’ was not declared in this scope
  464 |     std::vector<NV_ENC_OUTPUT_PTR> m_vBitstreamOutputBuffer;
      |                 ^~~~~~~~~~~~~~~~~
./src/NvEncoder/NvEncoder.h:464:34: error: template argument 1 is invalid
  464 |     std::vector<NV_ENC_OUTPUT_PTR> m_vBitstreamOutputBuffer;
      |                                  ^
./src/NvEncoder/NvEncoder.h:464:34: error: template argument 2 is invalid
./src/NvEncoder/NvEncoder.h:465:17: error: ‘NV_ENC_OUTPUT_PTR’ was not declared in this scope
  465 |     std::vector<NV_ENC_OUTPUT_PTR> m_vMVDataOutputBuffer;
      |                 ^~~~~~~~~~~~~~~~~
./src/NvEncoder/NvEncoder.h:465:34: error: template argument 1 is invalid
  465 |     std::vector<NV_ENC_OUTPUT_PTR> m_vMVDataOutputBuffer;
      |                                  ^
./src/NvEncoder/NvEncoder.h:465:34: error: template argument 2 is invalid
./src/NvEncoder/NvEncoder.h:196:146: error: ‘NV_ENC_TUNING_INFO_UNDEFINED’ was not declared in this scope
  196 |     void CreateDefaultEncoderParams(NV_ENC_INITIALIZE_PARAMS* pIntializeParams, GUID codecGuid, GUID presetGuid, NV_ENC_TUNING_INFO tuningInfo = NV_ENC_TUNING_INFO_UNDEFINED);
      |                                                                                                                                                  ^~~~~~~~~~~~~~~~~~~~~~~~~~~~
./src/NvEncoder/NvEncoder.h: In member function ‘void* NvEncoder::GetCompletionEvent(uint32_t)’:
./src/NvEncoder/NvEncoder.h:329:86: warning: comparison of integer expressions of different signedness: ‘std::vector<void*>::size_type’ {aka ‘long unsigned int’} and ‘int32_t’ {aka ‘int’} [-Wsign-compare]
  329 |     void* GetCompletionEvent(uint32_t eventIdx) { return (m_vpCompletionEvent.size() == m_nEncoderBuffer) ? m_vpCompletionEvent[eventIdx] : nullptr; }
      |                                                           ~~~~~~~~~~~~~~~~~~~~~~~~~~~^~~~~~~~~~~~~~~~~~~
In file included from ./src/NvEncoder/NvEncoderOutputInVidMemCuda.h:38,
                 from src/NvEncoder/NvEncoderOutputInVidMemCuda.cpp:28:
./src/NvEncoder/NvEncoderCuda.h: At global scope:
./src/NvEncoder/NvEncoderCuda.h:57:75: error: ‘NV_ENC_BUFFER_FORMAT’ has not been declared
   57 |     NvEncoderCuda(CUcontext cuContext, uint32_t nWidth, uint32_t nHeight, NV_ENC_BUFFER_FORMAT eBufferFormat,
      |                                                                           ^~~~~~~~~~~~~~~~~~~~
In file included from ./src/NvEncoder/NvEncoderOutputInVidMemCuda.h:38,
                 from src/NvEncoder/NvEncoderOutputInVidMemCuda.cpp:28:
./src/NvEncoder/NvEncoderCuda.h:73:9: error: ‘NV_ENC_BUFFER_FORMAT’ has not been declared
   73 |         NV_ENC_BUFFER_FORMAT pixelFormat,
      |         ^~~~~~~~~~~~~~~~~~~~
./src/NvEncoder/NvEncoderCuda.h:91:9: error: ‘NV_ENC_BUFFER_FORMAT’ has not been declared
   91 |         NV_ENC_BUFFER_FORMAT pixelFormat,
      |         ^~~~~~~~~~~~~~~~~~~~
./src/NvEncoder/NvEncoderCuda.h:100:27: error: ‘NV_ENC_CUSTREAM_PTR’ has not been declared
  100 |     void SetIOCudaStreams(NV_ENC_CUSTREAM_PTR inputStream, NV_ENC_CUSTREAM_PTR outputStream);
      |                           ^~~~~~~~~~~~~~~~~~~
./src/NvEncoder/NvEncoderCuda.h:100:60: error: ‘NV_ENC_CUSTREAM_PTR’ has not been declared
  100 |     void SetIOCudaStreams(NV_ENC_CUSTREAM_PTR inputStream, NV_ENC_CUSTREAM_PTR outputStream);
      |                                                            ^~~~~~~~~~~~~~~~~~~
In file included from src/NvEncoder/NvEncoderOutputInVidMemCuda.cpp:28:
./src/NvEncoder/NvEncoderOutputInVidMemCuda.h:52:89: error: ‘NV_ENC_BUFFER_FORMAT’ has not been declared
   52 |     NvEncoderOutputInVidMemCuda(CUcontext cuContext, uint32_t nWidth, uint32_t nHeight, NV_ENC_BUFFER_FORMAT eBufferFormat,
      |                                                                                         ^~~~~~~~~~~~~~~~~~~~
./src/NvEncoder/NvEncoderOutputInVidMemCuda.h:65:30: error: ‘NV_ENC_INITIALIZE_PARAMS’ does not name a type
   65 |     void CreateEncoder(const NV_ENC_INITIALIZE_PARAMS* pEncoderParams);
      |                              ^~~~~~~~~~~~~~~~~~~~~~~~
./src/NvEncoder/NvEncoderOutputInVidMemCuda.h:76:34: error: ‘NV_ENC_OUTPUT_PTR’ was not declared in this scope
   76 |     void EncodeFrame(std::vector<NV_ENC_OUTPUT_PTR> &pOutputBuffer, NV_ENC_PIC_PARAMS *pPicParams = nullptr);
      |                                  ^~~~~~~~~~~~~~~~~
./src/NvEncoder/NvEncoderOutputInVidMemCuda.h:76:51: error: template argument 1 is invalid
   76 |     void EncodeFrame(std::vector<NV_ENC_OUTPUT_PTR> &pOutputBuffer, NV_ENC_PIC_PARAMS *pPicParams = nullptr);
      |                                                   ^
./src/NvEncoder/NvEncoderOutputInVidMemCuda.h:76:51: error: template argument 2 is invalid
./src/NvEncoder/NvEncoderOutputInVidMemCuda.h:76:69: error: ‘NV_ENC_PIC_PARAMS’ has not been declared
   76 |     void EncodeFrame(std::vector<NV_ENC_OUTPUT_PTR> &pOutputBuffer, NV_ENC_PIC_PARAMS *pPicParams = nullptr);
      |                                                                     ^~~~~~~~~~~~~~~~~
./src/NvEncoder/NvEncoderOutputInVidMemCuda.h:86:32: error: ‘NV_ENC_OUTPUT_PTR’ was not declared in this scope
   86 |     void EndEncode(std::vector<NV_ENC_OUTPUT_PTR> &pOutputBuffer);
      |                                ^~~~~~~~~~~~~~~~~
./src/NvEncoder/NvEncoderOutputInVidMemCuda.h:86:49: error: template argument 1 is invalid
   86 |     void EndEncode(std::vector<NV_ENC_OUTPUT_PTR> &pOutputBuffer);
      |                                                 ^
./src/NvEncoder/NvEncoderOutputInVidMemCuda.h:86:49: error: template argument 2 is invalid
./src/NvEncoder/NvEncoderOutputInVidMemCuda.h:98:42: error: ‘NV_ENC_OUTPUT_PTR’ was not declared in this scope
   98 |     void RunMotionEstimation(std::vector<NV_ENC_OUTPUT_PTR> &pOutputBuffer);
      |                                          ^~~~~~~~~~~~~~~~~
./src/NvEncoder/NvEncoderOutputInVidMemCuda.h:98:59: error: template argument 1 is invalid
   98 |     void RunMotionEstimation(std::vector<NV_ENC_OUTPUT_PTR> &pOutputBuffer);
      |                                                           ^
./src/NvEncoder/NvEncoderOutputInVidMemCuda.h:98:59: error: template argument 2 is invalid
./src/NvEncoder/NvEncoderOutputInVidMemCuda.h:149:39: error: ‘NV_ENC_OUTPUT_PTR’ was not declared in this scope
  149 |     void GetEncodedPacket(std::vector<NV_ENC_OUTPUT_PTR> &pOutputBuffer, bool bOutputDelay);
      |                                       ^~~~~~~~~~~~~~~~~
./src/NvEncoder/NvEncoderOutputInVidMemCuda.h:149:56: error: template argument 1 is invalid
  149 |     void GetEncodedPacket(std::vector<NV_ENC_OUTPUT_PTR> &pOutputBuffer, bool bOutputDelay);
      |                                                        ^
./src/NvEncoder/NvEncoderOutputInVidMemCuda.h:149:56: error: template argument 2 is invalid
./src/NvEncoder/NvEncoderOutputInVidMemCuda.h:157:17: error: ‘NV_ENC_OUTPUT_PTR’ was not declared in this scope
  157 |     std::vector<NV_ENC_OUTPUT_PTR> m_vMappedOutputBuffers;
      |                 ^~~~~~~~~~~~~~~~~
./src/NvEncoder/NvEncoderOutputInVidMemCuda.h:157:34: error: template argument 1 is invalid
  157 |     std::vector<NV_ENC_OUTPUT_PTR> m_vMappedOutputBuffers;
      |                                  ^
./src/NvEncoder/NvEncoderOutputInVidMemCuda.h:157:34: error: template argument 2 is invalid
./src/NvEncoder/NvEncoderOutputInVidMemCuda.h:158:17: error: ‘NV_ENC_OUTPUT_PTR’ was not declared in this scope
  158 |     std::vector<NV_ENC_OUTPUT_PTR> m_pOutputBuffers;
      |                 ^~~~~~~~~~~~~~~~~
./src/NvEncoder/NvEncoderOutputInVidMemCuda.h:158:34: error: template argument 1 is invalid
  158 |     std::vector<NV_ENC_OUTPUT_PTR> m_pOutputBuffers;
      |                                  ^
./src/NvEncoder/NvEncoderOutputInVidMemCuda.h:158:34: error: template argument 2 is invalid
./src/NvEncoder/NvEncoderOutputInVidMemCuda.h:159:17: error: ‘NV_ENC_REGISTERED_PTR’ was not declared in this scope
  159 |     std::vector<NV_ENC_REGISTERED_PTR> m_vRegisteredResourcesOutputBuffer;
      |                 ^~~~~~~~~~~~~~~~~~~~~
./src/NvEncoder/NvEncoderOutputInVidMemCuda.h:159:38: error: template argument 1 is invalid
  159 |     std::vector<NV_ENC_REGISTERED_PTR> m_vRegisteredResourcesOutputBuffer;
      |                                      ^
./src/NvEncoder/NvEncoderOutputInVidMemCuda.h:159:38: error: template argument 2 is invalid
src/NvEncoder/NvEncoderOutputInVidMemCuda.cpp:32:40: error: ‘NV_ENC_BUFFER_FORMAT’ has not been declared
   32 |     uint32_t nWidth, uint32_t nHeight, NV_ENC_BUFFER_FORMAT eBufferFormat,
      |                                        ^~~~~~~~~~~~~~~~~~~~
src/NvEncoder/NvEncoderOutputInVidMemCuda.cpp: In member function ‘uint32_t NvEncoderOutputInVidMemCuda::GetOutputBufferSize()’:
src/NvEncoder/NvEncoderOutputInVidMemCuda.cpp:60:68: error: ‘NV_ENC_H264_MV_DATA’ was not declared in this scope
   60 |         bufferSize = encodeWidthInMbs * encodeHeightInMbs * sizeof(NV_ENC_H264_MV_DATA);
      |                                                                    ^~~~~~~~~~~~~~~~~~~
src/NvEncoder/NvEncoderOutputInVidMemCuda.cpp:67:30: error: ‘NV_ENC_ENCODE_OUT_PARAMS’ was not declared in this scope
   67 |         bufferSize += sizeof(NV_ENC_ENCODE_OUT_PARAMS);
      |                              ^~~~~~~~~~~~~~~~~~~~~~~~
In file included from ./src/NvEncoder/NvEncoderOutputInVidMemCuda.h:38,
                 from src/NvEncoder/NvEncoderOutputInVidMemCuda.cpp:28:
src/NvEncoder/NvEncoderOutputInVidMemCuda.cpp: In member function ‘void NvEncoderOutputInVidMemCuda::AllocateOutputBuffers(uint32_t)’:
./src/NvEncoder/NvEncoderCuda.h:46:70: error: ‘NV_ENC_ERR_GENERIC’ was not declared in this scope
   46 |             throw NVENCException::makeNVENCException(errorLog.str(), NV_ENC_ERR_GENERIC, __FUNCTION__, __FILE__, __LINE__);      \
      |                                                                      ^~~~~~~~~~~~~~~~~~
src/NvEncoder/NvEncoderOutputInVidMemCuda.cpp:79:5: note: in expansion of macro ‘CUDA_DRVAPI_CALL’
   79 |     CUDA_DRVAPI_CALL(cuCtxPushCurrent(m_cuContext));
      |     ^~~~~~~~~~~~~~~~
In file included from ./src/NvEncoder/NvEncoderCuda.h:34,
                 from ./src/NvEncoder/NvEncoderOutputInVidMemCuda.h:38,
                 from src/NvEncoder/NvEncoderOutputInVidMemCuda.cpp:28:
src/NvEncoder/NvEncoderOutputInVidMemCuda.cpp:88:52: error: ‘NV_ENC_ERR_OUT_OF_MEMORY’ was not declared in this scope; did you mean ‘CUDA_ERROR_OUT_OF_MEMORY’?
   88 |             NVENC_THROW_ERROR("cuMemAlloc Failed", NV_ENC_ERR_OUT_OF_MEMORY);
      |                                                    ^~~~~~~~~~~~~~~~~~~~~~~~
./src/NvEncoder/NvEncoder.h:72:60: note: in definition of macro ‘NVENC_THROW_ERROR’
   72 |         throw NVENCException::makeNVENCException(errorStr, errorCode, __FUNCTION__, __FILE__, __LINE__); \
      |                                                            ^~~~~~~~~
src/NvEncoder/NvEncoderOutputInVidMemCuda.cpp:91:26: error: request for member ‘push_back’ in ‘((NvEncoderOutputInVidMemCuda*)this)->NvEncoderOutputInVidMemCuda::m_pOutputBuffers’, which is of non-class type ‘int’
   91 |         m_pOutputBuffers.push_back((NV_ENC_OUTPUT_PTR)pDeviceFrame);
      |                          ^~~~~~~~~
src/NvEncoder/NvEncoderOutputInVidMemCuda.cpp:91:37: error: ‘NV_ENC_OUTPUT_PTR’ was not declared in this scope
   91 |         m_pOutputBuffers.push_back((NV_ENC_OUTPUT_PTR)pDeviceFrame);
      |                                     ^~~~~~~~~~~~~~~~~
In file included from ./src/NvEncoder/NvEncoderOutputInVidMemCuda.h:38,
                 from src/NvEncoder/NvEncoderOutputInVidMemCuda.cpp:28:
./src/NvEncoder/NvEncoderCuda.h:46:70: error: ‘NV_ENC_ERR_GENERIC’ was not declared in this scope
   46 |             throw NVENCException::makeNVENCException(errorLog.str(), NV_ENC_ERR_GENERIC, __FUNCTION__, __FILE__, __LINE__);      \
      |                                                                      ^~~~~~~~~~~~~~~~~~
src/NvEncoder/NvEncoderOutputInVidMemCuda.cpp:94:5: note: in expansion of macro ‘CUDA_DRVAPI_CALL’
   94 |     CUDA_DRVAPI_CALL(cuCtxPopCurrent(NULL));
      |     ^~~~~~~~~~~~~~~~
src/NvEncoder/NvEncoderOutputInVidMemCuda.cpp: In member function ‘void NvEncoderOutputInVidMemCuda::ReleaseOutputBuffers()’:
src/NvEncoder/NvEncoderOutputInVidMemCuda.cpp:108:47: error: request for member ‘size’ in ‘((NvEncoderOutputInVidMemCuda*)this)->NvEncoderOutputInVidMemCuda::m_pOutputBuffers’, which is of non-class type ‘int’
  108 |     for (uint32_t i = 0; i < m_pOutputBuffers.size(); ++i)
      |                                               ^~~~
src/NvEncoder/NvEncoderOutputInVidMemCuda.cpp:110:65: error: invalid types ‘int[uint32_t {aka unsigned int}]’ for array subscript
  110 |         cuMemFree(reinterpret_cast<CUdeviceptr>(m_pOutputBuffers[i]));
      |                                                                 ^
src/NvEncoder/NvEncoderOutputInVidMemCuda.cpp:113:22: error: request for member ‘clear’ in ‘((NvEncoderOutputInVidMemCuda*)this)->NvEncoderOutputInVidMemCuda::m_pOutputBuffers’, which is of non-class type ‘int’
  113 |     m_pOutputBuffers.clear();
      |                      ^~~~~
src/NvEncoder/NvEncoderOutputInVidMemCuda.cpp: In member function ‘void NvEncoderOutputInVidMemCuda::RegisterOutputResources(uint32_t)’:
src/NvEncoder/NvEncoderOutputInVidMemCuda.cpp:118:5: error: ‘NV_ENC_BUFFER_USAGE’ was not declared in this scope
  118 |     NV_ENC_BUFFER_USAGE bufferUsage = m_bMotionEstimationOnly? NV_ENC_OUTPUT_MOTION_VECTOR : NV_ENC_OUTPUT_BITSTREAM;
      |     ^~~~~~~~~~~~~~~~~~~
src/NvEncoder/NvEncoderOutputInVidMemCuda.cpp:120:47: error: request for member ‘size’ in ‘((NvEncoderOutputInVidMemCuda*)this)->NvEncoderOutputInVidMemCuda::m_pOutputBuffers’, which is of non-class type ‘int’
  120 |     for (uint32_t i = 0; i < m_pOutputBuffers.size(); ++i)
      |                                               ^~~~
src/NvEncoder/NvEncoderOutputInVidMemCuda.cpp:122:29: error: invalid types ‘int[uint32_t {aka unsigned int}]’ for array subscript
  122 |         if (m_pOutputBuffers[i])
      |                             ^
src/NvEncoder/NvEncoderOutputInVidMemCuda.cpp:124:13: error: ‘NV_ENC_REGISTERED_PTR’ was not declared in this scope
  124 |             NV_ENC_REGISTERED_PTR registeredPtr = RegisterResource((void *)m_pOutputBuffers[i],
      |             ^~~~~~~~~~~~~~~~~~~~~
src/NvEncoder/NvEncoderOutputInVidMemCuda.cpp:128:48: error: request for member ‘push_back’ in ‘((NvEncoderOutputInVidMemCuda*)this)->NvEncoderOutputInVidMemCuda::m_vRegisteredResourcesOutputBuffer’, which is of non-class type ‘int’
  128 |             m_vRegisteredResourcesOutputBuffer.push_back(registeredPtr);
      |                                                ^~~~~~~~~
src/NvEncoder/NvEncoderOutputInVidMemCuda.cpp:128:58: error: ‘registeredPtr’ was not declared in this scope; did you mean ‘register_t’?
  128 |             m_vRegisteredResourcesOutputBuffer.push_back(registeredPtr);
      |                                                          ^~~~~~~~~~~~~
      |                                                          register_t
src/NvEncoder/NvEncoderOutputInVidMemCuda.cpp: In member function ‘void NvEncoderOutputInVidMemCuda::UnregisterOutputResources()’:
src/NvEncoder/NvEncoderOutputInVidMemCuda.cpp:135:53: error: request for member ‘size’ in ‘((NvEncoderOutputInVidMemCuda*)this)->NvEncoderOutputInVidMemCuda::m_vMappedOutputBuffers’, which is of non-class type ‘int’
  135 |     for (uint32_t i = 0; i < m_vMappedOutputBuffers.size(); ++i)
      |                                                     ^~~~
src/NvEncoder/NvEncoderOutputInVidMemCuda.cpp:137:35: error: invalid types ‘int[uint32_t {aka unsigned int}]’ for array subscript
  137 |         if (m_vMappedOutputBuffers[i])
      |                                   ^
src/NvEncoder/NvEncoderOutputInVidMemCuda.cpp:139:13: error: ‘m_nvenc’ was not declared in this scope
  139 |             m_nvenc.nvEncUnmapInputResource(m_hEncoder, m_vMappedOutputBuffers[i]);
      |             ^~~~~~~
src/NvEncoder/NvEncoderOutputInVidMemCuda.cpp:139:79: error: invalid types ‘int[uint32_t {aka unsigned int}]’ for array subscript
  139 |             m_nvenc.nvEncUnmapInputResource(m_hEncoder, m_vMappedOutputBuffers[i]);
      |                                                                               ^
src/NvEncoder/NvEncoderOutputInVidMemCuda.cpp:142:28: error: request for member ‘clear’ in ‘((NvEncoderOutputInVidMemCuda*)this)->NvEncoderOutputInVidMemCuda::m_vMappedOutputBuffers’, which is of non-class type ‘int’
  142 |     m_vMappedOutputBuffers.clear();
      |                            ^~~~~
src/NvEncoder/NvEncoderOutputInVidMemCuda.cpp:144:65: error: request for member ‘size’ in ‘((NvEncoderOutputInVidMemCuda*)this)->NvEncoderOutputInVidMemCuda::m_vRegisteredResourcesOutputBuffer’, which is of non-class type ‘int’
  144 |     for (uint32_t i = 0; i < m_vRegisteredResourcesOutputBuffer.size(); ++i)
      |                                                                 ^~~~
src/NvEncoder/NvEncoderOutputInVidMemCuda.cpp:146:47: error: invalid types ‘int[uint32_t {aka unsigned int}]’ for array subscript
  146 |         if (m_vRegisteredResourcesOutputBuffer[i])
      |                                               ^
src/NvEncoder/NvEncoderOutputInVidMemCuda.cpp:148:13: error: ‘m_nvenc’ was not declared in this scope
  148 |             m_nvenc.nvEncUnregisterResource(m_hEncoder, m_vRegisteredResourcesOutputBuffer[i]);
      |             ^~~~~~~
src/NvEncoder/NvEncoderOutputInVidMemCuda.cpp:148:91: error: invalid types ‘int[uint32_t {aka unsigned int}]’ for array subscript
  148 |             m_nvenc.nvEncUnregisterResource(m_hEncoder, m_vRegisteredResourcesOutputBuffer[i]);
      |                                                                                           ^
src/NvEncoder/NvEncoderOutputInVidMemCuda.cpp:152:40: error: request for member ‘clear’ in ‘((NvEncoderOutputInVidMemCuda*)this)->NvEncoderOutputInVidMemCuda::m_vRegisteredResourcesOutputBuffer’, which is of non-class type ‘int’
  152 |     m_vRegisteredResourcesOutputBuffer.clear();
      |                                        ^~~~~
src/NvEncoder/NvEncoderOutputInVidMemCuda.cpp: At global scope:
src/NvEncoder/NvEncoderOutputInVidMemCuda.cpp:155:55: error: ‘NV_ENC_INITIALIZE_PARAMS’ does not name a type
  155 | void NvEncoderOutputInVidMemCuda::CreateEncoder(const NV_ENC_INITIALIZE_PARAMS* pEncoderParams)
      |                                                       ^~~~~~~~~~~~~~~~~~~~~~~~
src/NvEncoder/NvEncoderOutputInVidMemCuda.cpp: In member function ‘virtual void NvEncoderOutputInVidMemCuda::CreateEncoder(const int*)’:
src/NvEncoder/NvEncoderOutputInVidMemCuda.cpp:161:28: error: request for member ‘resize’ in ‘((NvEncoderOutputInVidMemCuda*)this)->NvEncoderOutputInVidMemCuda::m_vMappedOutputBuffers’, which is of non-class type ‘int’
  161 |     m_vMappedOutputBuffers.resize(m_nEncoderBuffer, nullptr);
      |                            ^~~~~~
src/NvEncoder/NvEncoderOutputInVidMemCuda.cpp: In member function ‘void NvEncoderOutputInVidMemCuda::MapResources(uint32_t)’:
src/NvEncoder/NvEncoderOutputInVidMemCuda.cpp:169:5: error: ‘NV_ENC_MAP_INPUT_RESOURCE’ was not declared in this scope
  169 |     NV_ENC_MAP_INPUT_RESOURCE mapInputResourceBitstreamBuffer = { NV_ENC_MAP_INPUT_RESOURCE_VER };
      |     ^~~~~~~~~~~~~~~~~~~~~~~~~
src/NvEncoder/NvEncoderOutputInVidMemCuda.cpp:170:5: error: ‘mapInputResourceBitstreamBuffer’ was not declared in this scope
  170 |     mapInputResourceBitstreamBuffer.registeredResource = m_vRegisteredResourcesOutputBuffer[bfrIdx];
      |     ^~~~~~~~~~~~~~~~~~~~~~~~~~~~~~~
src/NvEncoder/NvEncoderOutputInVidMemCuda.cpp:170:92: error: invalid types ‘int[uint32_t {aka unsigned int}]’ for array subscript
  170 |     mapInputResourceBitstreamBuffer.registeredResource = m_vRegisteredResourcesOutputBuffer[bfrIdx];
      |                                                                                            ^
In file included from ./src/NvEncoder/NvEncoderCuda.h:34,
                 from ./src/NvEncoder/NvEncoderOutputInVidMemCuda.h:38,
                 from src/NvEncoder/NvEncoderOutputInVidMemCuda.cpp:28:
./src/NvEncoder/NvEncoder.h:79:9: error: ‘NVENCSTATUS’ was not declared in this scope
   79 |         NVENCSTATUS errorCode = nvencAPI;                                                                          \
      |         ^~~~~~~~~~~
src/NvEncoder/NvEncoderOutputInVidMemCuda.cpp:171:5: note: in expansion of macro ‘NVENC_API_CALL’
  171 |     NVENC_API_CALL(m_nvenc.nvEncMapInputResource(m_hEncoder, &mapInputResourceBitstreamBuffer));
      |     ^~~~~~~~~~~~~~
./src/NvEncoder/NvEncoder.h:80:13: error: ‘errorCode’ was not declared in this scope
   80 |         if( errorCode != NV_ENC_SUCCESS)                                                                           \
      |             ^~~~~~~~~
src/NvEncoder/NvEncoderOutputInVidMemCuda.cpp:171:5: note: in expansion of macro ‘NVENC_API_CALL’
  171 |     NVENC_API_CALL(m_nvenc.nvEncMapInputResource(m_hEncoder, &mapInputResourceBitstreamBuffer));
      |     ^~~~~~~~~~~~~~
./src/NvEncoder/NvEncoder.h:80:26: error: ‘NV_ENC_SUCCESS’ was not declared in this scope
   80 |         if( errorCode != NV_ENC_SUCCESS)                                                                           \
      |                          ^~~~~~~~~~~~~~
src/NvEncoder/NvEncoderOutputInVidMemCuda.cpp:171:5: note: in expansion of macro ‘NVENC_API_CALL’
  171 |     NVENC_API_CALL(m_nvenc.nvEncMapInputResource(m_hEncoder, &mapInputResourceBitstreamBuffer));
      |     ^~~~~~~~~~~~~~
src/NvEncoder/NvEncoderOutputInVidMemCuda.cpp:172:27: error: invalid types ‘int[uint32_t {aka unsigned int}]’ for array subscript
  172 |     m_vMappedOutputBuffers[bfrIdx] = mapInputResourceBitstreamBuffer.mappedResource;
      |                           ^
src/NvEncoder/NvEncoderOutputInVidMemCuda.cpp: At global scope:
src/NvEncoder/NvEncoderOutputInVidMemCuda.cpp:175:59: error: ‘NV_ENC_OUTPUT_PTR’ was not declared in this scope
  175 | void NvEncoderOutputInVidMemCuda::EncodeFrame(std::vector<NV_ENC_OUTPUT_PTR> &pOutputBuffer, NV_ENC_PIC_PARAMS *pPicParams)
      |                                                           ^~~~~~~~~~~~~~~~~
src/NvEncoder/NvEncoderOutputInVidMemCuda.cpp:175:76: error: template argument 1 is invalid
  175 | void NvEncoderOutputInVidMemCuda::EncodeFrame(std::vector<NV_ENC_OUTPUT_PTR> &pOutputBuffer, NV_ENC_PIC_PARAMS *pPicParams)
      |                                                                            ^
src/NvEncoder/NvEncoderOutputInVidMemCuda.cpp:175:76: error: template argument 2 is invalid
src/NvEncoder/NvEncoderOutputInVidMemCuda.cpp:175:94: error: ‘NV_ENC_PIC_PARAMS’ has not been declared
  175 | void NvEncoderOutputInVidMemCuda::EncodeFrame(std::vector<NV_ENC_OUTPUT_PTR> &pOutputBuffer, NV_ENC_PIC_PARAMS *pPicParams)
      |                                                                                              ^~~~~~~~~~~~~~~~~
src/NvEncoder/NvEncoderOutputInVidMemCuda.cpp: In member function ‘void NvEncoderOutputInVidMemCuda::EncodeFrame(int&, int*)’:
src/NvEncoder/NvEncoderOutputInVidMemCuda.cpp:177:19: error: request for member ‘clear’ in ‘pOutputBuffer’, which is of non-class type ‘int’
  177 |     pOutputBuffer.clear();
      |                   ^~~~~
In file included from ./src/NvEncoder/NvEncoderCuda.h:34,
                 from ./src/NvEncoder/NvEncoderOutputInVidMemCuda.h:38,
                 from src/NvEncoder/NvEncoderOutputInVidMemCuda.cpp:28:
src/NvEncoder/NvEncoderOutputInVidMemCuda.cpp:180:55: error: ‘NV_ENC_ERR_NO_ENCODE_DEVICE’ was not declared in this scope
  180 |         NVENC_THROW_ERROR("Encoder device not found", NV_ENC_ERR_NO_ENCODE_DEVICE);
      |                                                       ^~~~~~~~~~~~~~~~~~~~~~~~~~~
./src/NvEncoder/NvEncoder.h:72:60: note: in definition of macro ‘NVENC_THROW_ERROR’
   72 |         throw NVENCException::makeNVENCException(errorStr, errorCode, __FUNCTION__, __FILE__, __LINE__); \
      |                                                            ^~~~~~~~~
src/NvEncoder/NvEncoderOutputInVidMemCuda.cpp:187:5: error: ‘NVENCSTATUS’ was not declared in this scope
  187 |     NVENCSTATUS nvStatus = DoEncode(m_vMappedInputBuffers[bfrIdx], m_vMappedOutputBuffers[bfrIdx], pPicParams);
      |     ^~~~~~~~~~~
src/NvEncoder/NvEncoderOutputInVidMemCuda.cpp:189:9: error: ‘nvStatus’ was not declared in this scope
  189 |     if (nvStatus == NV_ENC_SUCCESS || nvStatus == NV_ENC_ERR_NEED_MORE_INPUT)
      |         ^~~~~~~~
src/NvEncoder/NvEncoderOutputInVidMemCuda.cpp:189:21: error: ‘NV_ENC_SUCCESS’ was not declared in this scope
  189 |     if (nvStatus == NV_ENC_SUCCESS || nvStatus == NV_ENC_ERR_NEED_MORE_INPUT)
      |                     ^~~~~~~~~~~~~~
src/NvEncoder/NvEncoderOutputInVidMemCuda.cpp:189:51: error: ‘NV_ENC_ERR_NEED_MORE_INPUT’ was not declared in this scope
  189 |     if (nvStatus == NV_ENC_SUCCESS || nvStatus == NV_ENC_ERR_NEED_MORE_INPUT)
      |                                                   ^~~~~~~~~~~~~~~~~~~~~~~~~~
src/NvEncoder/NvEncoderOutputInVidMemCuda.cpp: At global scope:
src/NvEncoder/NvEncoderOutputInVidMemCuda.cpp:200:57: error: ‘NV_ENC_OUTPUT_PTR’ was not declared in this scope
  200 | void NvEncoderOutputInVidMemCuda::EndEncode(std::vector<NV_ENC_OUTPUT_PTR> &pOutputBuffer)
      |                                                         ^~~~~~~~~~~~~~~~~
src/NvEncoder/NvEncoderOutputInVidMemCuda.cpp:200:74: error: template argument 1 is invalid
  200 | void NvEncoderOutputInVidMemCuda::EndEncode(std::vector<NV_ENC_OUTPUT_PTR> &pOutputBuffer)
      |                                                                          ^
src/NvEncoder/NvEncoderOutputInVidMemCuda.cpp:200:74: error: template argument 2 is invalid
In file included from ./src/NvEncoder/NvEncoderCuda.h:34,
                 from ./src/NvEncoder/NvEncoderOutputInVidMemCuda.h:38,
                 from src/NvEncoder/NvEncoderOutputInVidMemCuda.cpp:28:
src/NvEncoder/NvEncoderOutputInVidMemCuda.cpp: In member function ‘void NvEncoderOutputInVidMemCuda::EndEncode(int&)’:
src/NvEncoder/NvEncoderOutputInVidMemCuda.cpp:204:61: error: ‘NV_ENC_ERR_ENCODER_NOT_INITIALIZED’ was not declared in this scope; did you mean ‘CUDA_ERROR_NOT_INITIALIZED’?
  204 |         NVENC_THROW_ERROR("Encoder device not initialized", NV_ENC_ERR_ENCODER_NOT_INITIALIZED);
      |                                                             ^~~~~~~~~~~~~~~~~~~~~~~~~~~~~~~~~~
./src/NvEncoder/NvEncoder.h:72:60: note: in definition of macro ‘NVENC_THROW_ERROR’
   72 |         throw NVENCException::makeNVENCException(errorStr, errorCode, __FUNCTION__, __FILE__, __LINE__); \
      |                                                            ^~~~~~~~~
src/NvEncoder/NvEncoderOutputInVidMemCuda.cpp: At global scope:
src/NvEncoder/NvEncoderOutputInVidMemCuda.cpp:212:67: error: ‘NV_ENC_OUTPUT_PTR’ was not declared in this scope
  212 | void NvEncoderOutputInVidMemCuda::RunMotionEstimation(std::vector<NV_ENC_OUTPUT_PTR> &pOutputBuffer)
      |                                                                   ^~~~~~~~~~~~~~~~~
src/NvEncoder/NvEncoderOutputInVidMemCuda.cpp:212:84: error: template argument 1 is invalid
  212 | void NvEncoderOutputInVidMemCuda::RunMotionEstimation(std::vector<NV_ENC_OUTPUT_PTR> &pOutputBuffer)
      |                                                                                    ^
src/NvEncoder/NvEncoderOutputInVidMemCuda.cpp:212:84: error: template argument 2 is invalid
src/NvEncoder/NvEncoderOutputInVidMemCuda.cpp: In member function ‘void NvEncoderOutputInVidMemCuda::RunMotionEstimation(int&)’:
src/NvEncoder/NvEncoderOutputInVidMemCuda.cpp:214:19: error: request for member ‘clear’ in ‘pOutputBuffer’, which is of non-class type ‘int’
  214 |     pOutputBuffer.clear();
      |                   ^~~~~
In file included from ./src/NvEncoder/NvEncoderCuda.h:34,
                 from ./src/NvEncoder/NvEncoderOutputInVidMemCuda.h:38,
                 from src/NvEncoder/NvEncoderOutputInVidMemCuda.cpp:28:
src/NvEncoder/NvEncoderOutputInVidMemCuda.cpp:218:60: error: ‘NV_ENC_ERR_NO_ENCODE_DEVICE’ was not declared in this scope
  218 |         NVENC_THROW_ERROR("Encoder Initialization failed", NV_ENC_ERR_NO_ENCODE_DEVICE);
      |                                                            ^~~~~~~~~~~~~~~~~~~~~~~~~~~
./src/NvEncoder/NvEncoder.h:72:60: note: in definition of macro ‘NVENC_THROW_ERROR’
   72 |         throw NVENCException::makeNVENCException(errorStr, errorCode, __FUNCTION__, __FILE__, __LINE__); \
      |                                                            ^~~~~~~~~
src/NvEncoder/NvEncoderOutputInVidMemCuda.cpp:226:5: error: ‘NVENCSTATUS’ was not declared in this scope
  226 |     NVENCSTATUS nvStatus = DoMotionEstimation(m_vMappedInputBuffers[bfrIdx], m_vMappedRefBuffers[bfrIdx], m_vMappedOutputBuffers[bfrIdx]);
      |     ^~~~~~~~~~~
src/NvEncoder/NvEncoderOutputInVidMemCuda.cpp:228:9: error: ‘nvStatus’ was not declared in this scope
  228 |     if (nvStatus == NV_ENC_SUCCESS)
      |         ^~~~~~~~
src/NvEncoder/NvEncoderOutputInVidMemCuda.cpp:228:21: error: ‘NV_ENC_SUCCESS’ was not declared in this scope
  228 |     if (nvStatus == NV_ENC_SUCCESS)
      |                     ^~~~~~~~~~~~~~
src/NvEncoder/NvEncoderOutputInVidMemCuda.cpp: At global scope:
src/NvEncoder/NvEncoderOutputInVidMemCuda.cpp:239:64: error: ‘NV_ENC_OUTPUT_PTR’ was not declared in this scope
  239 | void NvEncoderOutputInVidMemCuda::GetEncodedPacket(std::vector<NV_ENC_OUTPUT_PTR> &pOutputBuffer, bool bOutputDelay)
      |                                                                ^~~~~~~~~~~~~~~~~
src/NvEncoder/NvEncoderOutputInVidMemCuda.cpp:239:81: error: template argument 1 is invalid
  239 | void NvEncoderOutputInVidMemCuda::GetEncodedPacket(std::vector<NV_ENC_OUTPUT_PTR> &pOutputBuffer, bool bOutputDelay)
      |                                                                                 ^
src/NvEncoder/NvEncoderOutputInVidMemCuda.cpp:239:81: error: template argument 2 is invalid
src/NvEncoder/NvEncoderOutputInVidMemCuda.cpp: In member function ‘void NvEncoderOutputInVidMemCuda::GetEncodedPacket(int&, bool)’:
src/NvEncoder/NvEncoderOutputInVidMemCuda.cpp:246:35: error: invalid types ‘int[int32_t {aka int}]’ for array subscript
  246 |         if (m_vMappedOutputBuffers[m_iGot % m_nEncoderBuffer])
      |                                   ^
In file included from ./src/NvEncoder/NvEncoderCuda.h:34,
                 from ./src/NvEncoder/NvEncoderOutputInVidMemCuda.h:38,
                 from src/NvEncoder/NvEncoderOutputInVidMemCuda.cpp:28:
./src/NvEncoder/NvEncoder.h:79:9: error: ‘NVENCSTATUS’ was not declared in this scope
   79 |         NVENCSTATUS errorCode = nvencAPI;                                                                          \
      |         ^~~~~~~~~~~
src/NvEncoder/NvEncoderOutputInVidMemCuda.cpp:248:13: note: in expansion of macro ‘NVENC_API_CALL’
  248 |             NVENC_API_CALL(m_nvenc.nvEncUnmapInputResource(m_hEncoder, m_vMappedOutputBuffers[m_iGot % m_nEncoderBuffer]));
      |             ^~~~~~~~~~~~~~
./src/NvEncoder/NvEncoder.h:80:13: error: ‘errorCode’ was not declared in this scope
   80 |         if( errorCode != NV_ENC_SUCCESS)                                                                           \
      |             ^~~~~~~~~
src/NvEncoder/NvEncoderOutputInVidMemCuda.cpp:248:13: note: in expansion of macro ‘NVENC_API_CALL’
  248 |             NVENC_API_CALL(m_nvenc.nvEncUnmapInputResource(m_hEncoder, m_vMappedOutputBuffers[m_iGot % m_nEncoderBuffer]));
      |             ^~~~~~~~~~~~~~
./src/NvEncoder/NvEncoder.h:80:26: error: ‘NV_ENC_SUCCESS’ was not declared in this scope
   80 |         if( errorCode != NV_ENC_SUCCESS)                                                                           \
      |                          ^~~~~~~~~~~~~~
src/NvEncoder/NvEncoderOutputInVidMemCuda.cpp:248:13: note: in expansion of macro ‘NVENC_API_CALL’
  248 |             NVENC_API_CALL(m_nvenc.nvEncUnmapInputResource(m_hEncoder, m_vMappedOutputBuffers[m_iGot % m_nEncoderBuffer]));
      |             ^~~~~~~~~~~~~~
src/NvEncoder/NvEncoderOutputInVidMemCuda.cpp:249:35: error: invalid types ‘int[int32_t {aka int}]’ for array subscript
  249 |             m_vMappedOutputBuffers[m_iGot % m_nEncoderBuffer] = nullptr;
      |                                   ^
src/NvEncoder/NvEncoderOutputInVidMemCuda.cpp:252:34: error: invalid types ‘int[int32_t {aka int}]’ for array subscript
  252 |         if (m_vMappedInputBuffers[m_iGot % m_nEncoderBuffer])
      |                                  ^
In file included from ./src/NvEncoder/NvEncoderCuda.h:34,
                 from ./src/NvEncoder/NvEncoderOutputInVidMemCuda.h:38,
                 from src/NvEncoder/NvEncoderOutputInVidMemCuda.cpp:28:
./src/NvEncoder/NvEncoder.h:79:9: error: ‘NVENCSTATUS’ was not declared in this scope
   79 |         NVENCSTATUS errorCode = nvencAPI;                                                                          \
      |         ^~~~~~~~~~~
src/NvEncoder/NvEncoderOutputInVidMemCuda.cpp:254:13: note: in expansion of macro ‘NVENC_API_CALL’
  254 |             NVENC_API_CALL(m_nvenc.nvEncUnmapInputResource(m_hEncoder, m_vMappedInputBuffers[m_iGot % m_nEncoderBuffer]));
      |             ^~~~~~~~~~~~~~
./src/NvEncoder/NvEncoder.h:80:13: error: ‘errorCode’ was not declared in this scope
   80 |         if( errorCode != NV_ENC_SUCCESS)                                                                           \
      |             ^~~~~~~~~
src/NvEncoder/NvEncoderOutputInVidMemCuda.cpp:254:13: note: in expansion of macro ‘NVENC_API_CALL’
  254 |             NVENC_API_CALL(m_nvenc.nvEncUnmapInputResource(m_hEncoder, m_vMappedInputBuffers[m_iGot % m_nEncoderBuffer]));
      |             ^~~~~~~~~~~~~~
./src/NvEncoder/NvEncoder.h:80:26: error: ‘NV_ENC_SUCCESS’ was not declared in this scope
   80 |         if( errorCode != NV_ENC_SUCCESS)                                                                           \
      |                          ^~~~~~~~~~~~~~
src/NvEncoder/NvEncoderOutputInVidMemCuda.cpp:254:13: note: in expansion of macro ‘NVENC_API_CALL’
  254 |             NVENC_API_CALL(m_nvenc.nvEncUnmapInputResource(m_hEncoder, m_vMappedInputBuffers[m_iGot % m_nEncoderBuffer]));
      |             ^~~~~~~~~~~~~~
src/NvEncoder/NvEncoderOutputInVidMemCuda.cpp:255:34: error: invalid types ‘int[int32_t {aka int}]’ for array subscript
  255 |             m_vMappedInputBuffers[m_iGot % m_nEncoderBuffer] = nullptr;
      |                                  ^
src/NvEncoder/NvEncoderOutputInVidMemCuda.cpp:258:59: error: invalid types ‘int[int32_t {aka int}]’ for array subscript
  258 |         if (m_bMotionEstimationOnly && m_vMappedRefBuffers[m_iGot % m_nEncoderBuffer])
      |                                                           ^
In file included from ./src/NvEncoder/NvEncoderCuda.h:34,
                 from ./src/NvEncoder/NvEncoderOutputInVidMemCuda.h:38,
                 from src/NvEncoder/NvEncoderOutputInVidMemCuda.cpp:28:
./src/NvEncoder/NvEncoder.h:79:9: error: ‘NVENCSTATUS’ was not declared in this scope
   79 |         NVENCSTATUS errorCode = nvencAPI;                                                                          \
      |         ^~~~~~~~~~~
src/NvEncoder/NvEncoderOutputInVidMemCuda.cpp:260:13: note: in expansion of macro ‘NVENC_API_CALL’
  260 |             NVENC_API_CALL(m_nvenc.nvEncUnmapInputResource(m_hEncoder, m_vMappedRefBuffers[m_iGot % m_nEncoderBuffer]));
      |             ^~~~~~~~~~~~~~
./src/NvEncoder/NvEncoder.h:80:13: error: ‘errorCode’ was not declared in this scope
   80 |         if( errorCode != NV_ENC_SUCCESS)                                                                           \
      |             ^~~~~~~~~
src/NvEncoder/NvEncoderOutputInVidMemCuda.cpp:260:13: note: in expansion of macro ‘NVENC_API_CALL’
  260 |             NVENC_API_CALL(m_nvenc.nvEncUnmapInputResource(m_hEncoder, m_vMappedRefBuffers[m_iGot % m_nEncoderBuffer]));
      |             ^~~~~~~~~~~~~~
./src/NvEncoder/NvEncoder.h:80:26: error: ‘NV_ENC_SUCCESS’ was not declared in this scope
   80 |         if( errorCode != NV_ENC_SUCCESS)                                                                           \
      |                          ^~~~~~~~~~~~~~
src/NvEncoder/NvEncoderOutputInVidMemCuda.cpp:260:13: note: in expansion of macro ‘NVENC_API_CALL’
  260 |             NVENC_API_CALL(m_nvenc.nvEncUnmapInputResource(m_hEncoder, m_vMappedRefBuffers[m_iGot % m_nEncoderBuffer]));
      |             ^~~~~~~~~~~~~~
src/NvEncoder/NvEncoderOutputInVidMemCuda.cpp:261:32: error: invalid types ‘int[int32_t {aka int}]’ for array subscript
  261 |             m_vMappedRefBuffers[m_iGot % m_nEncoderBuffer] = nullptr;
      |                                ^
src/NvEncoder/NvEncoderOutputInVidMemCuda.cpp:264:23: error: request for member ‘push_back’ in ‘pOutputBuffer’, which is of non-class type ‘int’
  264 |         pOutputBuffer.push_back(m_pOutputBuffers[(m_iGot % m_nEncoderBuffer)]);
      |                       ^~~~~~~~~
src/NvEncoder/NvEncoderOutputInVidMemCuda.cpp:264:49: error: invalid types ‘int[int32_t {aka int}]’ for array subscript
  264 |         pOutputBuffer.push_back(m_pOutputBuffers[(m_iGot % m_nEncoderBuffer)]);
      |                                                 ^
src/NvEncoder/NvEncoderOutputInVidMemCuda.cpp: In member function ‘void NvEncoderOutputInVidMemCuda::FlushEncoder()’:
src/NvEncoder/NvEncoderOutputInVidMemCuda.cpp:279:21: error: ‘NV_ENC_OUTPUT_PTR’ was not declared in this scope
  279 |         std::vector<NV_ENC_OUTPUT_PTR> pOutputBuffer;
      |                     ^~~~~~~~~~~~~~~~~
src/NvEncoder/NvEncoderOutputInVidMemCuda.cpp:279:38: error: template argument 1 is invalid
  279 |         std::vector<NV_ENC_OUTPUT_PTR> pOutputBuffer;
      |                                      ^
src/NvEncoder/NvEncoderOutputInVidMemCuda.cpp:279:38: error: template argument 2 is invalid
In file included from ./src/NvEncoder/NvEncoderOutputInVidMemD3D11.h:38,
                 from src/NvEncoder/NvEncoderOutputInVidMemD3D11.cpp:29:
./src/NvEncoder/NvEncoderD3D11.h:34:10: fatal error: d3d11.h: No such file or directory
   34 | #include <d3d11.h>
      |          ^~~~~~~~~
compilation terminated.
[0;31mError: Compilation and linking failed[0m
